
> brahmin-soulmate-connect@1.0.0 build
> vite build

[36mvite v5.4.21 [32mbuilding for production...[36m[39m
transforming...
node.exe : Browserslist: browsers data (caniuse-lite) is 18 months old. Please run:
At C:\nvm4w\nodejs\npm.ps1:29 char:3
+   & $NODE_EXE $NPM_CLI_JS $args
+   ~~~~~~~~~~~~~~~~~~~~~~~~~~~~~
    + CategoryInfo          : NotSpecified: (Browserslist: b...ld. Please run::String) [], Rem 
   oteException
    + FullyQualifiedErrorId : NativeCommandError
 
  npx update-browserslist-db@latest
  Why you should do it regularly: https://github.com/browserslist/update-db#readme
[32mΓ£ô[39m 4217 modules transformed.
rendering chunks...
computing gzip size...
[2mdist/[22m[32mindex.html                                [39m[1m[2m  3.16 kB[22m[1m[22m[2m Γöé gzip:   1.19 kB[22m
[2mdist/[22m[35massets/index-Bt4XMX6D.css                 [39m[1m[2m148.52 kB[22m[1m[22m[2m Γöé gzip:  22.25 kB[22m
[2mdist/[22m[36massets/collapsible-CRchYAO9.js            [39m[1m[2m  0.15 kB[22m[1m[22m[2m Γöé gzip:   0.15 kB[22m[2m Γöé map:     0.68 kB[22m
[2mdist/[22m[36massets/constants-B5nzPM6J.js              [39m[1m[2m  0.30 kB[22m[1m[22m[2m Γöé gzip:   0.24 kB[22m[2m Γöé map:     0.75 kB[22m
[2mdist/[22m[36massets/check-B-JQ38Av.js                  [39m[1m[2m  0.33 kB[22m[1m[22m[2m Γöé gzip:   0.28 kB[22m[2m Γöé map:     0.73 kB[22m
[2mdist/[22m[36massets/chevron-down-D4ClIamN.js           [39m[1m[2m  0.35 kB[22m[1m[22m[2m Γöé gzip:   0.28 kB[22m[2m Γöé map:     0.78 kB[22m
[2mdist/[22m[36massets/chevron-left-V6qN0d_y.js           [39m[1m[2m  0.35 kB[22m[1m[22m[2m Γöé gzip:   0.28 kB[22m[2m Γöé map:     0.79 kB[22m
[2mdist/[22m[36massets/chevron-right-BuMgeoe2.js          [39m[1m[2m  0.35 kB[22m[1m[22m[2m Γöé gzip:   0.28 kB[22m[2m Γöé map:     0.79 kB[22m
[2mdist/[22m[36massets/plus-CTPsQbiK.js                   [39m[1m[2m  0.36 kB[22m[1m[22m[2m Γöé gzip:   0.29 kB[22m[2m Γöé map:     0.82 kB[22m
[2mdist/[22m[36massets/filter-BgCWxYZk.js                 [39m[1m[2m  0.37 kB[22m[1m[22m[2m Γöé gzip:   0.30 kB[22m[2m Γöé map:     0.78 kB[22m
[2mdist/[22m[36massets/arrow-right-CUypK00v.js            [39m[1m[2m  0.38 kB[22m[1m[22m[2m Γöé gzip:   0.30 kB[22m[2m Γöé map:     0.88 kB[22m
[2mdist/[22m[36massets/clock-BBqd3fr8.js                  [39m[1m[2m  0.39 kB[22m[1m[22m[2m Γöé gzip:   0.31 kB[22m[2m Γöé map:     0.89 kB[22m
[2mdist/[22m[36massets/circle-check-0ozMJNZQ.js           [39m[1m[2m  0.39 kB[22m[1m[22m[2m Γöé gzip:   0.31 kB[22m[2m Γöé map:     0.92 kB[22m
[2mdist/[22m[36massets/circle-check-big-DKu3kJy3.js       [39m[1m[2m  0.41 kB[22m[1m[22m[2m Γöé gzip:   0.32 kB[22m[2m Γöé map:     0.94 kB[22m
[2mdist/[22m[36massets/circle-x-BEFDj0Lw.js               [39m[1m[2m  0.42 kB[22m[1m[22m[2m Γöé gzip:   0.31 kB[22m[2m Γöé map:     0.98 kB[22m
[2mdist/[22m[36massets/lock-oMEsGhod.js                   [39m[1m[2m  0.42 kB[22m[1m[22m[2m Γöé gzip:   0.33 kB[22m[2m Γöé map:     0.94 kB[22m
[2mdist/[22m[36massets/credit-card-nZpxwZvt.js            [39m[1m[2m  0.42 kB[22m[1m[22m[2m Γöé gzip:   0.33 kB[22m[2m Γöé map:     1.01 kB[22m
[2mdist/[22m[36massets/mail-9XRlF6-p.js                   [39m[1m[2m  0.43 kB[22m[1m[22m[2m Γöé gzip:   0.34 kB[22m[2m Γöé map:     0.94 kB[22m
[2mdist/[22m[36massets/dollar-sign-BrbJOwRp.js            [39m[1m[2m  0.44 kB[22m[1m[22m[2m Γöé gzip:   0.33 kB[22m[2m Γöé map:     0.97 kB[22m
[2mdist/[22m[36massets/briefcase-7E8g0cRJ.js              [39m[1m[2m  0.44 kB[22m[1m[22m[2m Γöé gzip:   0.33 kB[22m[2m Γöé map:     0.98 kB[22m
[2mdist/[22m[36massets/textarea-DIaCrD6e.js               [39m[1m[2m  0.44 kB[22m[1m[22m[2m Γöé gzip:   0.34 kB[22m[2m Γöé map:     0.97 kB[22m
[2mdist/[22m[36massets/ellipsis-vertical-C74FcVRo.js      [39m[1m[2m  0.45 kB[22m[1m[22m[2m Γöé gzip:   0.31 kB[22m[2m Γöé map:     1.11 kB[22m
[2mdist/[22m[36massets/video-Cr32kCrV.js                  [39m[1m[2m  0.46 kB[22m[1m[22m[2m Γöé gzip:   0.35 kB[22m[2m Γöé map:     1.02 kB[22m
[2mdist/[22m[36massets/eye-CEg5FpyR.js                    [39m[1m[2m  0.46 kB[22m[1m[22m[2m Γöé gzip:   0.33 kB[22m[2m Γöé map:     0.98 kB[22m
[2mdist/[22m[36massets/map-pin-CgNzDonD.js                [39m[1m[2m  0.47 kB[22m[1m[22m[2m Γöé gzip:   0.36 kB[22m[2m Γöé map:     1.00 kB[22m
[2mdist/[22m[36massets/circle-alert-YQPg82zk.js           [39m[1m[2m  0.47 kB[22m[1m[22m[2m Γöé gzip:   0.33 kB[22m[2m Γöé map:     1.13 kB[22m
[2mdist/[22m[36massets/upload-BVOOwjZV.js                 [39m[1m[2m  0.47 kB[22m[1m[22m[2m Γöé gzip:   0.35 kB[22m[2m Γöé map:     1.05 kB[22m
[2mdist/[22m[36massets/log-out-Cspjs5v0.js                [39m[1m[2m  0.47 kB[22m[1m[22m[2m Γöé gzip:   0.35 kB[22m[2m Γöé map:     1.05 kB[22m
[2mdist/[22m[36massets/zap-Bybc07KH.js                    [39m[1m[2m  0.47 kB[22m[1m[22m[2m Γöé gzip:   0.35 kB[22m[2m Γöé map:     0.90 kB[22m
[2mdist/[22m[36massets/book-open-GHzFjegx.js              [39m[1m[2m  0.49 kB[22m[1m[22m[2m Γöé gzip:   0.35 kB[22m[2m Γöé map:     1.01 kB[22m
[2mdist/[22m[36massets/shield-check-P9BYnuwg.js           [39m[1m[2m  0.54 kB[22m[1m[22m[2m Γöé gzip:   0.39 kB[22m[2m Γöé map:     1.07 kB[22m
[2mdist/[22m[36massets/form-field-O1O0W5um.js             [39m[1m[2m  0.54 kB[22m[1m[22m[2m Γöé gzip:   0.35 kB[22m[2m Γöé map:     1.35 kB[22m
[2mdist/[22m[36massets/graduation-cap-gsrG76MI.js         [39m[1m[2m  0.55 kB[22m[1m[22m[2m Γöé gzip:   0.39 kB[22m[2m Γöé map:     1.16 kB[22m
[2mdist/[22m[36massets/input-DGQEmnpV.js                  [39m[1m[2m  0.56 kB[22m[1m[22m[2m Γöé gzip:   0.39 kB[22m[2m Γöé map:     1.07 kB[22m
[2mdist/[22m[36massets/share-2-B81XTcAn.js                [39m[1m[2m  0.57 kB[22m[1m[22m[2m Γöé gzip:   0.37 kB[22m[2m Γöé map:     1.38 kB[22m
[2mdist/[22m[36massets/trash-2-cDN6tHlL.js                [39m[1m[2m  0.57 kB[22m[1m[22m[2m Γöé gzip:   0.38 kB[22m[2m Γöé map:     1.32 kB[22m
[2mdist/[22m[36massets/crown-s3kvfnA3.js                  [39m[1m[2m  0.57 kB[22m[1m[22m[2m Γöé gzip:   0.39 kB[22m[2m Γöé map:     1.07 kB[22m
[2mdist/[22m[36massets/index-DoJNcli0.js                  [39m[1m[2m  0.59 kB[22m[1m[22m[2m Γöé gzip:   0.39 kB[22m[2m Γöé map:     2.35 kB[22m
[2mdist/[22m[36massets/phone-19q_mZWw.js                  [39m[1m[2m  0.61 kB[22m[1m[22m[2m Γöé gzip:   0.39 kB[22m[2m Γöé map:     1.04 kB[22m
[2mdist/[22m[36massets/index-D_67_AUY.js                  [39m[1m[2m  0.63 kB[22m[1m[22m[2m Γöé gzip:   0.44 kB[22m[2m Γöé map:     2.39 kB[22m
[2mdist/[22m[36massets/eye-off-DtinHJLy.js                [39m[1m[2m  0.64 kB[22m[1m[22m[2m Γöé gzip:   0.41 kB[22m[2m Γöé map:     1.31 kB[22m
[2mdist/[22m[36massets/label-D7ota50j.js                  [39m[1m[2m  0.66 kB[22m[1m[22m[2m Γöé gzip:   0.44 kB[22m[2m Γöé map:     2.41 kB[22m
[2mdist/[22m[36massets/index-CPADVkne.js                  [39m[1m[2m  0.69 kB[22m[1m[22m[2m Γöé gzip:   0.45 kB[22m[2m Γöé map:     3.72 kB[22m
[2mdist/[22m[36massets/sparkles-F1hXl_PZ.js               [39m[1m[2m  0.72 kB[22m[1m[22m[2m Γöé gzip:   0.44 kB[22m[2m Γöé map:     1.42 kB[22m
[2mdist/[22m[36massets/badge-C5byXXrx.js                  [39m[1m[2m  0.77 kB[22m[1m[22m[2m Γöé gzip:   0.42 kB[22m[2m Γöé map:     1.81 kB[22m
[2mdist/[22m[36massets/target-BFMzHV9q.js                 [39m[1m[2m  0.80 kB[22m[1m[22m[2m Γöé gzip:   0.40 kB[22m[2m Γöé map:     1.89 kB[22m
[2mdist/[22m[36massets/mic-mtjapRF3.js                    [39m[1m[2m  0.90 kB[22m[1m[22m[2m Γöé gzip:   0.45 kB[22m[2m Γöé map:     2.11 kB[22m
[2mdist/[22m[36massets/settings-Bo6a--Z4.js               [39m[1m[2m  0.94 kB[22m[1m[22m[2m Γöé gzip:   0.48 kB[22m[2m Γöé map:     1.48 kB[22m
[2mdist/[22m[36massets/use-toast-Cud0TyiG.js              [39m[1m[2m  1.26 kB[22m[1m[22m[2m Γöé gzip:   0.68 kB[22m[2m Γöé map:     6.42 kB[22m
[2mdist/[22m[36massets/ListFilters-BsK_OE-J.js            [39m[1m[2m  1.83 kB[22m[1m[22m[2m Γöé gzip:   0.92 kB[22m[2m Γöé map:     4.94 kB[22m
[2mdist/[22m[36massets/base-DP39b3td.js                   [39m[1m[2m  1.86 kB[22m[1m[22m[2m Γöé gzip:   1.04 kB[22m[2m Γöé map:     8.34 kB[22m
[2mdist/[22m[36massets/callback-BCQWm0F6.js               [39m[1m[2m  1.91 kB[22m[1m[22m[2m Γöé gzip:   0.87 kB[22m[2m Γöé map:     4.61 kB[22m
[2mdist/[22m[36massets/interests.service-BS7Mz5yb.js      [39m[1m[2m  2.01 kB[22m[1m[22m[2m Γöé gzip:   0.59 kB[22m[2m Γöé map:     7.00 kB[22m
[2mdist/[22m[36massets/FreeVsPaid-B55qTBB-.js             [39m[1m[2m  2.13 kB[22m[1m[22m[2m Γöé gzip:   0.84 kB[22m[2m Γöé map:     4.73 kB[22m
[2mdist/[22m[36massets/ResetPassword-BvwZdJzf.js          [39m[1m[2m  2.14 kB[22m[1m[22m[2m Γöé gzip:   0.96 kB[22m[2m Γöé map:     5.33 kB[22m
[2mdist/[22m[36massets/index-CnjrI3Bj.js                  [39m[1m[2m  2.26 kB[22m[1m[22m[2m Γöé gzip:   1.05 kB[22m[2m Γöé map:    11.03 kB[22m
[2mdist/[22m[36massets/pagination-DdpVi_Vs.js             [39m[1m[2m  2.28 kB[22m[1m[22m[2m Γöé gzip:   1.06 kB[22m[2m Γöé map:     7.28 kB[22m
[2mdist/[22m[36massets/index-BzFQzPjs.js                  [39m[1m[2m  2.29 kB[22m[1m[22m[2m Γöé gzip:   1.04 kB[22m[2m Γöé map:     9.45 kB[22m
[2mdist/[22m[36massets/HowItWorks-CHrEotsH.js             [39m[1m[2m  2.44 kB[22m[1m[22m[2m Γöé gzip:   1.18 kB[22m[2m Γöé map:     4.36 kB[22m
[2mdist/[22m[36massets/skeleton-DSyzeVyU.js               [39m[1m[2m  2.46 kB[22m[1m[22m[2m Γöé gzip:   0.77 kB[22m[2m Γöé map:     8.35 kB[22m
[2mdist/[22m[36massets/switch-TGDtU8ob.js                 [39m[1m[2m  2.54 kB[22m[1m[22m[2m Γöé gzip:   1.29 kB[22m[2m Γöé map:     9.33 kB[22m
[2mdist/[22m[36massets/useSupabaseAuth-6xUvQLfY.js        [39m[1m[2m  2.57 kB[22m[1m[22m[2m Γöé gzip:   1.19 kB[22m[2m Γöé map:     8.03 kB[22m
[2mdist/[22m[36massets/profile-views.service-DEW0AEJv.js  [39m[1m[2m  2.68 kB[22m[1m[22m[2m Γöé gzip:   0.94 kB[22m[2m Γöé map:     8.58 kB[22m
[2mdist/[22m[36massets/dropdown-menu-D-keP9mo.js          [39m[1m[2m  2.84 kB[22m[1m[22m[2m Γöé gzip:   1.21 kB[22m[2m Γöé map:    10.26 kB[22m
[2mdist/[22m[36massets/checkbox-DXn8krAV.js               [39m[1m[2m  2.99 kB[22m[1m[22m[2m Γöé gzip:   1.48 kB[22m[2m Γöé map:    11.73 kB[22m
[2mdist/[22m[36massets/progress-BXgZJ4P2.js               [39m[1m[2m  3.00 kB[22m[1m[22m[2m Γöé gzip:   1.43 kB[22m[2m Γöé map:    13.23 kB[22m
[2mdist/[22m[36massets/tabs-NiN3dNAK.js                   [39m[1m[2m  3.16 kB[22m[1m[22m[2m Γöé gzip:   1.40 kB[22m[2m Γöé map:    13.39 kB[22m
[2mdist/[22m[36massets/Settings-isvchVKS.js               [39m[1m[2m  3.21 kB[22m[1m[22m[2m Γöé gzip:   0.96 kB[22m[2m Γöé map:     7.22 kB[22m
[2mdist/[22m[36massets/ForgotPassword-dkQU03rL.js         [39m[1m[2m  3.43 kB[22m[1m[22m[2m Γöé gzip:   1.29 kB[22m[2m Γöé map:     7.59 kB[22m
[2mdist/[22m[36massets/radio-group-DP1F8ICZ.js            [39m[1m[2m  4.03 kB[22m[1m[22m[2m Γöé gzip:   1.84 kB[22m[2m Γöé map:    18.34 kB[22m
[2mdist/[22m[36massets/Terms-vyw9ST3h.js                  [39m[1m[2m  4.04 kB[22m[1m[22m[2m Γöé gzip:   1.51 kB[22m[2m Γöé map:     5.85 kB[22m
[2mdist/[22m[36massets/index-DbeQbOOO.js                  [39m[1m[2m  4.50 kB[22m[1m[22m[2m Γöé gzip:   2.01 kB[22m[2m Γöé map:    21.16 kB[22m
[2mdist/[22m[36massets/events.service-DxIA4nqc.js         [39m[1m[2m  4.73 kB[22m[1m[22m[2m Γöé gzip:   1.36 kB[22m[2m Γöé map:    16.07 kB[22m
[2mdist/[22m[36massets/PhotoManagement-BBLbOTPo.js        [39m[1m[2m  4.93 kB[22m[1m[22m[2m Γöé gzip:   1.70 kB[22m[2m Γöé map:    12.67 kB[22m
[2mdist/[22m[36massets/Privacy-BsKWWnRp.js                [39m[1m[2m  4.97 kB[22m[1m[22m[2m Γöé gzip:   1.78 kB[22m[2m Γöé map:     7.33 kB[22m
[2mdist/[22m[36massets/About-DMhkkFRY.js                  [39m[1m[2m  5.21 kB[22m[1m[22m[2m Γöé gzip:   2.13 kB[22m[2m Γöé map:     9.91 kB[22m
[2mdist/[22m[36massets/api-Cmm_5XMf.js                    [39m[1m[2m  5.37 kB[22m[1m[22m[2m Γöé gzip:   1.91 kB[22m[2m Γöé map:    19.44 kB[22m
[2mdist/[22m[36massets/popover-CgeCzR4p.js                [39m[1m[2m  5.70 kB[22m[1m[22m[2m Γöé gzip:   2.11 kB[22m[2m Γöé map:    24.31 kB[22m
[2mdist/[22m[36massets/MyFavorites-B_zL_Qpb.js            [39m[1m[2m  5.71 kB[22m[1m[22m[2m Γöé gzip:   2.51 kB[22m[2m Γöé map:    16.10 kB[22m
[2mdist/[22m[36massets/payments.service-jWcVCkrr.js       [39m[1m[2m  6.18 kB[22m[1m[22m[2m Γöé gzip:   2.11 kB[22m[2m Γöé map:    19.03 kB[22m
[2mdist/[22m[36massets/Community-CEHgKDZ5.js              [39m[1m[2m  6.34 kB[22m[1m[22m[2m Γöé gzip:   2.30 kB[22m[2m Γöé map:    18.56 kB[22m
[2mdist/[22m[36massets/OnlineProfiles-DXVTdAEX.js         [39m[1m[2m  6.66 kB[22m[1m[22m[2m Γöé gzip:   2.60 kB[22m[2m Γöé map:    18.03 kB[22m
[2mdist/[22m[36massets/EventDetails-DgxjNqxz.js           [39m[1m[2m  6.78 kB[22m[1m[22m[2m Γöé gzip:   2.60 kB[22m[2m Γöé map:    16.52 kB[22m
[2mdist/[22m[36massets/WhoViewedYou-Bspp6LXN.js           [39m[1m[2m  7.09 kB[22m[1m[22m[2m Γöé gzip:   2.97 kB[22m[2m Γöé map:    19.79 kB[22m
[2mdist/[22m[36massets/Login-CkRenCxg.js                  [39m[1m[2m  7.09 kB[22m[1m[22m[2m Γöé gzip:   2.32 kB[22m[2m Γöé map:    16.37 kB[22m
[2mdist/[22m[36massets/dialog-Dw2oww0m.js                 [39m[1m[2m  7.27 kB[22m[1m[22m[2m Γöé gzip:   2.69 kB[22m[2m Γöé map:    27.36 kB[22m
[2mdist/[22m[36massets/Footer-k-LBV34q.js                 [39m[1m[2m  7.28 kB[22m[1m[22m[2m Γöé gzip:   1.67 kB[22m[2m Γöé map:    14.62 kB[22m
[2mdist/[22m[36massets/YouViewed-Bllh_BmV.js              [39m[1m[2m  7.63 kB[22m[1m[22m[2m Γöé gzip:   3.12 kB[22m[2m Γöé map:    21.18 kB[22m
[2mdist/[22m[36massets/MyInterests-BzRmHh4l.js            [39m[1m[2m  7.71 kB[22m[1m[22m[2m Γöé gzip:   2.81 kB[22m[2m Γöé map:    20.97 kB[22m
[2mdist/[22m[36massets/InterestsReceived-BJwrS9jE.js      [39m[1m[2m  7.74 kB[22m[1m[22m[2m Γöé gzip:   2.94 kB[22m[2m Γöé map:    22.88 kB[22m
[2mdist/[22m[36massets/NewMembers-DHGqNWrw.js             [39m[1m[2m  7.99 kB[22m[1m[22m[2m Γöé gzip:   2.92 kB[22m[2m Γöé map:    22.66 kB[22m
[2mdist/[22m[36massets/slider-B8TS7lnB.js                 [39m[1m[2m  8.34 kB[22m[1m[22m[2m Γöé gzip:   3.40 kB[22m[2m Γöé map:    36.06 kB[22m
[2mdist/[22m[36massets/CookiePolicy-2Q1wrrmR.js           [39m[1m[2m  8.35 kB[22m[1m[22m[2m Γöé gzip:   2.32 kB[22m[2m Γöé map:    13.18 kB[22m
[2mdist/[22m[36massets/Register-B0DIwo4U.js               [39m[1m[2m  8.61 kB[22m[1m[22m[2m Γöé gzip:   2.80 kB[22m[2m Γöé map:    22.58 kB[22m
[2mdist/[22m[36massets/Plans-DQlB6C4B.js                  [39m[1m[2m  9.66 kB[22m[1m[22m[2m Γöé gzip:   3.41 kB[22m[2m Γöé map:    24.31 kB[22m
[2mdist/[22m[36massets/Events-DuDFVRV5.js                 [39m[1m[2m  9.84 kB[22m[1m[22m[2m Γöé gzip:   3.29 kB[22m[2m Γöé map:    24.79 kB[22m
[2mdist/[22m[36massets/RefundPolicy-CqG8Tno0.js           [39m[1m[2m 10.94 kB[22m[1m[22m[2m Γöé gzip:   2.93 kB[22m[2m Γöé map:    17.41 kB[22m
[2mdist/[22m[36massets/ProfileCard-Beh_UhqW.js            [39m[1m[2m 11.08 kB[22m[1m[22m[2m Γöé gzip:   3.26 kB[22m[2m Γöé map:    27.11 kB[22m
[2mdist/[22m[36massets/SuccessStories-Bwdn8Lht.js         [39m[1m[2m 11.11 kB[22m[1m[22m[2m Γöé gzip:   3.64 kB[22m[2m Γöé map:    28.76 kB[22m
[2mdist/[22m[36massets/Help-d6siTGuh.js                   [39m[1m[2m 12.86 kB[22m[1m[22m[2m Γöé gzip:   4.19 kB[22m[2m Γöé map:    38.02 kB[22m
[2mdist/[22m[36massets/OriginalNavbar-hFVvwtnj.js         [39m[1m[2m 13.53 kB[22m[1m[22m[2m Γöé gzip:   3.48 kB[22m[2m Γöé map:    33.25 kB[22m
[2mdist/[22m[36massets/Matches-DkK4kVjA.js                [39m[1m[2m 14.35 kB[22m[1m[22m[2m Γöé gzip:   5.10 kB[22m[2m Γöé map:    43.75 kB[22m
[2mdist/[22m[36massets/Landing-DO5lzSwJ.js                [39m[1m[2m 18.15 kB[22m[1m[22m[2m Γöé gzip:   5.00 kB[22m[2m Γöé map:    31.99 kB[22m
[2mdist/[22m[36massets/ProfileManagement-DOEk1yK-.js      [39m[1m[2m 18.59 kB[22m[1m[22m[2m Γöé gzip:   4.86 kB[22m[2m Γöé map:    48.83 kB[22m
[2mdist/[22m[36massets/Combination-GkO2h4Ig.js            [39m[1m[2m 20.52 kB[22m[1m[22m[2m Γöé gzip:   7.37 kB[22m[2m Γöé map:   111.60 kB[22m
[2mdist/[22m[36massets/select-D8kDPNou.js                 [39m[1m[2m 21.41 kB[22m[1m[22m[2m Γöé gzip:   7.56 kB[22m[2m Γöé map:    90.19 kB[22m
[2mdist/[22m[36massets/router-B8Vidamw.js                 [39m[1m[2m 21.68 kB[22m[1m[22m[2m Γöé gzip:   8.07 kB[22m[2m Γöé map:   361.26 kB[22m
[2mdist/[22m[36massets/Account-mdW5sbcD.js                [39m[1m[2m 25.82 kB[22m[1m[22m[2m Γöé gzip:   4.80 kB[22m[2m Γöé map:    67.32 kB[22m
[2mdist/[22m[36massets/Dashboard-DqVk1KM0.js              [39m[1m[2m 26.88 kB[22m[1m[22m[2m Γöé gzip:   6.06 kB[22m[2m Γöé map:    59.12 kB[22m
[2mdist/[22m[36massets/index-CxPfnqh4.js                  [39m[1m[2m 27.38 kB[22m[1m[22m[2m Γöé gzip:  10.56 kB[22m[2m Γöé map:   151.05 kB[22m
[2mdist/[22m[36massets/Search-CKXnqjgn.js                 [39m[1m[2m 28.09 kB[22m[1m[22m[2m Γöé gzip:   8.62 kB[22m[2m Γöé map:    80.48 kB[22m
[2mdist/[22m[36massets/VDates-DmIJ49U8.js                 [39m[1m[2m 32.61 kB[22m[1m[22m[2m Γöé gzip:   8.28 kB[22m[2m Γöé map:    95.02 kB[22m
[2mdist/[22m[36massets/Messages-ptG-mPMs.js               [39m[1m[2m 34.59 kB[22m[1m[22m[2m Γöé gzip:  10.38 kB[22m[2m Γöé map:   125.12 kB[22m
[2mdist/[22m[36massets/query-0dhya3PW.js                  [39m[1m[2m 41.28 kB[22m[1m[22m[2m Γöé gzip:  12.48 kB[22m[2m Γöé map:   151.28 kB[22m
[2mdist/[22m[36massets/AstrologicalServices-DHkrWbaN.js   [39m[1m[2m 47.19 kB[22m[1m[22m[2m Γöé gzip:  13.63 kB[22m[2m Γöé map:   150.22 kB[22m
[2mdist/[22m[36massets/Profile-B3-W5ijx.js                [39m[1m[2m 59.61 kB[22m[1m[22m[2m Γöé gzip:  12.73 kB[22m[2m Γöé map:   157.77 kB[22m
[2mdist/[22m[36massets/ProfileSetupWizard-DjoYH8ef.js     [39m[1m[2m109.58 kB[22m[1m[22m[2m Γöé gzip:  28.23 kB[22m[2m Γöé map:   389.11 kB[22m
[2mdist/[22m[36massets/supabase-K6_W8fl4.js               [39m[1m[2m114.49 kB[22m[1m[22m[2m Γöé gzip:  31.22 kB[22m[2m Γöé map:   482.70 kB[22m
[2mdist/[22m[36massets/react-Jqsv4hXM.js                  [39m[1m[2m141.91 kB[22m[1m[22m[2m Γöé gzip:  45.63 kB[22m[2m Γöé map:   344.49 kB[22m
[2mdist/[22m[36massets/Admin-DBMV-5Ez.js                  [39m[1m[2m159.57 kB[22m[1m[22m[2m Γöé gzip:  51.63 kB[22m[2m Γöé map:   781.83 kB[22m
[2mdist/[22m[36massets/index-Z78OAbtf.js                  [39m[1m[2m170.45 kB[22m[1m[22m[2m Γöé gzip:  52.09 kB[22m[2m Γöé map:   607.86 kB[22m
[2mdist/[22m[36massets/charts-D3IZQKzU.js                 [39m[1m[2m410.05 kB[22m[1m[22m[2m Γöé gzip: 110.08 kB[22m[2m Γöé map: 1,789.51 kB[22m
[32mΓ£ô built in 3m 14s[39m
