src/components/CollapsibleChatWidget.tsx(27,26): error TS2339: Property 'totalUnread' does not exist on type '{ conversations: Conversation[]; contacts: { id: any; name: string; profile_image: any; status: "offline"; }[]; isLoading: boolean; isLoadingContacts: boolean; error: Error; ... 5 more ...; getOrCreateConversation: (partnerId: string) => Promise<...>; }'.
src/components/CollapsibleChatWidget.tsx(139,72): error TS2345: Argument of type 'Conversation' is not assignable to parameter of type 'SetStateAction<Conversation>'.
src/components/CollapsibleChatWidget.tsx(144,60): error TS2339: Property 'partner_avatar' does not exist on type 'Conversation'.
src/components/CollapsibleChatWidget.tsx(153,98): error TS2339: Property 'partner_name' does not exist on type 'Conversation'.
src/components/FeaturedProfiles.tsx(18,66): error TS2339: Property 'data' does not exist on type 'unknown'.
src/components/interests/InterestManager.tsx(239,30): error TS2304: Cannot find name 'setSearchQuery'.
src/components/profile/ProfileCreationWizard.tsx(27,11): error TS2339: Property 'createProfile' does not exist on type '{ profile: Profile; isLoading: boolean; error: Error; updateProfile: UseMutateAsyncFunction<void, Error, Partial<Profile>, unknown>; uploadImage: UseMutateAsyncFunction<...>; removeImage: UseMutateAsyncFunction<...>; updateLastActive: UseMutateAsyncFunction<...>; }'.
src/components/profile/ProfileCreationWizard.tsx(27,41): error TS2339: Property 'loading' does not exist on type '{ profile: Profile; isLoading: boolean; error: Error; updateProfile: UseMutateAsyncFunction<void, Error, Partial<Profile>, unknown>; uploadImage: UseMutateAsyncFunction<...>; removeImage: UseMutateAsyncFunction<...>; updateLastActive: UseMutateAsyncFunction<...>; }'.
src/components/ProfileCardEnhanced.tsx(116,82): error TS2339: Property 'community' does not exist on type 'ProfileFamily'.
src/components/search/MapView.tsx(42,24): error TS2339: Property 'coordinates' does not exist on type 'ProfileLocation'.
src/components/search/MapView.tsx(43,24): error TS2339: Property 'coordinates' does not exist on type 'ProfileLocation'.
src/components/search/MapView.tsx(44,24): error TS2339: Property 'coordinates' does not exist on type 'ProfileLocation'.
src/components/search/ProfileComparison.tsx(92,27): error TS2322: Type 'string | number | boolean | string[] | Date | ProfileLocation | ProfileEmployment | ProfileFamily | ProfileHoroscope | ProfilePreference | ProfileEducation[]' is not assignable to type 'ReactNode'.
src/components/search/ProfileComparison.tsx(95,31): error TS2322: Type 'string | number | boolean | string[] | Date | ProfileLocation | ProfileEmployment | ProfileFamily | ProfileHoroscope | ProfilePreference | ProfileEducation[]' is not assignable to type 'ReactNode'.
src/components/search/ProfileGrid.tsx(103,17): error TS2304: Cannot find name 'handleConnect'.
src/components/search/ProfileGrid.tsx(106,17): error TS2304: Cannot find name 'handleMessageClick'.
src/components/search/ProfileGrid.tsx(109,17): error TS2304: Cannot find name 'handleFavorite'.
src/contexts/AuthContext.tsx(40,14): error TS2769: No overload matches this call.
  Overload 1 of 2, '(values: { id?: string; user_id: string; created_at?: string; updated_at?: string; name: string; age: number; gender: string; images?: string[]; bio?: string; location: Json; religion: string; caste?: string; ... 25 more ...; profile_name_visibility?: string; }, options?: { ...; }): PostgrestFilterBuilder<...>', gave the following error.
  Overload 2 of 2, '(values: { id?: string; user_id: string; created_at?: string; updated_at?: string; name: string; age: number; gender: string; images?: string[]; bio?: string; location: Json; religion: string; caste?: string; ... 25 more ...; profile_name_visibility?: string; }[], options?: { ...; }): PostgrestFilterBuilder<...>', gave the following error.
src/contexts/AuthContext.tsx(80,21): error TS2352: Conversion of type '{ id: string; email: string; user_metadata: { full_name: string; }; }' to type 'User' may be a mistake because neither type sufficiently overlaps with the other. If this was intentional, convert the expression to 'unknown' first.
src/contexts/AuthContext.tsx(142,39): error TS2769: No overload matches this call.
  Overload 1 of 2, '(values: { id?: string; user_id: string; created_at?: string; updated_at?: string; name: string; age: number; gender: string; images?: string[]; bio?: string; location: Json; religion: string; caste?: string; ... 25 more ...; profile_name_visibility?: string; }, options?: { ...; }): PostgrestFilterBuilder<...>', gave the following error.
  Overload 2 of 2, '(values: { id?: string; user_id: string; created_at?: string; updated_at?: string; name: string; age: number; gender: string; images?: string[]; bio?: string; location: Json; religion: string; caste?: string; ... 25 more ...; profile_name_visibility?: string; }[], options?: { ...; }): PostgrestFilterBuilder<...>', gave the following error.
src/contexts/AuthContext.tsx(174,15): error TS2345: Argument of type '{ updated_at: string; id?: string; user_id?: string; name?: string; first_name?: string; last_name?: string; age?: number; gender?: string; images?: string[]; bio?: string; phone?: string; phone_number?: string; ... 34 more ...; profile_completion?: number; }' is not assignable to parameter of type '{ id?: string; user_id?: string; created_at?: string; updated_at?: string; name?: string; age?: number; gender?: string; images?: string[]; bio?: string; location?: Json; religion?: string; caste?: string; subcaste?: string; ... 24 more ...; profile_name_visibility?: string; }'.
src/contexts/NotificationContext.tsx(31,26): error TS2352: Conversion of type '{ id: string; user_id: string; type: string; title: string; message: string; read: boolean; timestamp: string; action_url: string; sender_id: string; created_at: string; }[]' to type 'Notification[]' may be a mistake because neither type sufficiently overlaps with the other. If this was intentional, convert the expression to 'unknown' first.
src/contexts/NotificationContext.tsx(52,42): error TS2339: Property 'title' does not exist on type 'Notification'.
src/contexts/NotificationContext.tsx(52,68): error TS2339: Property 'message' does not exist on type 'Notification'.
src/contexts/NotificationContext.tsx(71,10): error TS2769: No overload matches this call.
  Overload 1 of 2, '(values: { id?: string; user_id: string; type: string; title: string; message: string; read?: boolean; timestamp?: string; action_url?: string; sender_id?: string; created_at?: string; }, options?: { count?: "exact" | "planned" | "estimated"; }): PostgrestFilterBuilder<...>', gave the following error.
  Overload 2 of 2, '(values: { id?: string; user_id: string; type: string; title: string; message: string; read?: boolean; timestamp?: string; action_url?: string; sender_id?: string; created_at?: string; }[], options?: { count?: "exact" | "planned" | "estimated"; defaultToNull?: boolean; }): PostgrestFilterBuilder<...>', gave the following error.
src/features/messages/ChatPanel.tsx(91,9): error TS2322: Type '{ conversationPartner: Profile; setMobileViewChat: (view: boolean) => void; onPhoneCall: () => void; onVideoCall: () => void; onViewProfile: () => void; }' is not assignable to type 'IntrinsicAttributes & ChatHeaderProps'.
src/features/messages/components/ChatBox.tsx(52,23): error TS2339: Property 'read_at' does not exist on type 'unknown'.
src/features/messages/components/ChatBox.tsx(52,38): error TS2339: Property 'sender_id' does not exist on type 'unknown'.
src/features/messages/components/ChatBox.tsx(55,60): error TS2339: Property 'id' does not exist on type 'unknown'.
src/features/messages/components/ChatBox.tsx(250,24): error TS2339: Property 'id' does not exist on type 'unknown'.
src/features/messages/components/ChatBox.tsx(251,15): error TS2322: Type 'unknown' is not assignable to type 'Message & { reactions?: MessageReaction[]; updated_at?: string; }'.
src/features/messages/components/ChatBox.tsx(252,33): error TS2339: Property 'sender_id' does not exist on type 'unknown'.
src/features/messages/components/Messages.tsx(35,23): error TS2339: Property 'read_at' does not exist on type 'unknown'.
src/features/messages/components/Messages.tsx(35,38): error TS2339: Property 'sender_id' does not exist on type 'unknown'.
src/features/messages/components/Messages.tsx(39,60): error TS2339: Property 'id' does not exist on type 'unknown'.
src/features/messages/components/Messages.tsx(71,24): error TS2339: Property 'id' does not exist on type 'unknown'.
src/features/messages/components/Messages.tsx(72,11): error TS2322: Type 'unknown' is not assignable to type 'Message & { reactions?: MessageReaction[]; updated_at?: string; }'.
src/features/messages/components/Messages.tsx(73,33): error TS2339: Property 'sender_id' does not exist on type 'unknown'.
src/features/messages/EnhancedChatPanel.tsx(40,22): error TS2339: Property 'loadConversationReactions' does not exist on type '{ reactions: Record<string, ReactionSummary[]>; addReaction: (messageId: string, emoji: string) => Promise<void>; removeReaction: (messageId: string, emoji: string) => Promise<...>; }'.
src/features/messages/EnhancedChatPanel.tsx(47,5): error TS2304: Cannot find name 'scrollToBottom'.
src/features/messages/EnhancedChatPanel.tsx(203,9): error TS2322: Type '{ conversationPartner: any; onBack: () => void; onPhoneCall: () => void; onVideoCall: () => void; onToggleShortlist: () => void; onReportUser: () => Promise<void>; onBlockUser: () => Promise<void>; isInShortlist: boolean; }' is not assignable to type 'IntrinsicAttributes & ChatHeaderProps'.
src/features/messages/EnhancedChatPanel.tsx(231,15): error TS2322: Type 'EnhancedMessage' is not assignable to type 'Message & { reactions?: MessageReaction[]; updated_at?: string; }'.
src/features/messages/EnhancedChatPanel.tsx(233,36): error TS2349: This expression is not callable.
src/features/messages/EnhancedChatPanel.tsx(247,9): error TS2322: Type '{ newMessage: string; onMessageChange: (e: any) => void; onKeyPress: (e: any) => void; onSendMessage: () => Promise<void>; onFileUpload: (file: any, type: any, url: any) => Promise<void>; onVoiceMessage: (audioBlob: any, duration: any) => Promise<...>; isUploading: boolean; isBlocked: boolean; }' is not assignable to type 'IntrinsicAttributes & ChatInputProps'.
src/features/messages/hooks/useConversations.ts(196,65): error TS2589: Type instantiation is excessively deep and possibly infinite.
src/features/messages/hooks/useConversations.ts(197,17): error TS2769: No overload matches this call.
  Overload 1 of 2, '(relation: "interests" | "matches" | "profiles" | "events" | "connections" | "messages" | "reactions" | "conversations" | "forum_posts" | "forum_comments" | "profile_views" | "compatibility_scores" | ... 20 more ... | "push_subscriptions"): PostgrestQueryBuilder<...>', gave the following error.
  Overload 2 of 2, '(relation: never): PostgrestQueryBuilder<{ Tables: { profiles: { Row: { id: string; user_id: string; created_at: string; updated_at: string; name: string; age: number; gender: string; images: string[]; bio: string; location: Json; ... 27 more ...; profile_name_visibility: string; }; Insert: { ...; }; Update: { ...; }; Relationships: [...]; }; ... 31 more ...; push_subscriptions: { ...; }; }; Views: {}; Functions: {}; Enums: {}; CompositeTypes: {}; }, never, never, never>', gave the following error.
src/features/messages/hooks/useConversations.ts(206,14): error TS2339: Property 'sender_id' does not exist on type '{ id: string; user_id: string; created_at: string; updated_at: string; name: string; age: number; gender: string; images: string[]; bio: string; location: Json; religion: string; caste: string; ... 25 more ...; profile_name_visibility: string; } | ... 31 more ... | { ...; }'.
src/features/messages/hooks/useConversations.ts(206,41): error TS2339: Property 'receiver_id' does not exist on type '{ id: string; user_id: string; created_at: string; updated_at: string; name: string; age: number; gender: string; images: string[]; bio: string; location: Json; religion: string; caste: string; ... 25 more ...; profile_name_visibility: string; } | ... 31 more ... | { ...; }'.
src/features/messages/hooks/useConversations.ts(206,58): error TS2339: Property 'sender_id' does not exist on type '{ id: string; user_id: string; created_at: string; updated_at: string; name: string; age: number; gender: string; images: string[]; bio: string; location: Json; religion: string; caste: string; ... 25 more ...; profile_name_visibility: string; } | ... 31 more ... | { ...; }'.
src/features/messages/hooks/useConversations.ts(217,17): error TS2339: Property 'user_id' does not exist on type 'SelectQueryError<"column 'first_name' does not exist on 'profiles'.">'.
src/features/messages/hooks/useConversations.ts(218,22): error TS2339: Property 'first_name' does not exist on type 'SelectQueryError<"column 'first_name' does not exist on 'profiles'.">'.
src/features/messages/hooks/useConversations.ts(218,44): error TS2339: Property 'last_name' does not exist on type 'SelectQueryError<"column 'first_name' does not exist on 'profiles'.">'.
src/features/messages/hooks/useConversations.ts(219,28): error TS2339: Property 'profile_picture_url' does not exist on type 'SelectQueryError<"column 'first_name' does not exist on 'profiles'.">'.
src/features/messages/hooks/useConversations.ts(236,61): error TS2589: Type instantiation is excessively deep and possibly infinite.
src/features/messages/hooks/useConversations.ts(257,14): error TS2769: No overload matches this call.
  Overload 1 of 2, '(values: { id?: string; user_id: string; shortlist_user_id: string; created_at?: string; }, options?: { count?: "exact" | "planned" | "estimated"; }): PostgrestFilterBuilder<{ Tables: { profiles: { Row: { id: string; user_id: string; ... 35 more ...; profile_name_visibility: string; }; Insert: { ...; }; Update: { ...; }; Relationships: [...]; }; ... 31 more ...; push_subscriptions: { ...; }; }; Views: {}; Functions: {}; Enums: {}; CompositeTypes: {}; }, { ...; }, null, "shortlists", []>', gave the following error.
  Overload 2 of 2, '(values: { id?: string; user_id: string; shortlist_user_id: string; created_at?: string; }[], options?: { count?: "exact" | "planned" | "estimated"; defaultToNull?: boolean; }): PostgrestFilterBuilder<{ Tables: { profiles: { ...; }; ... 31 more ...; push_subscriptions: { ...; }; }; Views: {}; Functions: {}; Enums: {}; CompositeTypes: {}; }, { ...; }, null, "shortlists", []>', gave the following error.
src/features/messages/hooks/useMessages.ts(76,24): error TS2769: No overload matches this call.
  Overload 1 of 3, '(options: DefinedInitialDataInfiniteOptions<unknown, Error, InfiniteData<unknown, unknown>, string[], unknown>, queryClient?: QueryClient): DefinedUseInfiniteQueryResult<...>', gave the following error.
  Overload 2 of 3, '(options: UndefinedInitialDataInfiniteOptions<unknown, Error, InfiniteData<unknown, unknown>, string[], unknown>, queryClient?: QueryClient): UseInfiniteQueryResult<...>', gave the following error.
  Overload 3 of 3, '(options: UseInfiniteQueryOptions<unknown, Error, InfiniteData<unknown, unknown>, string[], unknown>, queryClient?: QueryClient): UseInfiniteQueryResult<InfiniteData<unknown, unknown>, Error>', gave the following error.
src/features/messages/hooks/useMessages.ts(89,18): error TS2345: Argument of type 'unknown' is not assignable to parameter of type 'number'.
src/features/messages/hooks/useMessages.ts(89,29): error TS2365: Operator '+' cannot be applied to types 'unknown' and '20'.
src/features/messages/hooks/useMessages.ts(100,19): error TS2589: Type instantiation is excessively deep and possibly infinite.
src/features/messages/hooks/useMessages.ts(134,23): error TS2339: Property 'length' does not exist on type 'unknown'.
src/features/messages/hooks/useMessages.ts(402,17): error TS2769: No overload matches this call.
  Overload 1 of 2, '(relation: "interests" | "matches" | "profiles" | "events" | "connections" | "messages" | "reactions" | "conversations" | "forum_posts" | "forum_comments" | "profile_views" | "compatibility_scores" | ... 20 more ... | "push_subscriptions"): PostgrestQueryBuilder<...>', gave the following error.
  Overload 2 of 2, '(relation: never): PostgrestQueryBuilder<{ Tables: { profiles: { Row: { id: string; user_id: string; created_at: string; updated_at: string; name: string; age: number; gender: string; images: string[]; bio: string; location: Json; ... 27 more ...; profile_name_visibility: string; }; Insert: { ...; }; Update: { ...; }; Relationships: [...]; }; ... 31 more ...; push_subscriptions: { ...; }; }; Views: {}; Functions: {}; Enums: {}; CompositeTypes: {}; }, never, never, never>', gave the following error.
src/features/messages/hooks/useMessages.ts(434,33): error TS2589: Type instantiation is excessively deep and possibly infinite.
src/features/messages/hooks/useMessages.ts(434,33): error TS2589: Type instantiation is excessively deep and possibly infinite.
src/features/messages/hooks/useMessages.ts(435,17): error TS2769: No overload matches this call.
  Overload 1 of 2, '(relation: "interests" | "matches" | "profiles" | "events" | "connections" | "messages" | "reactions" | "conversations" | "forum_posts" | "forum_comments" | "profile_views" | "compatibility_scores" | ... 20 more ... | "push_subscriptions"): PostgrestQueryBuilder<...>', gave the following error.
  Overload 2 of 2, '(relation: never): PostgrestQueryBuilder<{ Tables: { profiles: { Row: { id: string; user_id: string; created_at: string; updated_at: string; name: string; age: number; gender: string; images: string[]; bio: string; location: Json; ... 27 more ...; profile_name_visibility: string; }; Insert: { ...; }; Update: { ...; }; Relationships: [...]; }; ... 31 more ...; push_subscriptions: { ...; }; }; Views: {}; Functions: {}; Enums: {}; CompositeTypes: {}; }, never, never, never>', gave the following error.
src/features/messages/useMessages.tsx(11,17): error TS2339: Property 'isAuthenticated' does not exist on type 'AuthContextType'.
src/features/messages/useMessages.tsx(18,5): error TS2339: Property 'conversations' does not exist on type '{ messages: Message[]; isConnected: boolean; unreadCount: number; typingUsers: TypingIndicator[]; sendMessage: any; markAsRead: any; sendTypingIndicator: any; deleteMessage: any; editMessage: any; loadMessages: () => Promise<...>; getUnreadCount: any; }'.
src/features/messages/useMessages.tsx(19,5): error TS2339: Property 'loading' does not exist on type '{ messages: Message[]; isConnected: boolean; unreadCount: number; typingUsers: TypingIndicator[]; sendMessage: any; markAsRead: any; sendTypingIndicator: any; deleteMessage: any; editMessage: any; loadMessages: () => Promise<...>; getUnreadCount: any; }'.
src/features/messages/useMessages.tsx(20,5): error TS2339: Property 'fetchMessages' does not exist on type '{ messages: Message[]; isConnected: boolean; unreadCount: number; typingUsers: TypingIndicator[]; sendMessage: any; markAsRead: any; sendTypingIndicator: any; deleteMessage: any; editMessage: any; loadMessages: () => Promise<...>; getUnreadCount: any; }'.
src/features/messages/useMessages.tsx(23,5): error TS2339: Property 'fetchConversations' does not exist on type '{ messages: Message[]; isConnected: boolean; unreadCount: number; typingUsers: TypingIndicator[]; sendMessage: any; markAsRead: any; sendTypingIndicator: any; deleteMessage: any; editMessage: any; loadMessages: () => Promise<...>; getUnreadCount: any; }'.
src/features/messages/useMessages.tsx(24,7): error TS2554: Expected 1 arguments, but got 0.
src/features/messages/useMessages.tsx(64,90): error TS2339: Property 'read_at' does not exist on type 'Message'.
src/features/messages/useMessages.tsx(100,19): error TS2339: Property 'subscription_type' does not exist on type 'Profile'.
src/features/messages/useMessages.tsx(100,48): error TS2339: Property 'subscription_type' does not exist on type 'Profile'.
src/features/messages/useMessages.tsx(119,19): error TS2339: Property 'subscription_type' does not exist on type 'Profile'.
src/features/messages/useMessages.tsx(119,48): error TS2339: Property 'subscription_type' does not exist on type 'Profile'.
src/features/payments/components/PaymentPlans.tsx(15,17): error TS2339: Property 'isAuthenticated' does not exist on type 'AuthContextType'.
src/features/profile/components/KundaliUploader.tsx(28,11): error TS2339: Property 'isAuthenticated' does not exist on type 'AuthContextType'.
src/features/profile/components/NameVisibilityToggle.tsx(19,11): error TS2339: Property 'isAuthenticated' does not exist on type 'AuthContextType'.
src/features/profile/components/ProfileImageGallery.tsx(27,5): error TS2304: Cannot find name 'logger'.
src/features/profile/components/ProfileImageGallery.tsx(32,5): error TS2304: Cannot find name 'logger'.
src/features/profile/components/ProfileImageGallery.tsx(37,5): error TS2304: Cannot find name 'logger'.
src/features/profile/components/ProfileSetupWizard.tsx(151,11): error TS2322: Type '{ ageRange: number[]; heightRange: number[]; maritalStatus: any[]; education: any[]; profession: any[]; location: { countries: any[]; states: any[]; cities: any[]; willingToRelocate: boolean; }; lifestyle: { diet: any[]; smoking: string; drinking: string; }; family: { ...; }; religion: { ...; }; dealBreakers: string...' is not assignable to type '{ ageRange: [number, number]; heightRange: [number, number]; maritalStatus: string[]; education: string[]; profession: string[]; location: { countries: string[]; states: string[]; cities: string[]; willingToRelocate: boolean; }; ... 4 more ...; additionalPreferences: string; }'.
src/features/profile/hooks/useProfileInteractions.ts(32,5): error TS2304: Cannot find name 'logger'.
src/features/profile/hooks/useProfileInteractions.ts(55,5): error TS2304: Cannot find name 'logger'.
src/features/profile/hooks/useProfileInteractions.ts(78,5): error TS2304: Cannot find name 'logger'.
src/features/profile/hooks/useProfileInteractions.ts(108,5): error TS2304: Cannot find name 'logger'.
src/features/profile/utils/formatters.ts(2,10): error TS2305: Module '"@/data/profiles"' has no exported member 'ProfileLocation'.
src/features/vdates/useVDates.ts(146,27): error TS2339: Property 'startVDate' does not exist on type 'VDatesService'.
src/features/vdates/useVDates.ts(160,59): error TS2554: Expected 2 arguments, but got 3.
src/features/video-call/components/VideoCallPage.tsx(154,27): error TS2304: Cannot find name 'meetingUrl'.
src/features/video-call/useVideoCall.ts(64,42): error TS2304: Cannot find name 'supabase'.
src/features/voice-call/useVoiceCall.ts(80,19): error TS2339: Property 'meeting_url' does not exist on type 'SelectQueryError<"column 'meeting_url' does not exist on 'vdates'.">'.
src/features/voice-call/useVoiceCall.ts(82,33): error TS2339: Property 'meeting_url' does not exist on type 'SelectQueryError<"column 'meeting_url' does not exist on 'vdates'.">'.
src/features/voice-call/useVoiceCall.ts(83,23): error TS2339: Property 'meeting_url' does not exist on type 'SelectQueryError<"column 'meeting_url' does not exist on 'vdates'.">'.
src/features/voice-call/useVoiceCall.ts(84,20): error TS2339: Property 'meeting_url' does not exist on type 'SelectQueryError<"column 'meeting_url' does not exist on 'vdates'.">'.
src/hooks/forum/useForumCategories.ts(21,37): error TS2589: Type instantiation is excessively deep and possibly infinite.
src/hooks/forum/useForumCategories.ts(28,21): error TS2345: Argument of type '{ id: string; name: string; description: string; icon: string; color: string; post_count: number; created_at: string; }[]' is not assignable to parameter of type 'SetStateAction<ForumCategory[]>'.
src/hooks/forum/useForumPostActions.ts(22,11): error TS2769: No overload matches this call.
  Overload 1 of 2, '(values: { id?: string; user_id: string; title: string; content: string; category: string; view_count?: number; like_count?: number; is_locked?: boolean; created_at?: string; updated_at?: string; }, options?: { ...; }): PostgrestFilterBuilder<...>', gave the following error.
  Overload 2 of 2, '(values: { id?: string; user_id: string; title: string; content: string; category: string; view_count?: number; like_count?: number; is_locked?: boolean; created_at?: string; updated_at?: string; }[], options?: { ...; }): PostgrestFilterBuilder<...>', gave the following error.
src/hooks/forum/useForumPostActions.ts(49,15): error TS2769: No overload matches this call.
  Overload 1 of 2, '(relation: "interests" | "matches" | "profiles" | "events" | "connections" | "messages" | "reactions" | "conversations" | "forum_posts" | "forum_comments" | "profile_views" | "compatibility_scores" | ... 20 more ... | "push_subscriptions"): PostgrestQueryBuilder<...>', gave the following error.
  Overload 2 of 2, '(relation: never): PostgrestQueryBuilder<{ Tables: { profiles: { Row: { id: string; user_id: string; created_at: string; updated_at: string; name: string; age: number; gender: string; images: string[]; bio: string; location: Json; ... 27 more ...; profile_name_visibility: string; }; Insert: { ...; }; Update: { ...; }; Relationships: [...]; }; ... 31 more ...; push_subscriptions: { ...; }; }; Views: {}; Functions: {}; Enums: {}; CompositeTypes: {}; }, never, never, never>', gave the following error.
src/hooks/forum/useForumPostActions.ts(67,19): error TS2769: No overload matches this call.
  Overload 1 of 2, '(relation: "interests" | "matches" | "profiles" | "events" | "connections" | "messages" | "reactions" | "conversations" | "forum_posts" | "forum_comments" | "profile_views" | "compatibility_scores" | ... 20 more ... | "push_subscriptions"): PostgrestQueryBuilder<...>', gave the following error.
  Overload 2 of 2, '(relation: never): PostgrestQueryBuilder<{ Tables: { profiles: { Row: { id: string; user_id: string; created_at: string; updated_at: string; name: string; age: number; gender: string; images: string[]; bio: string; location: Json; ... 27 more ...; profile_name_visibility: string; }; Insert: { ...; }; Update: { ...; }; Relationships: [...]; }; ... 31 more ...; push_subscriptions: { ...; }; }; Views: {}; Functions: {}; Enums: {}; CompositeTypes: {}; }, never, never, never>', gave the following error.
src/hooks/forum/useForumPostFetch.ts(19,17): error TS2589: Type instantiation is excessively deep and possibly infinite.
src/hooks/forum/useForumPostFetch.ts(30,13): error TS2322: Type '{ is_locked: false; id: string; user_id: string; title: string; content: string; category: string; view_count: number; like_count: number; created_at: string; updated_at: string; }[]' is not assignable to type 'ForumPost[]'.
src/hooks/forum/useForumPosts.ts(26,13): error TS2322: Type '{ is_locked: false; id: string; user_id: string; title: string; content: string; category: string; view_count: number; like_count: number; created_at: string; updated_at: string; }[]' is not assignable to type 'ForumPost[]'.
src/hooks/forum/useForumPosts.ts(51,11): error TS2769: No overload matches this call.
  Overload 1 of 2, '(values: { id?: string; user_id: string; title: string; content: string; category: string; view_count?: number; like_count?: number; is_locked?: boolean; created_at?: string; updated_at?: string; }, options?: { ...; }): PostgrestFilterBuilder<...>', gave the following error.
  Overload 2 of 2, '(values: { id?: string; user_id: string; title: string; content: string; category: string; view_count?: number; like_count?: number; is_locked?: boolean; created_at?: string; updated_at?: string; }[], options?: { ...; }): PostgrestFilterBuilder<...>', gave the following error.
src/hooks/forum/useForumPosts.ts(75,31): error TS2589: Type instantiation is excessively deep and possibly infinite.
src/hooks/forum/useForumPosts.ts(127,15): error TS2769: No overload matches this call.
  Overload 1 of 2, '(relation: "interests" | "matches" | "profiles" | "events" | "connections" | "messages" | "reactions" | "conversations" | "forum_posts" | "forum_comments" | "profile_views" | "compatibility_scores" | ... 20 more ... | "push_subscriptions"): PostgrestQueryBuilder<...>', gave the following error.
  Overload 2 of 2, '(relation: never): PostgrestQueryBuilder<{ Tables: { profiles: { Row: { id: string; user_id: string; created_at: string; updated_at: string; name: string; age: number; gender: string; images: string[]; bio: string; location: Json; ... 27 more ...; profile_name_visibility: string; }; Insert: { ...; }; Update: { ...; }; Relationships: [...]; }; ... 31 more ...; push_subscriptions: { ...; }; }; Views: {}; Functions: {}; Enums: {}; CompositeTypes: {}; }, never, never, never>', gave the following error.
src/hooks/forum/useForumPosts.ts(136,17): error TS2769: No overload matches this call.
  Overload 1 of 2, '(relation: "interests" | "matches" | "profiles" | "events" | "connections" | "messages" | "reactions" | "conversations" | "forum_posts" | "forum_comments" | "profile_views" | "compatibility_scores" | ... 20 more ... | "push_subscriptions"): PostgrestQueryBuilder<...>', gave the following error.
  Overload 2 of 2, '(relation: never): PostgrestQueryBuilder<{ Tables: { profiles: { Row: { id: string; user_id: string; created_at: string; updated_at: string; name: string; age: number; gender: string; images: string[]; bio: string; location: Json; ... 27 more ...; profile_name_visibility: string; }; Insert: { ...; }; Update: { ...; }; Relationships: [...]; }; ... 31 more ...; push_subscriptions: { ...; }; }; Views: {}; Functions: {}; Enums: {}; CompositeTypes: {}; }, never, never, never>', gave the following error.
src/hooks/forum/useForumPosts.ts(152,17): error TS2769: No overload matches this call.
  Overload 1 of 2, '(relation: "interests" | "matches" | "profiles" | "events" | "connections" | "messages" | "reactions" | "conversations" | "forum_posts" | "forum_comments" | "profile_views" | "compatibility_scores" | ... 20 more ... | "push_subscriptions"): PostgrestQueryBuilder<...>', gave the following error.
  Overload 2 of 2, '(relation: never): PostgrestQueryBuilder<{ Tables: { profiles: { Row: { id: string; user_id: string; created_at: string; updated_at: string; name: string; age: number; gender: string; images: string[]; bio: string; location: Json; ... 27 more ...; profile_name_visibility: string; }; Insert: { ...; }; Update: { ...; }; Relationships: [...]; }; ... 31 more ...; push_subscriptions: { ...; }; }; Views: {}; Functions: {}; Enums: {}; CompositeTypes: {}; }, never, never, never>', gave the following error.
src/hooks/forum/useForumPostSearch.ts(34,25): error TS2589: Type instantiation is excessively deep and possibly infinite.
src/hooks/forum/useForumReplies.ts(25,15): error TS2769: No overload matches this call.
  Overload 1 of 2, '(relation: "interests" | "matches" | "profiles" | "events" | "connections" | "messages" | "reactions" | "conversations" | "forum_posts" | "forum_comments" | "profile_views" | "compatibility_scores" | ... 20 more ... | "push_subscriptions"): PostgrestQueryBuilder<...>', gave the following error.
  Overload 2 of 2, '(relation: never): PostgrestQueryBuilder<{ Tables: { profiles: { Row: { id: string; user_id: string; created_at: string; updated_at: string; name: string; age: number; gender: string; images: string[]; bio: string; location: Json; ... 27 more ...; profile_name_visibility: string; }; Insert: { ...; }; Update: { ...; }; Relationships: [...]; }; ... 31 more ...; push_subscriptions: { ...; }; }; Views: {}; Functions: {}; Enums: {}; CompositeTypes: {}; }, never, never, never>', gave the following error.
src/hooks/forum/useForumReplies.ts(31,18): error TS2345: Argument of type '({ id: string; user_id: string; created_at: string; updated_at: string; name: string; age: number; gender: string; images: string[]; bio: string; location: Json; religion: string; caste: string; ... 25 more ...; profile_name_visibility: string; } | ... 31 more ... | { ...; })[]' is not assignable to parameter of type 'SetStateAction<ForumReply[]>'.
src/hooks/forum/useForumReplies.ts(46,15): error TS2769: No overload matches this call.
  Overload 1 of 2, '(relation: "interests" | "matches" | "profiles" | "events" | "connections" | "messages" | "reactions" | "conversations" | "forum_posts" | "forum_comments" | "profile_views" | "compatibility_scores" | ... 20 more ... | "push_subscriptions"): PostgrestQueryBuilder<...>', gave the following error.
  Overload 2 of 2, '(relation: never): PostgrestQueryBuilder<{ Tables: { profiles: { Row: { id: string; user_id: string; created_at: string; updated_at: string; name: string; age: number; gender: string; images: string[]; bio: string; location: Json; ... 27 more ...; profile_name_visibility: string; }; Insert: { ...; }; Update: { ...; }; Relationships: [...]; }; ... 31 more ...; push_subscriptions: { ...; }; }; Views: {}; Functions: {}; Enums: {}; CompositeTypes: {}; }, never, never, never>', gave the following error.
src/hooks/forum/useForumReplies.ts(47,10): error TS2769: No overload matches this call.
  Overload 1 of 2, '(values: { id?: string; user_id: string; created_at?: string; updated_at?: string; name: string; age: number; gender: string; images?: string[]; bio?: string; location: Json; religion: string; caste?: string; ... 25 more ...; profile_name_visibility?: string; } | ... 31 more ... | { ...; }, options?: { ...; }): PostgrestFilterBuilder<...>', gave the following error.
  Overload 2 of 2, '(values: ({ id?: string; user_id: string; created_at?: string; updated_at?: string; name: string; age: number; gender: string; images?: string[]; bio?: string; location: Json; religion: string; caste?: string; ... 25 more ...; profile_name_visibility?: string; } | ... 31 more ... | { ...; })[], options?: { ...; }): PostgrestFilterBuilder<...>', gave the following error.
src/hooks/forum/useForumReplies.ts(68,21): error TS2353: Object literal may only specify known properties, and 'reply_count' does not exist in type '{ id?: string; user_id?: string; title?: string; content?: string; category?: string; view_count?: number; like_count?: number; is_locked?: boolean; created_at?: string; updated_at?: string; }'.
src/hooks/forum/useForumReplies.ts(68,47): error TS2339: Property 'reply_count' does not exist on type 'SelectQueryError<"column 'reply_count' does not exist on 'forum_posts'.">'.
src/hooks/forum/useForumReplies.ts(92,15): error TS2769: No overload matches this call.
  Overload 1 of 2, '(relation: "interests" | "matches" | "profiles" | "events" | "connections" | "messages" | "reactions" | "conversations" | "forum_posts" | "forum_comments" | "profile_views" | "compatibility_scores" | ... 20 more ... | "push_subscriptions"): PostgrestQueryBuilder<...>', gave the following error.
  Overload 2 of 2, '(relation: never): PostgrestQueryBuilder<{ Tables: { profiles: { Row: { id: string; user_id: string; created_at: string; updated_at: string; name: string; age: number; gender: string; images: string[]; bio: string; location: Json; ... 27 more ...; profile_name_visibility: string; }; Insert: { ...; }; Update: { ...; }; Relationships: [...]; }; ... 31 more ...; push_subscriptions: { ...; }; }; Views: {}; Functions: {}; Enums: {}; CompositeTypes: {}; }, never, never, never>', gave the following error.
src/hooks/forum/useForumReplies.ts(109,48): error TS2589: Type instantiation is excessively deep and possibly infinite.
src/hooks/forum/useForumReplies.ts(110,19): error TS2769: No overload matches this call.
  Overload 1 of 2, '(relation: "interests" | "matches" | "profiles" | "events" | "connections" | "messages" | "reactions" | "conversations" | "forum_posts" | "forum_comments" | "profile_views" | "compatibility_scores" | ... 20 more ... | "push_subscriptions"): PostgrestQueryBuilder<...>', gave the following error.
  Overload 2 of 2, '(relation: never): PostgrestQueryBuilder<{ Tables: { profiles: { Row: { id: string; user_id: string; created_at: string; updated_at: string; name: string; age: number; gender: string; images: string[]; bio: string; location: Json; ... 27 more ...; profile_name_visibility: string; }; Insert: { ...; }; Update: { ...; }; Relationships: [...]; }; ... 31 more ...; push_subscriptions: { ...; }; }; Views: {}; Functions: {}; Enums: {}; CompositeTypes: {}; }, never, never, never>', gave the following error.
src/hooks/messaging/useRealTimeSubscription.ts(27,11): error TS2304: Cannot find name 'logger'.
src/hooks/social/useCommunityGroups.ts(33,26): error TS2345: Argument of type '{ id: string; name: string; description: string; category: string; image_url: string; member_count: number; is_private: boolean; created_by: string; created_at: string; }[]' is not assignable to parameter of type 'SetStateAction<CommunityGroup[]>'.
src/hooks/social/useCommunityGroups.ts(57,11): error TS2769: No overload matches this call.
  Overload 1 of 2, '(values: { id?: string; name: string; description?: string; category?: string; image_url?: string; member_count?: number; is_private?: boolean; created_by: string; created_at?: string; }, options?: { count?: "exact" | "planned" | "estimated"; }): PostgrestFilterBuilder<...>', gave the following error.
  Overload 2 of 2, '(values: { id?: string; name: string; description?: string; category?: string; image_url?: string; member_count?: number; is_private?: boolean; created_by: string; created_at?: string; }[], options?: { count?: "exact" | "planned" | "estimated"; defaultToNull?: boolean; }): PostgrestFilterBuilder<...>', gave the following error.
src/hooks/social/useCommunityGroups.ts(67,15): error TS2769: No overload matches this call.
  Overload 1 of 2, '(relation: "interests" | "matches" | "profiles" | "events" | "connections" | "messages" | "reactions" | "conversations" | "forum_posts" | "forum_comments" | "profile_views" | "compatibility_scores" | ... 20 more ... | "push_subscriptions"): PostgrestQueryBuilder<...>', gave the following error.
  Overload 2 of 2, '(relation: never): PostgrestQueryBuilder<{ Tables: { profiles: { Row: { id: string; user_id: string; created_at: string; updated_at: string; name: string; age: number; gender: string; images: string[]; bio: string; location: Json; ... 27 more ...; profile_name_visibility: string; }; Insert: { ...; }; Update: { ...; }; Relationships: [...]; }; ... 31 more ...; push_subscriptions: { ...; }; }; Views: {}; Functions: {}; Enums: {}; CompositeTypes: {}; }, never, never, never>', gave the following error.
src/hooks/social/useCommunityGroups.ts(92,15): error TS2769: No overload matches this call.
  Overload 1 of 2, '(relation: "interests" | "matches" | "profiles" | "events" | "connections" | "messages" | "reactions" | "conversations" | "forum_posts" | "forum_comments" | "profile_views" | "compatibility_scores" | ... 20 more ... | "push_subscriptions"): PostgrestQueryBuilder<...>', gave the following error.
  Overload 2 of 2, '(relation: never): PostgrestQueryBuilder<{ Tables: { profiles: { Row: { id: string; user_id: string; created_at: string; updated_at: string; name: string; age: number; gender: string; images: string[]; bio: string; location: Json; ... 27 more ...; profile_name_visibility: string; }; Insert: { ...; }; Update: { ...; }; Relationships: [...]; }; ... 31 more ...; push_subscriptions: { ...; }; }; Views: {}; Functions: {}; Enums: {}; CompositeTypes: {}; }, never, never, never>', gave the following error.
src/hooks/social/useCommunityGroups.ts(136,31): error TS2589: Type instantiation is excessively deep and possibly infinite.
src/hooks/social/useCommunityGroups.ts(137,15): error TS2769: No overload matches this call.
  Overload 1 of 2, '(relation: "interests" | "matches" | "profiles" | "events" | "connections" | "messages" | "reactions" | "conversations" | "forum_posts" | "forum_comments" | "profile_views" | "compatibility_scores" | ... 20 more ... | "push_subscriptions"): PostgrestQueryBuilder<...>', gave the following error.
  Overload 2 of 2, '(relation: never): PostgrestQueryBuilder<{ Tables: { profiles: { Row: { id: string; user_id: string; created_at: string; updated_at: string; name: string; age: number; gender: string; images: string[]; bio: string; location: Json; ... 27 more ...; profile_name_visibility: string; }; Insert: { ...; }; Update: { ...; }; Relationships: [...]; }; ... 31 more ...; push_subscriptions: { ...; }; }; Views: {}; Functions: {}; Enums: {}; CompositeTypes: {}; }, never, never, never>', gave the following error.
src/hooks/social/useUserActivities.ts(24,15): error TS2769: No overload matches this call.
  Overload 1 of 2, '(relation: "interests" | "matches" | "profiles" | "events" | "connections" | "messages" | "reactions" | "conversations" | "forum_posts" | "forum_comments" | "profile_views" | "compatibility_scores" | ... 20 more ... | "push_subscriptions"): PostgrestQueryBuilder<...>', gave the following error.
  Overload 2 of 2, '(relation: never): PostgrestQueryBuilder<{ Tables: { profiles: { Row: { id: string; user_id: string; created_at: string; updated_at: string; name: string; age: number; gender: string; images: string[]; bio: string; location: Json; ... 27 more ...; profile_name_visibility: string; }; Insert: { ...; }; Update: { ...; }; Relationships: [...]; }; ... 31 more ...; push_subscriptions: { ...; }; }; Views: {}; Functions: {}; Enums: {}; CompositeTypes: {}; }, never, never, never>', gave the following error.
src/hooks/social/useUserActivities.ts(32,13): error TS2322: Type '({ activity_type: UserActivity["activity_type"]; id: string; user_id: string; created_at: string; updated_at: string; name: string; age: number; gender: string; images: string[]; bio: string; location: Json; ... 27 more ...; profile_name_visibility: string; } | ... 31 more ... | { ...; })[]' is not assignable to type 'UserActivity[]'.
src/hooks/social/useUserActivities.ts(35,32): error TS2339: Property 'activity_type' does not exist on type '{ id: string; user_id: string; created_at: string; updated_at: string; name: string; age: number; gender: string; images: string[]; bio: string; location: Json; religion: string; caste: string; ... 25 more ...; profile_name_visibility: string; } | ... 31 more ... | { ...; }'.
src/hooks/social/useUserActivities.ts(39,35): error TS2339: Property 'activity_type' does not exist on type '{ id: string; user_id: string; created_at: string; updated_at: string; name: string; age: number; gender: string; images: string[]; bio: string; location: Json; religion: string; caste: string; ... 25 more ...; profile_name_visibility: string; } | ... 31 more ... | { ...; }'.
src/hooks/social/useUserActivities.ts(59,15): error TS2769: No overload matches this call.
  Overload 1 of 2, '(relation: "interests" | "matches" | "profiles" | "events" | "connections" | "messages" | "reactions" | "conversations" | "forum_posts" | "forum_comments" | "profile_views" | "compatibility_scores" | ... 20 more ... | "push_subscriptions"): PostgrestQueryBuilder<...>', gave the following error.
  Overload 2 of 2, '(relation: never): PostgrestQueryBuilder<{ Tables: { profiles: { Row: { id: string; user_id: string; created_at: string; updated_at: string; name: string; age: number; gender: string; images: string[]; bio: string; location: Json; ... 27 more ...; profile_name_visibility: string; }; Insert: { ...; }; Update: { ...; }; Relationships: [...]; }; ... 31 more ...; push_subscriptions: { ...; }; }; Views: {}; Functions: {}; Enums: {}; CompositeTypes: {}; }, never, never, never>', gave the following error.
src/hooks/social/useUserFollows.ts(24,15): error TS2769: No overload matches this call.
  Overload 1 of 2, '(relation: "interests" | "matches" | "profiles" | "events" | "connections" | "messages" | "reactions" | "conversations" | "forum_posts" | "forum_comments" | "profile_views" | "compatibility_scores" | ... 20 more ... | "push_subscriptions"): PostgrestQueryBuilder<...>', gave the following error.
  Overload 2 of 2, '(relation: never): PostgrestQueryBuilder<{ Tables: { profiles: { Row: { id: string; user_id: string; created_at: string; updated_at: string; name: string; age: number; gender: string; images: string[]; bio: string; location: Json; ... 27 more ...; profile_name_visibility: string; }; Insert: { ...; }; Update: { ...; }; Relationships: [...]; }; ... 31 more ...; push_subscriptions: { ...; }; }; Views: {}; Functions: {}; Enums: {}; CompositeTypes: {}; }, never, never, never>', gave the following error.
src/hooks/social/useUserFollows.ts(29,20): error TS2345: Argument of type '({ id: string; user_id: string; created_at: string; updated_at: string; name: string; age: number; gender: string; images: string[]; bio: string; location: Json; religion: string; caste: string; ... 25 more ...; profile_name_visibility: string; } | ... 31 more ... | { ...; })[]' is not assignable to parameter of type 'SetStateAction<UserFollow[]>'.
src/hooks/social/useUserFollows.ts(40,15): error TS2769: No overload matches this call.
  Overload 1 of 2, '(relation: "interests" | "matches" | "profiles" | "events" | "connections" | "messages" | "reactions" | "conversations" | "forum_posts" | "forum_comments" | "profile_views" | "compatibility_scores" | ... 20 more ... | "push_subscriptions"): PostgrestQueryBuilder<...>', gave the following error.
  Overload 2 of 2, '(relation: never): PostgrestQueryBuilder<{ Tables: { profiles: { Row: { id: string; user_id: string; created_at: string; updated_at: string; name: string; age: number; gender: string; images: string[]; bio: string; location: Json; ... 27 more ...; profile_name_visibility: string; }; Insert: { ...; }; Update: { ...; }; Relationships: [...]; }; ... 31 more ...; push_subscriptions: { ...; }; }; Views: {}; Functions: {}; Enums: {}; CompositeTypes: {}; }, never, never, never>', gave the following error.
src/hooks/social/useUserFollows.ts(45,20): error TS2345: Argument of type '({ id: string; user_id: string; created_at: string; updated_at: string; name: string; age: number; gender: string; images: string[]; bio: string; location: Json; religion: string; caste: string; ... 25 more ...; profile_name_visibility: string; } | ... 31 more ... | { ...; })[]' is not assignable to parameter of type 'SetStateAction<UserFollow[]>'.
src/hooks/social/useUserFollows.ts(59,15): error TS2769: No overload matches this call.
  Overload 1 of 2, '(relation: "interests" | "matches" | "profiles" | "events" | "connections" | "messages" | "reactions" | "conversations" | "forum_posts" | "forum_comments" | "profile_views" | "compatibility_scores" | ... 20 more ... | "push_subscriptions"): PostgrestQueryBuilder<...>', gave the following error.
  Overload 2 of 2, '(relation: never): PostgrestQueryBuilder<{ Tables: { profiles: { Row: { id: string; user_id: string; created_at: string; updated_at: string; name: string; age: number; gender: string; images: string[]; bio: string; location: Json; ... 27 more ...; profile_name_visibility: string; }; Insert: { ...; }; Update: { ...; }; Relationships: [...]; }; ... 31 more ...; push_subscriptions: { ...; }; }; Views: {}; Functions: {}; Enums: {}; CompositeTypes: {}; }, never, never, never>', gave the following error.
src/hooks/social/useUserFollows.ts(88,31): error TS2589: Type instantiation is excessively deep and possibly infinite.
src/hooks/social/useUserFollows.ts(88,31): error TS2589: Type instantiation is excessively deep and possibly infinite.
src/hooks/social/useUserFollows.ts(89,15): error TS2769: No overload matches this call.
  Overload 1 of 2, '(relation: "interests" | "matches" | "profiles" | "events" | "connections" | "messages" | "reactions" | "conversations" | "forum_posts" | "forum_comments" | "profile_views" | "compatibility_scores" | ... 20 more ... | "push_subscriptions"): PostgrestQueryBuilder<...>', gave the following error.
  Overload 2 of 2, '(relation: never): PostgrestQueryBuilder<{ Tables: { profiles: { Row: { id: string; user_id: string; created_at: string; updated_at: string; name: string; age: number; gender: string; images: string[]; bio: string; location: Json; ... 27 more ...; profile_name_visibility: string; }; Insert: { ...; }; Update: { ...; }; Relationships: [...]; }; ... 31 more ...; push_subscriptions: { ...; }; }; Views: {}; Functions: {}; Enums: {}; CompositeTypes: {}; }, never, never, never>', gave the following error.
src/hooks/useAdmin.ts(99,7): error TS2304: Cannot find name 'logger'.
src/hooks/useAdvancedSearch.ts(115,17): error TS2589: Type instantiation is excessively deep and possibly infinite.
src/hooks/useCompatibility.ts(122,13): error TS2769: No overload matches this call.
  Overload 1 of 2, '(relation: "interests" | "matches" | "profiles" | "events" | "connections" | "messages" | "reactions" | "conversations" | "forum_posts" | "forum_comments" | "profile_views" | "compatibility_scores" | ... 20 more ... | "push_subscriptions"): PostgrestQueryBuilder<...>', gave the following error.
  Overload 2 of 2, '(relation: never): PostgrestQueryBuilder<{ Tables: { profiles: { Row: { id: string; user_id: string; created_at: string; updated_at: string; name: string; age: number; gender: string; images: string[]; bio: string; location: Json; ... 27 more ...; profile_name_visibility: string; }; Insert: { ...; }; Update: { ...; }; Relationships: [...]; }; ... 31 more ...; push_subscriptions: { ...; }; }; Views: {}; Functions: {}; Enums: {}; CompositeTypes: {}; }, never, never, never>', gave the following error.
src/hooks/useCompatibility.ts(129,33): error TS2339: Property 'overall_score' does not exist on type '{ id: string; user_id: string; created_at: string; updated_at: string; name: string; age: number; gender: string; images: string[]; bio: string; location: Json; religion: string; caste: string; ... 25 more ...; profile_name_visibility: string; } | ... 31 more ... | { ...; }'.
src/hooks/useCompatibility.ts(130,36): error TS2339: Property 'guna_milan_score' does not exist on type '{ id: string; user_id: string; created_at: string; updated_at: string; name: string; age: number; gender: string; images: string[]; bio: string; location: Json; religion: string; caste: string; ... 25 more ...; profile_name_visibility: string; } | ... 31 more ... | { ...; }'.
src/hooks/useCompatibility.ts(131,37): error TS2339: Property 'personality_score' does not exist on type '{ id: string; user_id: string; created_at: string; updated_at: string; name: string; age: number; gender: string; images: string[]; bio: string; location: Json; religion: string; caste: string; ... 25 more ...; profile_name_visibility: string; } | ... 31 more ... | { ...; }'.
src/hooks/useCompatibility.ts(132,35): error TS2339: Property 'lifestyle_score' does not exist on type '{ id: string; user_id: string; created_at: string; updated_at: string; name: string; age: number; gender: string; images: string[]; bio: string; location: Json; religion: string; caste: string; ... 25 more ...; profile_name_visibility: string; } | ... 31 more ... | { ...; }'.
src/hooks/useCompatibility.ts(133,32): error TS2339: Property 'family_score' does not exist on type '{ id: string; user_id: string; created_at: string; updated_at: string; name: string; age: number; gender: string; images: string[]; bio: string; location: Json; religion: string; caste: string; ... 25 more ...; profile_name_visibility: string; } | ... 31 more ... | { ...; }'.
src/hooks/useCompatibility.ts(134,21): error TS2339: Property 'compatibility_details' does not exist on type '{ id: string; user_id: string; created_at: string; updated_at: string; name: string; age: number; gender: string; images: string[]; bio: string; location: Json; religion: string; caste: string; ... 25 more ...; profile_name_visibility: string; } | ... 31 more ... | { ...; }'.
src/hooks/useEvents.ts(29,37): error TS2589: Type instantiation is excessively deep and possibly infinite.
src/hooks/useEvents.ts(36,17): error TS2345: Argument of type '{ id: string; title: string; description: string; date: string; time: string; location: string; image: string; max_participants: number; current_participants: number; price: number; organizer_id: string; created_at: string; }[]' is not assignable to parameter of type 'SetStateAction<Event[]>'.
src/hooks/useEvents.ts(56,11): error TS2769: No overload matches this call.
  Overload 1 of 2, '(values: { id?: string; title: string; description: string; date: string; time: string; location: string; image?: string; max_participants?: number; current_participants?: number; price?: number; organizer_id: string; created_at?: string; }, options?: { ...; }): PostgrestFilterBuilder<...>', gave the following error.
  Overload 2 of 2, '(values: { id?: string; title: string; description: string; date: string; time: string; location: string; image?: string; max_participants?: number; current_participants?: number; price?: number; organizer_id: string; created_at?: string; }[], options?: { ...; }): PostgrestFilterBuilder<...>', gave the following error.
src/hooks/useEvents.ts(66,15): error TS2769: No overload matches this call.
  Overload 1 of 2, '(relation: "interests" | "matches" | "profiles" | "events" | "connections" | "messages" | "reactions" | "conversations" | "forum_posts" | "forum_comments" | "profile_views" | "compatibility_scores" | ... 20 more ... | "push_subscriptions"): PostgrestQueryBuilder<...>', gave the following error.
  Overload 2 of 2, '(relation: never): PostgrestQueryBuilder<{ Tables: { profiles: { Row: { id: string; user_id: string; created_at: string; updated_at: string; name: string; age: number; gender: string; images: string[]; bio: string; location: Json; ... 27 more ...; profile_name_visibility: string; }; Insert: { ...; }; Update: { ...; }; Relationships: [...]; }; ... 31 more ...; push_subscriptions: { ...; }; }; Views: {}; Functions: {}; Enums: {}; CompositeTypes: {}; }, never, never, never>', gave the following error.
src/hooks/useEvents.ts(91,51): error TS2589: Type instantiation is excessively deep and possibly infinite.
src/hooks/useEvents.ts(92,15): error TS2769: No overload matches this call.
  Overload 1 of 2, '(relation: "interests" | "matches" | "profiles" | "events" | "connections" | "messages" | "reactions" | "conversations" | "forum_posts" | "forum_comments" | "profile_views" | "compatibility_scores" | ... 20 more ... | "push_subscriptions"): PostgrestQueryBuilder<...>', gave the following error.
  Overload 2 of 2, '(relation: never): PostgrestQueryBuilder<{ Tables: { profiles: { Row: { id: string; user_id: string; created_at: string; updated_at: string; name: string; age: number; gender: string; images: string[]; bio: string; location: Json; ... 27 more ...; profile_name_visibility: string; }; Insert: { ...; }; Update: { ...; }; Relationships: [...]; }; ... 31 more ...; push_subscriptions: { ...; }; }; Views: {}; Functions: {}; Enums: {}; CompositeTypes: {}; }, never, never, never>', gave the following error.
src/hooks/useEvents.ts(105,15): error TS2769: No overload matches this call.
  Overload 1 of 2, '(relation: "interests" | "matches" | "profiles" | "events" | "connections" | "messages" | "reactions" | "conversations" | "forum_posts" | "forum_comments" | "profile_views" | "compatibility_scores" | ... 20 more ... | "push_subscriptions"): PostgrestQueryBuilder<...>', gave the following error.
  Overload 2 of 2, '(relation: never): PostgrestQueryBuilder<{ Tables: { profiles: { Row: { id: string; user_id: string; created_at: string; updated_at: string; name: string; age: number; gender: string; images: string[]; bio: string; location: Json; ... 27 more ...; profile_name_visibility: string; }; Insert: { ...; }; Update: { ...; }; Relationships: [...]; }; ... 31 more ...; push_subscriptions: { ...; }; }; Views: {}; Functions: {}; Enums: {}; CompositeTypes: {}; }, never, never, never>', gave the following error.
src/hooks/useEvents.ts(146,15): error TS2769: No overload matches this call.
  Overload 1 of 2, '(relation: "interests" | "matches" | "profiles" | "events" | "connections" | "messages" | "reactions" | "conversations" | "forum_posts" | "forum_comments" | "profile_views" | "compatibility_scores" | ... 20 more ... | "push_subscriptions"): PostgrestQueryBuilder<...>', gave the following error.
  Overload 2 of 2, '(relation: never): PostgrestQueryBuilder<{ Tables: { profiles: { Row: { id: string; user_id: string; created_at: string; updated_at: string; name: string; age: number; gender: string; images: string[]; bio: string; location: Json; ... 27 more ...; profile_name_visibility: string; }; Insert: { ...; }; Update: { ...; }; Relationships: [...]; }; ... 31 more ...; push_subscriptions: { ...; }; }; Views: {}; Functions: {}; Enums: {}; CompositeTypes: {}; }, never, never, never>', gave the following error.
src/hooks/useInterests.ts(40,15): error TS2769: No overload matches this call.
  Overload 1 of 2, '(relation: "interests" | "matches" | "profiles" | "events" | "connections" | "messages" | "reactions" | "conversations" | "forum_posts" | "forum_comments" | "profile_views" | "compatibility_scores" | ... 20 more ... | "push_subscriptions"): PostgrestQueryBuilder<...>', gave the following error.
  Overload 2 of 2, '(relation: never): PostgrestQueryBuilder<{ Tables: { profiles: { Row: { id: string; user_id: string; created_at: string; updated_at: string; name: string; age: number; gender: string; images: string[]; bio: string; location: Json; ... 27 more ...; profile_name_visibility: string; }; Insert: { ...; }; Update: { ...; }; Relationships: [...]; }; ... 31 more ...; push_subscriptions: { ...; }; }; Views: {}; Functions: {}; Enums: {}; CompositeTypes: {}; }, never, never, never>', gave the following error.
src/hooks/useInterests.ts(45,20): error TS2345: Argument of type '({ id: string; user_id: string; created_at: string; updated_at: string; name: string; age: number; gender: string; images: string[]; bio: string; location: Json; religion: string; caste: string; ... 25 more ...; profile_name_visibility: string; } | ... 31 more ... | { ...; })[]' is not assignable to parameter of type 'SetStateAction<UserInterest[]>'.
src/hooks/useInterests.ts(48,54): error TS2589: Type instantiation is excessively deep and possibly infinite.
src/hooks/useInterests.ts(49,15): error TS2769: No overload matches this call.
  Overload 1 of 2, '(relation: "interests" | "matches" | "profiles" | "events" | "connections" | "messages" | "reactions" | "conversations" | "forum_posts" | "forum_comments" | "profile_views" | "compatibility_scores" | ... 20 more ... | "push_subscriptions"): PostgrestQueryBuilder<...>', gave the following error.
  Overload 2 of 2, '(relation: never): PostgrestQueryBuilder<{ Tables: { profiles: { Row: { id: string; user_id: string; created_at: string; updated_at: string; name: string; age: number; gender: string; images: string[]; bio: string; location: Json; ... 27 more ...; profile_name_visibility: string; }; Insert: { ...; }; Update: { ...; }; Relationships: [...]; }; ... 31 more ...; push_subscriptions: { ...; }; }; Views: {}; Functions: {}; Enums: {}; CompositeTypes: {}; }, never, never, never>', gave the following error.
src/hooks/useInterests.ts(54,24): error TS2345: Argument of type '({ id: string; user_id: string; created_at: string; updated_at: string; name: string; age: number; gender: string; images: string[]; bio: string; location: Json; religion: string; caste: string; ... 25 more ...; profile_name_visibility: string; } | ... 31 more ... | { ...; })[]' is not assignable to parameter of type 'SetStateAction<InterestExchange[]>'.
src/hooks/useInterests.ts(57,62): error TS2589: Type instantiation is excessively deep and possibly infinite.
src/hooks/useInterests.ts(58,15): error TS2769: No overload matches this call.
  Overload 1 of 2, '(relation: "interests" | "matches" | "profiles" | "events" | "connections" | "messages" | "reactions" | "conversations" | "forum_posts" | "forum_comments" | "profile_views" | "compatibility_scores" | ... 20 more ... | "push_subscriptions"): PostgrestQueryBuilder<...>', gave the following error.
  Overload 2 of 2, '(relation: never): PostgrestQueryBuilder<{ Tables: { profiles: { Row: { id: string; user_id: string; created_at: string; updated_at: string; name: string; age: number; gender: string; images: string[]; bio: string; location: Json; ... 27 more ...; profile_name_visibility: string; }; Insert: { ...; }; Update: { ...; }; Relationships: [...]; }; ... 31 more ...; push_subscriptions: { ...; }; }; Views: {}; Functions: {}; Enums: {}; CompositeTypes: {}; }, never, never, never>', gave the following error.
src/hooks/useInterests.ts(63,28): error TS2345: Argument of type '({ id: string; user_id: string; created_at: string; updated_at: string; name: string; age: number; gender: string; images: string[]; bio: string; location: Json; religion: string; caste: string; ... 25 more ...; profile_name_visibility: string; } | ... 31 more ... | { ...; })[]' is not assignable to parameter of type 'SetStateAction<InterestExchange[]>'.
src/hooks/useInterests.ts(67,39): error TS2339: Property 'status' does not exist on type '{ id: string; user_id: string; created_at: string; updated_at: string; name: string; age: number; gender: string; images: string[]; bio: string; location: Json; religion: string; caste: string; ... 25 more ...; profile_name_visibility: string; } | ... 31 more ... | { ...; }'.
src/hooks/useInterests.ts(68,43): error TS2339: Property 'status' does not exist on type '{ id: string; user_id: string; created_at: string; updated_at: string; name: string; age: number; gender: string; images: string[]; bio: string; location: Json; religion: string; caste: string; ... 25 more ...; profile_name_visibility: string; } | ... 31 more ... | { ...; }'.
src/hooks/useInterests.ts(70,26): error TS2345: Argument of type '({ id: string; user_id: string; created_at: string; updated_at: string; name: string; age: number; gender: string; images: string[]; bio: string; location: Json; religion: string; caste: string; ... 25 more ...; profile_name_visibility: string; } | ... 30 more ... | { ...; })[]' is not assignable to parameter of type 'SetStateAction<InterestExchange[]>'.
src/hooks/useInterests.ts(123,15): error TS2769: No overload matches this call.
  Overload 1 of 2, '(relation: "interests" | "matches" | "profiles" | "events" | "connections" | "messages" | "reactions" | "conversations" | "forum_posts" | "forum_comments" | "profile_views" | "compatibility_scores" | ... 20 more ... | "push_subscriptions"): PostgrestQueryBuilder<...>', gave the following error.
  Overload 2 of 2, '(relation: never): PostgrestQueryBuilder<{ Tables: { profiles: { Row: { id: string; user_id: string; created_at: string; updated_at: string; name: string; age: number; gender: string; images: string[]; bio: string; location: Json; ... 27 more ...; profile_name_visibility: string; }; Insert: { ...; }; Update: { ...; }; Relationships: [...]; }; ... 31 more ...; push_subscriptions: { ...; }; }; Views: {}; Functions: {}; Enums: {}; CompositeTypes: {}; }, never, never, never>', gave the following error.
src/hooks/useInterests.ts(134,20): error TS2345: Argument of type '(prev: UserInterest[]) => ({ id: string; user_id: string; created_at: string; updated_at: string; name: string; age: number; gender: string; images: string[]; bio: string; location: Json; ... 27 more ...; profile_name_visibility: string; } | ... 31 more ... | UserInterest)[]' is not assignable to parameter of type 'SetStateAction<UserInterest[]>'.
src/hooks/useInterests.ts(152,15): error TS2769: No overload matches this call.
  Overload 1 of 2, '(relation: "interests" | "matches" | "profiles" | "events" | "connections" | "messages" | "reactions" | "conversations" | "forum_posts" | "forum_comments" | "profile_views" | "compatibility_scores" | ... 20 more ... | "push_subscriptions"): PostgrestQueryBuilder<...>', gave the following error.
  Overload 2 of 2, '(relation: never): PostgrestQueryBuilder<{ Tables: { profiles: { Row: { id: string; user_id: string; created_at: string; updated_at: string; name: string; age: number; gender: string; images: string[]; bio: string; location: Json; ... 27 more ...; profile_name_visibility: string; }; Insert: { ...; }; Update: { ...; }; Relationships: [...]; }; ... 31 more ...; push_subscriptions: { ...; }; }; Views: {}; Functions: {}; Enums: {}; CompositeTypes: {}; }, never, never, never>', gave the following error.
src/hooks/useInterests.ts(177,15): error TS2769: No overload matches this call.
  Overload 1 of 2, '(relation: "interests" | "matches" | "profiles" | "events" | "connections" | "messages" | "reactions" | "conversations" | "forum_posts" | "forum_comments" | "profile_views" | "compatibility_scores" | ... 20 more ... | "push_subscriptions"): PostgrestQueryBuilder<...>', gave the following error.
  Overload 2 of 2, '(relation: never): PostgrestQueryBuilder<{ Tables: { profiles: { Row: { id: string; user_id: string; created_at: string; updated_at: string; name: string; age: number; gender: string; images: string[]; bio: string; location: Json; ... 27 more ...; profile_name_visibility: string; }; Insert: { ...; }; Update: { ...; }; Relationships: [...]; }; ... 31 more ...; push_subscriptions: { ...; }; }; Views: {}; Functions: {}; Enums: {}; CompositeTypes: {}; }, never, never, never>', gave the following error.
src/hooks/useInterests.ts(206,15): error TS2769: No overload matches this call.
  Overload 1 of 2, '(relation: "interests" | "matches" | "profiles" | "events" | "connections" | "messages" | "reactions" | "conversations" | "forum_posts" | "forum_comments" | "profile_views" | "compatibility_scores" | ... 20 more ... | "push_subscriptions"): PostgrestQueryBuilder<...>', gave the following error.
  Overload 2 of 2, '(relation: never): PostgrestQueryBuilder<{ Tables: { profiles: { Row: { id: string; user_id: string; created_at: string; updated_at: string; name: string; age: number; gender: string; images: string[]; bio: string; location: Json; ... 27 more ...; profile_name_visibility: string; }; Insert: { ...; }; Update: { ...; }; Relationships: [...]; }; ... 31 more ...; push_subscriptions: { ...; }; }; Views: {}; Functions: {}; Enums: {}; CompositeTypes: {}; }, never, never, never>', gave the following error.
src/hooks/useProfile.ts(54,14): error TS2352: Conversion of type '{ id: string; user_id: string; created_at: string; updated_at: string; name: string; age: number; gender: string; images: string[]; bio: string; location: Json; religion: string; caste: string; subcaste: string; ... 24 more ...; profile_name_visibility: string; }' to type 'Profile' may be a mistake because neither type sufficiently overlaps with the other. If this was intentional, convert the expression to 'unknown' first.
src/hooks/useProfilePrivacy.ts(12,10): error TS2769: No overload matches this call.
  Overload 1 of 2, '(values: { id?: string; user_id: string; blocked_user_id: string; created_at?: string; }, options?: { count?: "exact" | "planned" | "estimated"; }): PostgrestFilterBuilder<{ Tables: { profiles: { Row: { id: string; user_id: string; ... 35 more ...; profile_name_visibility: string; }; Insert: { ...; }; Update: { ...; }; Relationships: [...]; }; ... 31 more ...; push_subscriptions: { ...; }; }; Views: {}; Functions: {}; Enums: {}; CompositeTypes: {}; }, { ...; }, null, "blocked_users", []>', gave the following error.
  Overload 2 of 2, '(values: { id?: string; user_id: string; blocked_user_id: string; created_at?: string; }[], options?: { count?: "exact" | "planned" | "estimated"; defaultToNull?: boolean; }): PostgrestFilterBuilder<{ Tables: { profiles: { ...; }; ... 31 more ...; push_subscriptions: { ...; }; }; Views: {}; Functions: {}; Enums: {}; CompositeTypes: {}; }, { ...; }, null, "blocked_users", []>', gave the following error.
src/hooks/useProfilePrivacy.ts(34,15): error TS2769: No overload matches this call.
  Overload 1 of 2, '(relation: "interests" | "matches" | "profiles" | "events" | "connections" | "messages" | "reactions" | "conversations" | "forum_posts" | "forum_comments" | "profile_views" | "compatibility_scores" | ... 20 more ... | "push_subscriptions"): PostgrestQueryBuilder<...>', gave the following error.
  Overload 2 of 2, '(relation: never): PostgrestQueryBuilder<{ Tables: { profiles: { Row: { id: string; user_id: string; created_at: string; updated_at: string; name: string; age: number; gender: string; images: string[]; bio: string; location: Json; ... 27 more ...; profile_name_visibility: string; }; Insert: { ...; }; Update: { ...; }; Relationships: [...]; }; ... 31 more ...; push_subscriptions: { ...; }; }; Views: {}; Functions: {}; Enums: {}; CompositeTypes: {}; }, never, never, never>', gave the following error.
src/hooks/useProfilePrivacy.ts(36,11): error TS2769: No overload matches this call.
  Overload 1 of 2, '(values: { id?: string; user_id: string; created_at?: string; updated_at?: string; name: string; age: number; gender: string; images?: string[]; bio?: string; location: Json; religion: string; caste?: string; ... 25 more ...; profile_name_visibility?: string; } | ... 31 more ... | { ...; }, options?: { ...; }): PostgrestFilterBuilder<...>', gave the following error.
  Overload 2 of 2, '(values: ({ id?: string; user_id: string; created_at?: string; updated_at?: string; name: string; age: number; gender: string; images?: string[]; bio?: string; location: Json; religion: string; caste?: string; ... 25 more ...; profile_name_visibility?: string; } | ... 31 more ... | { ...; })[], options?: { ...; }): PostgrestFilterBuilder<...>', gave the following error.
src/hooks/useProfileSearch.ts(116,29): error TS2352: Conversion of type '{ id: string; user_id: string; created_at: string; updated_at: string; name: string; age: number; gender: string; images: string[]; bio: string; location: Json; religion: string; caste: string; subcaste: string; ... 24 more ...; profile_name_visibility: string; }[]' to type 'UserProfile[]' may be a mistake because neither type sufficiently overlaps with the other. If this was intentional, convert the expression to 'unknown' first.
src/hooks/useProfileSearch.ts(180,11): error TS2352: Conversion of type '{ id: string; user_id: string; created_at: string; updated_at: string; name: string; age: number; gender: string; images: string[]; bio: string; location: Json; religion: string; caste: string; subcaste: string; ... 24 more ...; profile_name_visibility: string; }[]' to type 'UserProfile[]' may be a mistake because neither type sufficiently overlaps with the other. If this was intentional, convert the expression to 'unknown' first.
src/hooks/useRealTimeMessages.ts(153,7): error TS2304: Cannot find name 'getUnreadCount'.
src/hooks/useRealTimeMessages.ts(156,9): error TS2304: Cannot find name 'logger'.
src/hooks/useRealTimeMessages.ts(169,51): error TS2304: Cannot find name 'getUnreadCount'.
src/hooks/useRealTimeMessages.ts(187,5): error TS18004: No value exists in scope for the shorthand property 'sendMessage'. Either declare one or provide an initializer.
src/hooks/useRealTimeMessages.ts(188,5): error TS18004: No value exists in scope for the shorthand property 'markAsRead'. Either declare one or provide an initializer.
src/hooks/useRealTimeMessages.ts(189,5): error TS18004: No value exists in scope for the shorthand property 'sendTypingIndicator'. Either declare one or provide an initializer.
src/hooks/useRealTimeMessages.ts(190,5): error TS18004: No value exists in scope for the shorthand property 'deleteMessage'. Either declare one or provide an initializer.
src/hooks/useRealTimeMessages.ts(191,5): error TS18004: No value exists in scope for the shorthand property 'editMessage'. Either declare one or provide an initializer.
src/hooks/useRealTimeMessages.ts(193,5): error TS18004: No value exists in scope for the shorthand property 'getUnreadCount'. Either declare one or provide an initializer.
src/hooks/useShortlist.ts(17,11): error TS2769: No overload matches this call.
  Overload 1 of 2, '(values: { id?: string; user1_id: string; user2_id: string; compatibility_score?: number; status?: string; created_at?: string; updated_at?: string; }, options?: { count?: "exact" | "planned" | "estimated"; }): PostgrestFilterBuilder<...>', gave the following error.
  Overload 2 of 2, '(values: { id?: string; user1_id: string; user2_id: string; compatibility_score?: number; status?: string; created_at?: string; updated_at?: string; }[], options?: { count?: "exact" | "planned" | "estimated"; defaultToNull?: boolean; }): PostgrestFilterBuilder<...>', gave the following error.
src/hooks/useShortlist.ts(40,31): error TS2589: Type instantiation is excessively deep and possibly infinite.
src/hooks/useShortlist.ts(40,31): error TS2589: Type instantiation is excessively deep and possibly infinite.
src/hooks/useSuccessStories.ts(28,37): error TS2589: Type instantiation is excessively deep and possibly infinite.
src/hooks/useSuccessStories.ts(28,37): error TS2589: Type instantiation is excessively deep and possibly infinite.
src/hooks/useSuccessStories.ts(36,18): error TS2345: Argument of type '{ id: string; user1_id: string; user2_id: string; story: string; images: string[]; approved: boolean; created_at: string; }[]' is not assignable to parameter of type 'SetStateAction<SuccessStory[]>'.
src/lib/api.ts(290,31): error TS2339: Property 'length' does not exist on type 'unknown'.
src/lib/matching-algorithm.ts(119,25): error TS2339: Property 'city' does not exist on type 'string | LocationData'.
src/lib/matching-algorithm.ts(119,51): error TS2339: Property 'city' does not exist on type 'string | LocationData'.
src/lib/matching-algorithm.ts(120,25): error TS2339: Property 'city' does not exist on type 'string | LocationData'.
src/lib/matching-algorithm.ts(120,66): error TS2339: Property 'city' does not exist on type 'string | LocationData'.
src/lib/matching-algorithm.ts(124,30): error TS2339: Property 'state' does not exist on type 'string | LocationData'.
src/lib/matching-algorithm.ts(124,57): error TS2339: Property 'state' does not exist on type 'string | LocationData'.
src/lib/matching-algorithm.ts(125,30): error TS2339: Property 'state' does not exist on type 'string | LocationData'.
src/lib/matching-algorithm.ts(125,72): error TS2339: Property 'state' does not exist on type 'string | LocationData'.
src/lib/matching-algorithm.ts(129,30): error TS2339: Property 'country' does not exist on type 'string | LocationData'.
src/lib/matching-algorithm.ts(129,59): error TS2339: Property 'country' does not exist on type 'string | LocationData'.
src/lib/matching-algorithm.ts(130,30): error TS2339: Property 'country' does not exist on type 'string | LocationData'.
src/lib/matching-algorithm.ts(130,74): error TS2339: Property 'country' does not exist on type 'string | LocationData'.
src/lib/matching-algorithm.ts(137,56): error TS2339: Property 'city' does not exist on type 'string | LocationData'.
src/lib/matching-algorithm.ts(138,56): error TS2339: Property 'state' does not exist on type 'string | LocationData'.
src/lib/matching-algorithm.ts(139,56): error TS2339: Property 'country' does not exist on type 'string | LocationData'.
src/pages/admin/components/EventsManagementTab.tsx(73,11): error TS2353: Object literal may only specify known properties, and 'event_date' does not exist in type 'Event'.
src/pages/admin/components/EventsManagementTab.tsx(83,11): error TS2353: Object literal may only specify known properties, and 'event_date' does not exist in type 'Event'.
src/pages/admin/components/EventsManagementTab.tsx(128,38): error TS2339: Property 'event_date' does not exist on type 'EventFormData'.
src/pages/admin/components/EventsManagementTab.tsx(135,40): error TS2304: Cannot find name 'supabase'.
src/pages/Dashboard.tsx(113,11): error TS2589: Type instantiation is excessively deep and possibly infinite.
src/pages/EventDetails.tsx(33,9): error TS2353: Object literal may only specify known properties, and 'event_date' does not exist in type 'SetStateAction<Event>'.
src/pages/EventDetails.tsx(99,46): error TS2339: Property 'event_date' does not exist on type 'Event'.
src/pages/EventDetails.tsx(100,66): error TS2339: Property 'capacity' does not exist on type 'Event'.
src/pages/EventDetails.tsx(101,35): error TS2339: Property 'capacity' does not exist on type 'Event'.
src/pages/EventDetails.tsx(130,20): error TS2339: Property 'image_url' does not exist on type 'Event'.
src/pages/EventDetails.tsx(132,33): error TS2339: Property 'image_url' does not exist on type 'Event'.
src/pages/EventDetails.tsx(136,21): error TS2339: Property 'image_url' does not exist on type 'Event'.
src/pages/EventDetails.tsx(169,66): error TS2339: Property 'event_date' does not exist on type 'Event'.
src/pages/EventDetails.tsx(170,76): error TS2339: Property 'event_date' does not exist on type 'Event'.
src/pages/EventDetails.tsx(191,88): error TS2339: Property 'capacity' does not exist on type 'Event'.
src/pages/Events.tsx(36,11): error TS2353: Object literal may only specify known properties, and 'event_date' does not exist in type 'Event'.
src/pages/Events.tsx(47,11): error TS2353: Object literal may only specify known properties, and 'event_date' does not exist in type 'Event'.
src/pages/Events.tsx(58,11): error TS2353: Object literal may only specify known properties, and 'event_date' does not exist in type 'Event'.
src/pages/Events.tsx(147,81): error TS2339: Property 'capacity' does not exist on type 'Event'.
src/pages/Events.tsx(159,77): error TS2339: Property 'capacity' does not exist on type 'Event'.
src/pages/Events.tsx(169,60): error TS2339: Property 'event_date' does not exist on type 'Event'.
src/pages/Events.tsx(170,70): error TS2339: Property 'event_date' does not exist on type 'Event'.
src/pages/Events.tsx(292,64): error TS2339: Property 'event_date' does not exist on type 'Event'.
src/pages/Events.tsx(296,64): error TS2339: Property 'event_date' does not exist on type 'Event'.
src/pages/MyFavorites.tsx(155,9): error TS2304: Cannot find name 'logger'.
src/pages/NewMembers.tsx(215,9): error TS2304: Cannot find name 'logger'.
src/pages/Online.tsx(40,70): error TS2339: Property 'data' does not exist on type 'unknown'.
src/pages/OnlineProfiles.tsx(116,9): error TS2304: Cannot find name 'logger'.
src/pages/PhotoManagement.tsx(70,5): error TS2304: Cannot find name 'logger'.
src/pages/PhotoManagement.tsx(75,5): error TS2304: Cannot find name 'logger'.
src/pages/PhotoManagement.tsx(80,5): error TS2304: Cannot find name 'logger'.
src/pages/Profile.tsx(84,5): error TS2304: Cannot find name 'logger'.
src/pages/Profile.tsx(90,5): error TS2304: Cannot find name 'logger'.
src/pages/Profile.tsx(94,3): error TS2304: Cannot find name 'logger'.
src/pages/Register.tsx(14,57): error TS2339: Property 'isAuthenticated' does not exist on type 'AuthContextType'.
src/pages/Schedule.tsx(58,15): error TS2322: Type 'Profile[]' is not assignable to type 'import("d:/brahminsoul/brahminsoul/New folder/brahmin-soulmate-connect-main/src/types/profile").Profile[]'.
src/pages/Schedule.tsx(66,13): error TS2322: Type 'Profile[]' is not assignable to type 'import("d:/brahminsoul/brahminsoul/New folder/brahmin-soulmate-connect-main/src/types/profile").Profile[]'.
src/pages/Schedule.tsx(81,13): error TS2322: Type 'Profile[]' is not assignable to type 'import("d:/brahminsoul/brahminsoul/New folder/brahmin-soulmate-connect-main/src/types/profile").Profile[]'.
src/pages/Schedule.tsx(88,13): error TS2322: Type 'Profile[]' is not assignable to type 'import("d:/brahminsoul/brahminsoul/New folder/brahmin-soulmate-connect-main/src/types/profile").Profile[]'.
src/pages/Search.tsx(237,9): error TS2304: Cannot find name 'logger'.
src/pages/search/page.tsx(66,45): error TS2304: Cannot find name 'logger'.
src/pages/search/page.tsx(67,42): error TS2304: Cannot find name 'logger'.
src/pages/search/page.tsx(68,34): error TS2304: Cannot find name 'logger'.
src/pages/VDates.tsx(234,37): error TS2339: Property 'full_name' does not exist on type '{ user_id: string; name: string; images: string[]; }'.
src/pages/VDates.tsx(262,33): error TS2339: Property 'profile_photo_url' does not exist on type '{ user_id: string; name: string; images: string[]; }'.
src/pages/VDates.tsx(263,33): error TS2339: Property 'full_name' does not exist on type '{ user_id: string; name: string; images: string[]; }'.
src/pages/VDates.tsx(266,54): error TS2339: Property 'full_name' does not exist on type '{ user_id: string; name: string; images: string[]; }'.
src/pages/VDates.tsx(446,43): error TS2339: Property 'profile_photo_url' does not exist on type '{ user_id: string; name: string; images: string[]; }'.
src/pages/VDates.tsx(447,43): error TS2339: Property 'full_name' does not exist on type '{ user_id: string; name: string; images: string[]; }'.
src/pages/VDates.tsx(451,69): error TS2339: Property 'full_name' does not exist on type '{ user_id: string; name: string; images: string[]; }'.
src/pages/VDates.tsx(532,43): error TS2339: Property 'profile_photo_url' does not exist on type '{ user_id: string; name: string; images: string[]; }'.
src/pages/VDates.tsx(533,43): error TS2339: Property 'full_name' does not exist on type '{ user_id: string; name: string; images: string[]; }'.
src/pages/VDates.tsx(537,69): error TS2339: Property 'full_name' does not exist on type '{ user_id: string; name: string; images: string[]; }'.
src/pages/WhoViewedYou.tsx(210,9): error TS2304: Cannot find name 'logger'.
src/pages/YouViewed.tsx(225,9): error TS2304: Cannot find name 'logger'.
src/services/aiMatchingService.ts(102,42): error TS2339: Property 'supabase' does not exist on type 'AIMatchingService'.
src/services/aiMatchingService.ts(119,42): error TS2339: Property 'supabase' does not exist on type 'AIMatchingService'.
src/services/aiMatchingService.ts(122,37): error TS2551: Property 'user_id' does not exist on type 'Profile'. Did you mean 'userId'?
src/services/aiMatchingService.ts(124,37): error TS2339: Property 'religion' does not exist on type 'Profile'.
src/services/aiMatchingService.ts(140,42): error TS2339: Property 'supabase' does not exist on type 'AIMatchingService'.
src/services/aiMatchingService.ts(147,46): error TS2339: Property 'supabase' does not exist on type 'AIMatchingService'.
src/services/aiMatchingService.ts(154,45): error TS2339: Property 'supabase' does not exist on type 'AIMatchingService'.
src/services/aiMatchingService.ts(254,32): error TS2339: Property 'subscription_type' does not exist on type 'Profile'.
src/services/aiMatchingService.ts(286,21): error TS2339: Property 'age_min' does not exist on type 'ProfilePreference'.
src/services/aiMatchingService.ts(286,44): error TS2339: Property 'age_max' does not exist on type 'ProfilePreference'.
src/services/aiMatchingService.ts(287,40): error TS2339: Property 'age_min' does not exist on type 'ProfilePreference'.
src/services/aiMatchingService.ts(287,80): error TS2339: Property 'age_max' does not exist on type 'ProfilePreference'.
src/services/aiMatchingService.ts(295,21): error TS2339: Property 'height_min' does not exist on type 'ProfilePreference'.
src/services/aiMatchingService.ts(295,47): error TS2339: Property 'height_max' does not exist on type 'ProfilePreference'.
src/services/aiMatchingService.ts(296,43): error TS2339: Property 'height_min' does not exist on type 'ProfilePreference'.
src/services/aiMatchingService.ts(296,89): error TS2339: Property 'height_max' does not exist on type 'ProfilePreference'.
src/services/aiMatchingService.ts(304,21): error TS2339: Property 'caste' does not exist on type 'ProfilePreference'.
src/services/aiMatchingService.ts(304,42): error TS2339: Property 'caste' does not exist on type 'ProfilePreference'.
src/services/aiMatchingService.ts(305,23): error TS2339: Property 'caste' does not exist on type 'ProfilePreference'.
src/services/aiMatchingService.ts(305,48): error TS2339: Property 'caste' does not exist on type 'Profile'.
src/services/aiMatchingService.ts(313,21): error TS2551: Property 'marital_status' does not exist on type 'ProfilePreference'. Did you mean 'maritalStatus'?
src/services/aiMatchingService.ts(313,51): error TS2551: Property 'marital_status' does not exist on type 'ProfilePreference'. Did you mean 'maritalStatus'?
src/services/aiMatchingService.ts(314,23): error TS2551: Property 'marital_status' does not exist on type 'ProfilePreference'. Did you mean 'maritalStatus'?
src/services/aiMatchingService.ts(314,57): error TS2551: Property 'marital_status' does not exist on type 'Profile'. Did you mean 'maritalStatus'?
src/services/aiMatchingService.ts(325,43): error TS2339: Property 'last_active' does not exist on type 'Profile'.
src/services/aiMatchingService.ts(338,22): error TS2339: Property 'subscription_type' does not exist on type 'Profile'.
src/services/aiMatchingService.ts(346,23): error TS2339: Property 'city' does not exist on type '{}'.
src/services/aiMatchingService.ts(346,50): error TS2339: Property 'city' does not exist on type '{}'.
src/services/aiMatchingService.ts(348,22): error TS2339: Property 'city' does not exist on type '{}'.
src/services/aiMatchingService.ts(348,49): error TS2339: Property 'city' does not exist on type '{}'.
src/services/aiMatchingService.ts(349,22): error TS2339: Property 'state' does not exist on type '{}'.
src/services/aiMatchingService.ts(349,50): error TS2339: Property 'state' does not exist on type '{}'.
src/services/aiMatchingService.ts(350,22): error TS2339: Property 'country' does not exist on type '{}'.
src/services/aiMatchingService.ts(350,52): error TS2339: Property 'country' does not exist on type '{}'.
src/services/aiMatchingService.ts(355,39): error TS2339: Property 'interests' does not exist on type 'Profile'.
src/services/aiMatchingService.ts(356,42): error TS2339: Property 'interests' does not exist on type 'Profile'.
src/services/aiMatchingService.ts(375,20): error TS2339: Property 'type' does not exist on type 'ProfileFamily'.
src/services/aiMatchingService.ts(375,44): error TS2339: Property 'type' does not exist on type 'ProfileFamily'.
src/services/aiMatchingService.ts(376,22): error TS2339: Property 'type' does not exist on type 'ProfileFamily'.
src/services/aiMatchingService.ts(376,47): error TS2339: Property 'type' does not exist on type 'ProfileFamily'.
src/services/aiMatchingService.ts(380,20): error TS2339: Property 'values' does not exist on type 'ProfileFamily'.
src/services/aiMatchingService.ts(380,46): error TS2339: Property 'values' does not exist on type 'ProfileFamily'.
src/services/aiMatchingService.ts(381,39): error TS2339: Property 'values' does not exist on type 'ProfileFamily'.
src/services/aiMatchingService.ts(382,25): error TS2339: Property 'values' does not exist on type 'ProfileFamily'.
src/services/aiMatchingService.ts(384,59): error TS2339: Property 'values' does not exist on type 'ProfileFamily'.
src/services/aiMatchingService.ts(384,90): error TS2339: Property 'values' does not exist on type 'ProfileFamily'.
src/services/aiMatchingService.ts(394,24): error TS2339: Property 'sign' does not exist on type 'ProfileHoroscope'.
src/services/aiMatchingService.ts(394,52): error TS2339: Property 'sign' does not exist on type 'ProfileHoroscope'.
src/services/aiMatchingService.ts(412,36): error TS2339: Property 'sign' does not exist on type 'ProfileHoroscope'.
src/services/aiMatchingService.ts(413,46): error TS2339: Property 'sign' does not exist on type 'ProfileHoroscope'.
src/services/aiMatchingService.ts(445,44): error TS2339: Property 'level' does not exist on type 'ProfileEducation[]'.
src/services/aiMatchingService.ts(446,47): error TS2339: Property 'level' does not exist on type 'ProfileEducation[]'.
src/services/aiMatchingService.ts(469,36): error TS2339: Property 'annual_income' does not exist on type 'Profile'.
src/services/aiMatchingService.ts(470,39): error TS2339: Property 'annual_income' does not exist on type 'Profile'.
src/services/aiMatchingService.ts(544,32): error TS2339: Property 'level' does not exist on type 'ProfileEducation[]'.
src/services/aiMatchingService.ts(544,63): error TS2339: Property 'level' does not exist on type 'ProfileEducation[]'.
src/services/aiMatchingService.ts(549,21): error TS2339: Property 'caste' does not exist on type 'Profile'.
src/services/aiMatchingService.ts(549,41): error TS2339: Property 'caste' does not exist on type 'Profile'.
src/services/aiMatchingService.ts(618,59): error TS2339: Property 'subscription_type' does not exist on type 'Profile'.
src/services/analyticsService.ts(173,38): error TS2769: No overload matches this call.
  Overload 1 of 2, '(relation: "interests" | "matches" | "profiles" | "events" | "connections" | "messages" | "reactions" | "conversations" | "forum_posts" | "forum_comments" | "profile_views" | "compatibility_scores" | ... 20 more ... | "push_subscriptions"): PostgrestQueryBuilder<...>', gave the following error.
  Overload 2 of 2, '(relation: never): PostgrestQueryBuilder<{ Tables: { profiles: { Row: { id: string; user_id: string; created_at: string; updated_at: string; name: string; age: number; gender: string; images: string[]; bio: string; location: Json; ... 27 more ...; profile_name_visibility: string; }; Insert: { ...; }; Update: { ...; }; Relationships: [...]; }; ... 31 more ...; push_subscriptions: { ...; }; }; Views: {}; Functions: {}; Enums: {}; CompositeTypes: {}; }, never, never, never>', gave the following error.
src/services/analyticsService.ts(191,38): error TS2769: No overload matches this call.
  Overload 1 of 2, '(relation: "interests" | "matches" | "profiles" | "events" | "connections" | "messages" | "reactions" | "conversations" | "forum_posts" | "forum_comments" | "profile_views" | "compatibility_scores" | ... 20 more ... | "push_subscriptions"): PostgrestQueryBuilder<...>', gave the following error.
  Overload 2 of 2, '(relation: never): PostgrestQueryBuilder<{ Tables: { profiles: { Row: { id: string; user_id: string; created_at: string; updated_at: string; name: string; age: number; gender: string; images: string[]; bio: string; location: Json; ... 27 more ...; profile_name_visibility: string; }; Insert: { ...; }; Update: { ...; }; Relationships: [...]; }; ... 31 more ...; push_subscriptions: { ...; }; }; Views: {}; Functions: {}; Enums: {}; CompositeTypes: {}; }, never, never, never>', gave the following error.
src/services/analyticsService.ts(332,63): error TS2339: Property 'supabase' does not exist on type 'AnalyticsService'.
src/services/analyticsService.ts(342,67): error TS2339: Property 'supabase' does not exist on type 'AnalyticsService'.
src/services/analyticsService.ts(366,50): error TS2339: Property 'supabase' does not exist on type 'AnalyticsService'.
src/services/analyticsService.ts(373,45): error TS2339: Property 'supabase' does not exist on type 'AnalyticsService'.
src/services/analyticsService.ts(380,46): error TS2339: Property 'supabase' does not exist on type 'AnalyticsService'.
src/services/analyticsService.ts(387,50): error TS2339: Property 'supabase' does not exist on type 'AnalyticsService'.
src/services/analyticsService.ts(418,36): error TS2339: Property 'supabase' does not exist on type 'AnalyticsService'.
src/services/api/__tests__/horoscope.service.test.ts(100,62): error TS2345: Argument of type '{ manglik_status: string; id: string; user_id: string; birth_date: string; birth_time: string; birth_place: string; moon_sign?: string; nakshatra?: string; rashi?: string; horoscope_file_url?: string; created_at: string; updated_at: string; }' is not assignable to parameter of type 'Horoscope'.
src/services/api/__tests__/horoscope.service.test.ts(107,62): error TS2345: Argument of type '{ manglik_status: string; id: string; user_id: string; birth_date: string; birth_time: string; birth_place: string; moon_sign?: string; nakshatra?: string; rashi?: string; horoscope_file_url?: string; created_at: string; updated_at: string; }' is not assignable to parameter of type 'Horoscope'.
src/services/api/auth.service.ts(72,10): error TS2769: No overload matches this call.
  Overload 1 of 2, '(values: { id?: string; user_id: string; created_at?: string; updated_at?: string; name: string; age: number; gender: string; images?: string[]; bio?: string; location: Json; religion: string; caste?: string; ... 25 more ...; profile_name_visibility?: string; }, options?: { ...; }): PostgrestFilterBuilder<...>', gave the following error.
  Overload 2 of 2, '(values: { id?: string; user_id: string; created_at?: string; updated_at?: string; name: string; age: number; gender: string; images?: string[]; bio?: string; location: Json; religion: string; caste?: string; ... 25 more ...; profile_name_visibility?: string; }[], options?: { ...; }): PostgrestFilterBuilder<...>', gave the following error.
src/services/api/auth.service.ts(84,15): error TS2769: No overload matches this call.
  Overload 1 of 2, '(relation: "interests" | "matches" | "profiles" | "events" | "connections" | "messages" | "reactions" | "conversations" | "forum_posts" | "forum_comments" | "profile_views" | "compatibility_scores" | ... 20 more ... | "push_subscriptions"): PostgrestQueryBuilder<...>', gave the following error.
  Overload 2 of 2, '(relation: never): PostgrestQueryBuilder<{ Tables: { profiles: { Row: { id: string; user_id: string; created_at: string; updated_at: string; name: string; age: number; gender: string; images: string[]; bio: string; location: Json; ... 27 more ...; profile_name_visibility: string; }; Insert: { ...; }; Update: { ...; }; Relationships: [...]; }; ... 31 more ...; push_subscriptions: { ...; }; }; Views: {}; Functions: {}; Enums: {}; CompositeTypes: {}; }, never, never, never>', gave the following error.
src/services/api/blog.service.ts(43,17): error TS2589: Type instantiation is excessively deep and possibly infinite.
src/services/api/blog.service.ts(44,13): error TS2769: No overload matches this call.
  Overload 1 of 2, '(relation: "interests" | "matches" | "profiles" | "events" | "connections" | "messages" | "reactions" | "conversations" | "forum_posts" | "forum_comments" | "profile_views" | "compatibility_scores" | ... 20 more ... | "push_subscriptions"): PostgrestQueryBuilder<...>', gave the following error.
  Overload 2 of 2, '(relation: never): PostgrestQueryBuilder<{ Tables: { profiles: { Row: { id: string; user_id: string; created_at: string; updated_at: string; name: string; age: number; gender: string; images: string[]; bio: string; location: Json; ... 27 more ...; profile_name_visibility: string; }; Insert: { ...; }; Update: { ...; }; Relationships: [...]; }; ... 31 more ...; push_subscriptions: { ...; }; }; Views: {}; Functions: {}; Enums: {}; CompositeTypes: {}; }, never, never, never>', gave the following error.
src/services/api/blog.service.ts(51,15): error TS2589: Type instantiation is excessively deep and possibly infinite.
src/services/api/blog.service.ts(56,5): error TS2322: Type '({ id: string; user_id: string; created_at: string; updated_at: string; name: string; age: number; gender: string; images: string[]; bio: string; location: Json; religion: string; caste: string; ... 25 more ...; profile_name_visibility: string; } | ... 31 more ... | { ...; })[]' is not assignable to type 'BlogArticle[]'.
src/services/api/blog.service.ts(61,35): error TS2589: Type instantiation is excessively deep and possibly infinite.
src/services/api/blog.service.ts(62,13): error TS2769: No overload matches this call.
  Overload 1 of 2, '(relation: "interests" | "matches" | "profiles" | "events" | "connections" | "messages" | "reactions" | "conversations" | "forum_posts" | "forum_comments" | "profile_views" | "compatibility_scores" | ... 20 more ... | "push_subscriptions"): PostgrestQueryBuilder<...>', gave the following error.
  Overload 2 of 2, '(relation: never): PostgrestQueryBuilder<{ Tables: { profiles: { Row: { id: string; user_id: string; created_at: string; updated_at: string; name: string; age: number; gender: string; images: string[]; bio: string; location: Json; ... 27 more ...; profile_name_visibility: string; }; Insert: { ...; }; Update: { ...; }; Relationships: [...]; }; ... 31 more ...; push_subscriptions: { ...; }; }; Views: {}; Functions: {}; Enums: {}; CompositeTypes: {}; }, never, never, never>', gave the following error.
src/services/api/blog.service.ts(70,5): error TS2322: Type '({ id: string; user_id: string; created_at: string; updated_at: string; name: string; age: number; gender: string; images: string[]; bio: string; location: Json; religion: string; caste: string; ... 25 more ...; profile_name_visibility: string; } | ... 31 more ... | { ...; })[]' is not assignable to type 'BlogArticle[]'.
src/services/api/blog.service.ts(75,35): error TS2589: Type instantiation is excessively deep and possibly infinite.
src/services/api/blog.service.ts(76,13): error TS2769: No overload matches this call.
  Overload 1 of 2, '(relation: "interests" | "matches" | "profiles" | "events" | "connections" | "messages" | "reactions" | "conversations" | "forum_posts" | "forum_comments" | "profile_views" | "compatibility_scores" | ... 20 more ... | "push_subscriptions"): PostgrestQueryBuilder<...>', gave the following error.
  Overload 2 of 2, '(relation: never): PostgrestQueryBuilder<{ Tables: { profiles: { Row: { id: string; user_id: string; created_at: string; updated_at: string; name: string; age: number; gender: string; images: string[]; bio: string; location: Json; ... 27 more ...; profile_name_visibility: string; }; Insert: { ...; }; Update: { ...; }; Relationships: [...]; }; ... 31 more ...; push_subscriptions: { ...; }; }; Views: {}; Functions: {}; Enums: {}; CompositeTypes: {}; }, never, never, never>', gave the following error.
src/services/api/blog.service.ts(90,15): error TS2769: No overload matches this call.
  Overload 1 of 2, '(relation: "interests" | "matches" | "profiles" | "events" | "connections" | "messages" | "reactions" | "conversations" | "forum_posts" | "forum_comments" | "profile_views" | "compatibility_scores" | ... 20 more ... | "push_subscriptions"): PostgrestQueryBuilder<...>', gave the following error.
  Overload 2 of 2, '(relation: never): PostgrestQueryBuilder<{ Tables: { profiles: { Row: { id: string; user_id: string; created_at: string; updated_at: string; name: string; age: number; gender: string; images: string[]; bio: string; location: Json; ... 27 more ...; profile_name_visibility: string; }; Insert: { ...; }; Update: { ...; }; Relationships: [...]; }; ... 31 more ...; push_subscriptions: { ...; }; }; Views: {}; Functions: {}; Enums: {}; CompositeTypes: {}; }, never, never, never>', gave the following error.
src/services/api/blog.service.ts(91,19): error TS2353: Object literal may only specify known properties, and 'views' does not exist in type '{ id?: string; user_id?: string; created_at?: string; updated_at?: string; name?: string; age?: number; gender?: string; images?: string[]; bio?: string; location?: Json; religion?: string; caste?: string; ... 25 more ...; profile_name_visibility?: string; } | ... 31 more ... | { ...; }'.
src/services/api/blog.service.ts(91,32): error TS2339: Property 'views' does not exist on type '{ id: string; user_id: string; created_at: string; updated_at: string; name: string; age: number; gender: string; images: string[]; bio: string; location: Json; religion: string; caste: string; ... 25 more ...; profile_name_visibility: string; } | ... 31 more ... | { ...; }'.
src/services/api/blog.service.ts(92,24): error TS2339: Property 'id' does not exist on type '{ id: string; user_id: string; created_at: string; updated_at: string; name: string; age: number; gender: string; images: string[]; bio: string; location: Json; religion: string; caste: string; ... 25 more ...; profile_name_visibility: string; } | ... 31 more ... | { ...; }'.
src/services/api/blog.service.ts(95,5): error TS2322: Type '{ id: string; user_id: string; created_at: string; updated_at: string; name: string; age: number; gender: string; images: string[]; bio: string; location: Json; religion: string; caste: string; ... 25 more ...; profile_name_visibility: string; } | ... 31 more ... | { ...; }' is not assignable to type 'BlogArticle'.
src/services/api/blog.service.ts(100,35): error TS2589: Type instantiation is excessively deep and possibly infinite.
src/services/api/blog.service.ts(101,13): error TS2769: No overload matches this call.
  Overload 1 of 2, '(relation: "interests" | "matches" | "profiles" | "events" | "connections" | "messages" | "reactions" | "conversations" | "forum_posts" | "forum_comments" | "profile_views" | "compatibility_scores" | ... 20 more ... | "push_subscriptions"): PostgrestQueryBuilder<...>', gave the following error.
  Overload 2 of 2, '(relation: never): PostgrestQueryBuilder<{ Tables: { profiles: { Row: { id: string; user_id: string; created_at: string; updated_at: string; name: string; age: number; gender: string; images: string[]; bio: string; location: Json; ... 27 more ...; profile_name_visibility: string; }; Insert: { ...; }; Update: { ...; }; Relationships: [...]; }; ... 31 more ...; push_subscriptions: { ...; }; }; Views: {}; Functions: {}; Enums: {}; CompositeTypes: {}; }, never, never, never>', gave the following error.
src/services/api/blog.service.ts(109,5): error TS2322: Type '({ id: string; user_id: string; created_at: string; updated_at: string; name: string; age: number; gender: string; images: string[]; bio: string; location: Json; religion: string; caste: string; ... 25 more ...; profile_name_visibility: string; } | ... 31 more ... | { ...; })[]' is not assignable to type 'Announcement[]'.
src/services/api/blog.service.ts(115,13): error TS2769: No overload matches this call.
  Overload 1 of 2, '(relation: "interests" | "matches" | "profiles" | "events" | "connections" | "messages" | "reactions" | "conversations" | "forum_posts" | "forum_comments" | "profile_views" | "compatibility_scores" | ... 20 more ... | "push_subscriptions"): PostgrestQueryBuilder<...>', gave the following error.
  Overload 2 of 2, '(relation: never): PostgrestQueryBuilder<{ Tables: { profiles: { Row: { id: string; user_id: string; created_at: string; updated_at: string; name: string; age: number; gender: string; images: string[]; bio: string; location: Json; ... 27 more ...; profile_name_visibility: string; }; Insert: { ...; }; Update: { ...; }; Relationships: [...]; }; ... 31 more ...; push_subscriptions: { ...; }; }; Views: {}; Functions: {}; Enums: {}; CompositeTypes: {}; }, never, never, never>', gave the following error.
src/services/api/blog.service.ts(127,5): error TS2322: Type '{ id: string; user_id: string; created_at: string; updated_at: string; name: string; age: number; gender: string; images: string[]; bio: string; location: Json; religion: string; caste: string; ... 25 more ...; profile_name_visibility: string; } | ... 31 more ... | { ...; }' is not assignable to type 'Announcement'.
src/services/api/forum.service.ts(85,5): error TS2739: Type '{ id: string; user_id: string; title: string; content: string; category: string; view_count: number; like_count: number; is_locked: boolean; created_at: string; updated_at: string; }' is missing the following properties from type 'ForumPost': views, likes
src/services/api/forum.service.ts(140,40): error TS2589: Type instantiation is excessively deep and possibly infinite.
src/services/api/forum.service.ts(141,19): error TS2769: No overload matches this call.
  Overload 1 of 2, '(relation: "interests" | "matches" | "profiles" | "events" | "connections" | "messages" | "reactions" | "conversations" | "forum_posts" | "forum_comments" | "profile_views" | "compatibility_scores" | ... 20 more ... | "push_subscriptions"): PostgrestQueryBuilder<...>', gave the following error.
  Overload 2 of 2, '(relation: never): PostgrestQueryBuilder<{ Tables: { profiles: { Row: { id: string; user_id: string; created_at: string; updated_at: string; name: string; age: number; gender: string; images: string[]; bio: string; location: Json; ... 27 more ...; profile_name_visibility: string; }; Insert: { ...; }; Update: { ...; }; Relationships: [...]; }; ... 31 more ...; push_subscriptions: { ...; }; }; Views: {}; Functions: {}; Enums: {}; CompositeTypes: {}; }, never, never, never>', gave the following error.
src/services/api/forum.service.ts(158,5): error TS2322: Type '{ comment_count: number; is_liked: boolean; id: string; user_id: string; title: string; content: string; category: string; view_count: number; like_count: number; is_locked: boolean; created_at: string; updated_at: string; user: SelectQueryError<...>; }[]' is not assignable to type 'ForumPost[]'.
src/services/api/forum.service.ts(184,17): error TS2353: Object literal may only specify known properties, and 'views' does not exist in type '{ id?: string; user_id?: string; title?: string; content?: string; category?: string; view_count?: number; like_count?: number; is_locked?: boolean; created_at?: string; updated_at?: string; }'.
src/services/api/forum.service.ts(184,29): error TS2339: Property 'views' does not exist on type '{ id: string; user_id: string; title: string; content: string; category: string; view_count: number; like_count: number; is_locked: boolean; created_at: string; updated_at: string; user: SelectQueryError<"could not find the relation between forum_posts and user_id">; }'.
src/services/api/forum.service.ts(197,15): error TS2769: No overload matches this call.
  Overload 1 of 2, '(relation: "interests" | "matches" | "profiles" | "events" | "connections" | "messages" | "reactions" | "conversations" | "forum_posts" | "forum_comments" | "profile_views" | "compatibility_scores" | ... 20 more ... | "push_subscriptions"): PostgrestQueryBuilder<...>', gave the following error.
  Overload 2 of 2, '(relation: never): PostgrestQueryBuilder<{ Tables: { profiles: { Row: { id: string; user_id: string; created_at: string; updated_at: string; name: string; age: number; gender: string; images: string[]; bio: string; location: Json; ... 27 more ...; profile_name_visibility: string; }; Insert: { ...; }; Update: { ...; }; Relationships: [...]; }; ... 31 more ...; push_subscriptions: { ...; }; }; Views: {}; Functions: {}; Enums: {}; CompositeTypes: {}; }, never, never, never>', gave the following error.
src/services/api/forum.service.ts(206,5): error TS2741: Property 'likes' is missing in type '{ views: any; comment_count: number; is_liked: boolean; id: string; user_id: string; title: string; content: string; category: string; view_count: number; like_count: number; is_locked: boolean; created_at: string; updated_at: string; user: SelectQueryError<...>; }' but required in type 'ForumPost'.
src/services/api/forum.service.ts(208,19): error TS2339: Property 'views' does not exist on type '{ id: string; user_id: string; title: string; content: string; category: string; view_count: number; like_count: number; is_locked: boolean; created_at: string; updated_at: string; user: SelectQueryError<"could not find the relation between forum_posts and user_id">; }'.
src/services/api/forum.service.ts(253,13): error TS2769: No overload matches this call.
  Overload 1 of 2, '(relation: "interests" | "matches" | "profiles" | "events" | "connections" | "messages" | "reactions" | "conversations" | "forum_posts" | "forum_comments" | "profile_views" | "compatibility_scores" | ... 20 more ... | "push_subscriptions"): PostgrestQueryBuilder<...>', gave the following error.
  Overload 2 of 2, '(relation: never): PostgrestQueryBuilder<{ Tables: { profiles: { Row: { id: string; user_id: string; created_at: string; updated_at: string; name: string; age: number; gender: string; images: string[]; bio: string; location: Json; ... 27 more ...; profile_name_visibility: string; }; Insert: { ...; }; Update: { ...; }; Relationships: [...]; }; ... 31 more ...; push_subscriptions: { ...; }; }; Views: {}; Functions: {}; Enums: {}; CompositeTypes: {}; }, never, never, never>', gave the following error.
src/services/api/forum.service.ts(261,13): error TS2589: Type instantiation is excessively deep and possibly infinite.
src/services/api/forum.service.ts(262,15): error TS2769: No overload matches this call.
  Overload 1 of 2, '(relation: "interests" | "matches" | "profiles" | "events" | "connections" | "messages" | "reactions" | "conversations" | "forum_posts" | "forum_comments" | "profile_views" | "compatibility_scores" | ... 20 more ... | "push_subscriptions"): PostgrestQueryBuilder<...>', gave the following error.
  Overload 2 of 2, '(relation: never): PostgrestQueryBuilder<{ Tables: { profiles: { Row: { id: string; user_id: string; created_at: string; updated_at: string; name: string; age: number; gender: string; images: string[]; bio: string; location: Json; ... 27 more ...; profile_name_visibility: string; }; Insert: { ...; }; Update: { ...; }; Relationships: [...]; }; ... 31 more ...; push_subscriptions: { ...; }; }; Views: {}; Functions: {}; Enums: {}; CompositeTypes: {}; }, never, never, never>', gave the following error.
src/services/api/forum.service.ts(264,32): error TS2339: Property 'id' does not exist on type 'SelectQueryError<"column 'id' does not exist on 'interests'."> | SelectQueryError<"column 'id' does not exist on 'matches'."> | ... 30 more ... | SelectQueryError<...>'.
src/services/api/forum.service.ts(267,26): error TS2345: Argument of type 'string' is not assignable to parameter of type 'never'.
src/services/api/forum.service.ts(273,15): error TS2769: No overload matches this call.
  Overload 1 of 2, '(relation: "interests" | "matches" | "profiles" | "events" | "connections" | "messages" | "reactions" | "conversations" | "forum_posts" | "forum_comments" | "profile_views" | "compatibility_scores" | ... 20 more ... | "push_subscriptions"): PostgrestQueryBuilder<...>', gave the following error.
  Overload 2 of 2, '(relation: never): PostgrestQueryBuilder<{ Tables: { profiles: { Row: { id: string; user_id: string; created_at: string; updated_at: string; name: string; age: number; gender: string; images: string[]; bio: string; location: Json; ... 27 more ...; profile_name_visibility: string; }; Insert: { ...; }; Update: { ...; }; Relationships: [...]; }; ... 31 more ...; push_subscriptions: { ...; }; }; Views: {}; Functions: {}; Enums: {}; CompositeTypes: {}; }, never, never, never>', gave the following error.
src/services/api/forum.service.ts(280,26): error TS2345: Argument of type 'string' is not assignable to parameter of type 'never'.
src/services/api/forum.service.ts(379,13): error TS2769: No overload matches this call.
  Overload 1 of 2, '(relation: "interests" | "matches" | "profiles" | "events" | "connections" | "messages" | "reactions" | "conversations" | "forum_posts" | "forum_comments" | "profile_views" | "compatibility_scores" | ... 20 more ... | "push_subscriptions"): PostgrestQueryBuilder<...>', gave the following error.
  Overload 2 of 2, '(relation: never): PostgrestQueryBuilder<{ Tables: { profiles: { Row: { id: string; user_id: string; created_at: string; updated_at: string; name: string; age: number; gender: string; images: string[]; bio: string; location: Json; ... 27 more ...; profile_name_visibility: string; }; Insert: { ...; }; Update: { ...; }; Relationships: [...]; }; ... 31 more ...; push_subscriptions: { ...; }; }; Views: {}; Functions: {}; Enums: {}; CompositeTypes: {}; }, never, never, never>', gave the following error.
src/services/api/forum.service.ts(380,15): error TS2769: No overload matches this call.
  Overload 1 of 2, '(values: { id?: string; user_id: string; created_at?: string; updated_at?: string; name: string; age: number; gender: string; images?: string[]; bio?: string; location: Json; religion: string; caste?: string; ... 25 more ...; profile_name_visibility?: string; } | ... 31 more ... | { ...; }, options?: { ...; }): PostgrestFilterBuilder<...>', gave the following error.
  Overload 2 of 2, '(values: ({ id?: string; user_id: string; created_at?: string; updated_at?: string; name: string; age: number; gender: string; images?: string[]; bio?: string; location: Json; religion: string; caste?: string; ... 25 more ...; profile_name_visibility?: string; } | ... 31 more ... | { ...; })[], options?: { ...; }): PostgrestFilterBuilder<...>', gave the following error.
src/services/api/forum.service.ts(400,5): error TS2322: Type '{ id: string; user_id: string; title: string; content: string; category: string; view_count: number; like_count: number; is_locked: boolean; created_at: string; updated_at: string; }[]' is not assignable to type 'ForumPost[]'.
src/services/api/horoscope.service.ts(105,10): error TS2769: No overload matches this call.
  Overload 1 of 2, '(values: { id?: string; user_id: string; birth_date: string; birth_time: string; birth_place: string; rashi?: string; nakshatra?: string; charan?: string; gan?: string; nadi?: string; devak?: string; manglik?: string; sunsign?: string; moonsign?: string; created_at?: string; updated_at?: string; }, options?: { ...; }): PostgrestFilterBuilder<...>', gave the following error.
  Overload 2 of 2, '(values: { id?: string; user_id: string; birth_date: string; birth_time: string; birth_place: string; rashi?: string; nakshatra?: string; charan?: string; gan?: string; nadi?: string; devak?: string; manglik?: string; sunsign?: string; moonsign?: string; created_at?: string; updated_at?: string; }[], options?: { ...; }): PostgrestFilterBuilder<...>', gave the following error.
src/services/api/horoscope.service.ts(364,29): error TS2589: Type instantiation is excessively deep and possibly infinite.
src/services/api/horoscope.service.ts(365,13): error TS2769: No overload matches this call.
  Overload 1 of 2, '(relation: "interests" | "matches" | "profiles" | "events" | "connections" | "messages" | "reactions" | "conversations" | "forum_posts" | "forum_comments" | "profile_views" | "compatibility_scores" | ... 20 more ... | "push_subscriptions"): PostgrestQueryBuilder<...>', gave the following error.
  Overload 2 of 2, '(relation: never): PostgrestQueryBuilder<{ Tables: { profiles: { Row: { id: string; user_id: string; created_at: string; updated_at: string; name: string; age: number; gender: string; images: string[]; bio: string; location: Json; ... 27 more ...; profile_name_visibility: string; }; Insert: { ...; }; Update: { ...; }; Relationships: [...]; }; ... 31 more ...; push_subscriptions: { ...; }; }; Views: {}; Functions: {}; Enums: {}; CompositeTypes: {}; }, never, never, never>', gave the following error.
src/services/api/interests.service.ts(50,5): error TS2322: Type '{ id: string; sender_id: string; receiver_id: string; status: string; message: string; member_count: number; created_at: string; updated_at: string; }' is not assignable to type 'Interest'.
src/services/api/interests.service.ts(78,5): error TS2322: Type '{ id: string; sender_id: string; receiver_id: string; status: string; message: string; member_count: number; created_at: string; updated_at: string; receiver: SelectQueryError<"could not find the relation between interests and receiver_id">; }[]' is not assignable to type 'Interest[]'.
src/services/api/interests.service.ts(108,5): error TS2322: Type '{ id: string; sender_id: string; receiver_id: string; status: string; message: string; member_count: number; created_at: string; updated_at: string; sender: SelectQueryError<"could not find the relation between interests and sender_id">; }[]' is not assignable to type 'Interest[]'.
src/services/api/interests.service.ts(169,9): error TS2769: No overload matches this call.
  Overload 1 of 2, '(values: { id?: string; user_id_1: string; user_id_2: string; status?: string; created_at?: string; updated_at?: string; }, options?: { count?: "exact" | "planned" | "estimated"; }): PostgrestFilterBuilder<{ Tables: { ...; }; Views: {}; Functions: {}; Enums: {}; CompositeTypes: {}; }, { ...; }, null, "connections", []>', gave the following error.
  Overload 2 of 2, '(values: { id?: string; user_id_1: string; user_id_2: string; status?: string; created_at?: string; updated_at?: string; }[], options?: { count?: "exact" | "planned" | "estimated"; defaultToNull?: boolean; }): PostgrestFilterBuilder<...>', gave the following error.
src/services/api/interests.service.ts(222,19): error TS2551: Property 'user1_id' does not exist on type '{ id: string; user_id_1: string; user_id_2: string; status: string; created_at: string; updated_at: string; user1: SelectQueryError<"could not find the relation between connections and user1_id">; user2: SelectQueryError<...>; }'. Did you mean 'user_id_1'?
src/services/api/interests.service.ts(233,44): error TS2345: Argument of type 'string' is not assignable to parameter of type 'never'.
src/services/api/interests.service.ts(248,8): error TS2769: No overload matches this call.
  Overload 1 of 2, '(values: { id?: string; user_id: string; type: string; title: string; message: string; read?: boolean; timestamp?: string; action_url?: string; sender_id?: string; created_at?: string; }, options?: { count?: "exact" | "planned" | "estimated"; }): PostgrestFilterBuilder<...>', gave the following error.
  Overload 2 of 2, '(values: { id?: string; user_id: string; type: string; title: string; message: string; read?: boolean; timestamp?: string; action_url?: string; sender_id?: string; created_at?: string; }[], options?: { count?: "exact" | "planned" | "estimated"; defaultToNull?: boolean; }): PostgrestFilterBuilder<...>', gave the following error.
src/services/api/matching.service.ts(164,5): error TS2322: Type '{ id: string; user1_id: string; user2_id: string; compatibility_score: number; status: string; created_at: string; updated_at: string; profile: SelectQueryError<"Could not embed because more than one relationship was found for 'profiles' and 'matches' you need to hint the column with profiles!<columnName> ?">; }[]' is not assignable to type 'Match[]'.
src/services/api/messages.service.ts(50,5): error TS2322: Type '{ id: string; sender_id: string; receiver_id: string; content: string; read: boolean; status: string; message_type: string; media_url: string; read_at: string; created_at: string; }' is not assignable to type 'Message'.
src/services/api/messages.service.ts(78,5): error TS2322: Type '{ id: string; sender_id: string; receiver_id: string; content: string; read: boolean; status: string; message_type: string; media_url: string; read_at: string; created_at: string; sender: SelectQueryError<"Could not embed because more than one relationship was found for 'profiles' and 'messages' you need to hint the...' is not assignable to type 'Message[]'.
src/services/api/messages.service.ts(109,30): error TS2339: Property 'full_name' does not exist on type 'SelectQueryError<"Could not embed because more than one relationship was found for 'profiles' and 'messages' you need to hint the column with profiles!<columnName> ?">'.
src/services/api/messages.service.ts(110,36): error TS2339: Property 'profile_picture' does not exist on type 'SelectQueryError<"Could not embed because more than one relationship was found for 'profiles' and 'messages' you need to hint the column with profiles!<columnName> ?">'.
src/services/api/messages.service.ts(267,44): error TS2345: Argument of type 'string' is not assignable to parameter of type 'never'.
src/services/api/notifications.service.ts(150,5): error TS2322: Type '{ user_id: string; email_enabled: boolean; sms_enabled: boolean; push_enabled: boolean; email_notifications: boolean; push_notifications: boolean; new_messages: boolean; new_interests: boolean; profile_views: boolean; marketing_emails: boolean; frequency: string; updated_at: string; } | { ...; }' is not assignable to type 'NotificationPreferences'.
src/services/api/payments.service.ts(243,8): error TS2769: No overload matches this call.
  Overload 1 of 2, '(values: { id?: string; user_id: string; plan: string; status?: string; current_period_start: string; current_period_end: string; cancel_at_period_end?: boolean; created_at?: string; updated_at?: string; }, options?: { ...; }): PostgrestFilterBuilder<...>', gave the following error.
  Overload 2 of 2, '(values: { id?: string; user_id: string; plan: string; status?: string; current_period_start: string; current_period_end: string; cancel_at_period_end?: boolean; created_at?: string; updated_at?: string; }[], options?: { ...; }): PostgrestFilterBuilder<...>', gave the following error.
src/services/api/payments.service.ts(282,5): error TS2739: Type '{ id: string; user_id: string; plan: string; status: string; current_period_start: string; current_period_end: string; cancel_at_period_end: boolean; created_at: string; updated_at: string; }' is missing the following properties from type 'Subscription': plan_id, start_date, end_date, auto_renewal
src/services/api/payments.service.ts(323,5): error TS2322: Type '{ id: string; user_id: string; order_id: string; payment_id: string; amount: number; currency: string; plan: string; status: string; created_at: string; }[]' is not assignable to type 'Payment[]'.
src/services/api/payments.service.ts(339,5): error TS2322: Type '{ id: string; user_id: string; plan: string; status: string; current_period_start: string; current_period_end: string; cancel_at_period_end: boolean; created_at: string; updated_at: string; }[]' is not assignable to type 'Subscription[]'.
src/services/api/payments.service.ts(398,29): error TS2589: Type instantiation is excessively deep and possibly infinite.
src/services/api/payments.service.ts(412,8): error TS2769: No overload matches this call.
  Overload 1 of 2, '(values: { id?: string; user_id: string; action: string; metadata?: Json; created_at?: string; count?: number; date?: string; updated_at?: string; }, options?: { count?: "exact" | "planned" | "estimated"; }): PostgrestFilterBuilder<...>', gave the following error.
  Overload 2 of 2, '(values: { id?: string; user_id: string; action: string; metadata?: Json; created_at?: string; count?: number; date?: string; updated_at?: string; }[], options?: { count?: "exact" | "planned" | "estimated"; defaultToNull?: boolean; }): PostgrestFilterBuilder<...>', gave the following error.
src/services/api/profile-views.service.ts(160,5): error TS2322: Type '{ id: string; viewed_at: string; viewer: SelectQueryError<"could not find the relation between profile_views and viewer_id">; }[]' is not assignable to type 'ProfileView[]'.
src/services/api/profile-views.service.ts(233,5): error TS2322: Type '{ id: string; viewed_at: string; viewed_profile: SelectQueryError<"could not find the relation between profile_views and viewed_profile_id">; }[]' is not assignable to type 'ProfileView[]'.
src/services/api/profiles.service.ts(14,5): error TS2322: Type 'APIResponse<{ id: string; user_id: string; created_at: string; updated_at: string; name: string; age: number; gender: string; images: string[]; bio: string; location: Json; religion: string; caste: string; ... 25 more ...; profile_name_visibility: string; }>' is not assignable to type 'APIResponse<UserProfile>'.
src/services/api/profiles.service.ts(52,5): error TS2322: Type 'APIResponse<{ id: string; user_id: string; created_at: string; updated_at: string; name: string; age: number; gender: string; images: string[]; bio: string; location: Json; religion: string; caste: string; ... 25 more ...; profile_name_visibility: string; }>' is not assignable to type 'APIResponse<UserProfile>'.
src/services/api/profiles.service.ts(55,17): error TS2345: Argument of type '{ updated_at: string; id?: string; user_id?: string; name?: string; first_name?: string; last_name?: string; age?: number; gender?: string; images?: string[]; bio?: string; phone?: string; phone_number?: string; ... 34 more ...; profile_completion?: number; }' is not assignable to parameter of type '{ id?: string; user_id?: string; created_at?: string; updated_at?: string; name?: string; age?: number; gender?: string; images?: string[]; bio?: string; location?: Json; religion?: string; caste?: string; subcaste?: string; ... 24 more ...; profile_name_visibility?: string; }'.
src/services/api/profiles.service.ts(93,5): error TS2322: Type 'APIResponse<{ id: string; user_id: string; created_at: string; updated_at: string; name: string; age: number; gender: string; images: string[]; bio: string; location: Json; religion: string; caste: string; ... 25 more ...; profile_name_visibility: string; }[]>' is not assignable to type 'APIResponse<UserProfile[]>'.
src/services/api/profiles.service.ts(120,5): error TS2322: Type 'APIResponse<{ id: string; user_id: string; created_at: string; updated_at: string; name: string; age: number; gender: string; images: string[]; bio: string; location: Json; religion: string; caste: string; ... 25 more ...; profile_name_visibility: string; }[]>' is not assignable to type 'APIResponse<UserProfile[]>'.
src/services/api/profiles.service.ts(121,19): error TS2589: Type instantiation is excessively deep and possibly infinite.
src/services/api/profiles.service.ts(157,17): error TS2589: Type instantiation is excessively deep and possibly infinite.
src/services/api/profiles.service.ts(200,22): error TS2352: Conversion of type '{ id: string; user_id: string; created_at: string; updated_at: string; name: string; age: number; gender: string; images: string[]; bio: string; location: Json; religion: string; caste: string; subcaste: string; ... 24 more ...; profile_name_visibility: string; }[]' to type 'UserProfile[]' may be a mistake because neither type sufficiently overlaps with the other. If this was intentional, convert the expression to 'unknown' first.
src/services/api/profiles.service.ts(216,22): error TS2352: Conversion of type '{ id: string; user_id: string; created_at: string; updated_at: string; name: string; age: number; gender: string; images: string[]; bio: string; location: Json; religion: string; caste: string; subcaste: string; ... 24 more ...; profile_name_visibility: string; }[]' to type 'UserProfile[]' may be a mistake because neither type sufficiently overlaps with the other. If this was intentional, convert the expression to 'unknown' first.
src/services/api/search.service.ts(199,21): error TS2352: Conversion of type '{ id: string; user_id: string; created_at: string; updated_at: string; name: string; age: number; gender: string; images: string[]; bio: string; location: Json; religion: string; caste: string; subcaste: string; ... 24 more ...; profile_name_visibility: string; }[]' to type 'UserProfile[]' may be a mistake because neither type sufficiently overlaps with the other. If this was intentional, convert the expression to 'unknown' first.
src/services/api/search.service.ts(349,22): error TS2352: Conversion of type '{ id: string; user_id: string; created_at: string; updated_at: string; name: string; age: number; gender: string; images: string[]; bio: string; location: Json; religion: string; caste: string; subcaste: string; ... 24 more ...; profile_name_visibility: string; }[]' to type 'UserProfile[]' may be a mistake because neither type sufficiently overlaps with the other. If this was intentional, convert the expression to 'unknown' first.
src/services/matchingService.ts(12,45): error TS2589: Type instantiation is excessively deep and possibly infinite.
src/services/matchingService.ts(26,11): error TS2769: No overload matches this call.
  Overload 1 of 2, '(values: { id?: string; user1_id: string; user2_id: string; compatibility_score?: number; status?: string; created_at?: string; updated_at?: string; }, options?: { count?: "exact" | "planned" | "estimated"; }): PostgrestFilterBuilder<...>', gave the following error.
  Overload 2 of 2, '(values: { id?: string; user1_id: string; user2_id: string; compatibility_score?: number; status?: string; created_at?: string; updated_at?: string; }[], options?: { count?: "exact" | "planned" | "estimated"; defaultToNull?: boolean; }): PostgrestFilterBuilder<...>', gave the following error.
src/services/matchingService.ts(73,11): error TS2769: No overload matches this call.
  Overload 1 of 2, '(values: { id?: string; user1_id: string; user2_id: string; compatibility_score?: number; status?: string; created_at?: string; updated_at?: string; }, options?: { count?: "exact" | "planned" | "estimated"; }): PostgrestFilterBuilder<...>', gave the following error.
  Overload 2 of 2, '(values: { id?: string; user1_id: string; user2_id: string; compatibility_score?: number; status?: string; created_at?: string; updated_at?: string; }[], options?: { count?: "exact" | "planned" | "estimated"; defaultToNull?: boolean; }): PostgrestFilterBuilder<...>', gave the following error.
src/services/matchingService.ts(73,26): error TS2339: Property 'match_id' does not exist on type '{ id: string; user1_id: string; user2_id: string; compatibility_score: number; status: string; created_at: string; updated_at: string; }'.
src/services/matchingService.ts(74,27): error TS2551: Property 'user_id' does not exist on type '{ id: string; user1_id: string; user2_id: string; compatibility_score: number; status: string; created_at: string; updated_at: string; }'. Did you mean 'user1_id'?
src/services/matchingService.ts(82,15): error TS2551: Property 'user_id' does not exist on type '{ id: string; user1_id: string; user2_id: string; compatibility_score: number; status: string; created_at: string; updated_at: string; }'. Did you mean 'user1_id'?
src/services/matchingService.ts(86,28): error TS2339: Property 'match_id' does not exist on type '{ id: string; user1_id: string; user2_id: string; compatibility_score: number; status: string; created_at: string; updated_at: string; }'.
src/services/matchingService.ts(87,15): error TS2339: Property 'match_id' does not exist on type '{ id: string; user1_id: string; user2_id: string; compatibility_score: number; status: string; created_at: string; updated_at: string; }'.
src/services/matchingService.ts(126,7): error TS2322: Type '{ id: string; user1_id: string; user2_id: string; compatibility_score: number; status: string; created_at: string; updated_at: string; profile: SelectQueryError<"could not find the relation between matches and profiles">; }[]' is not assignable to type '({ id: string; user1_id: string; user2_id: string; compatibility_score: number; status: string; created_at: string; updated_at: string; } & { profile: { id: string; user_id: string; created_at: string; ... 34 more ...; profile_name_visibility: string; }; })[]'.
        Type '{ error: true; } & String' is missing the following properties from type '{ id: string; user_id: string; created_at: string; updated_at: string; name: string; age: number; gender: string; images: string[]; bio: string; location: Json; religion: string; caste: string; subcaste: string; ... 24 more ...; profile_name_visibility: string; }': id, user_id, created_at, updated_at, and 34 more.
src/services/matchingService.ts(147,7): error TS2322: Type '{ id: string; user1_id: string; user2_id: string; compatibility_score: number; status: string; created_at: string; updated_at: string; profile: SelectQueryError<"could not find the relation between matches and profiles">; }[]' is not assignable to type '({ id: string; user1_id: string; user2_id: string; compatibility_score: number; status: string; created_at: string; updated_at: string; } & { profile: { id: string; user_id: string; created_at: string; ... 34 more ...; profile_name_visibility: string; }; })[]'.
        Type '{ error: true; } & String' is missing the following properties from type '{ id: string; user_id: string; created_at: string; updated_at: string; name: string; age: number; gender: string; images: string[]; bio: string; location: Json; religion: string; caste: string; subcaste: string; ... 24 more ...; profile_name_visibility: string; }': id, user_id, created_at, updated_at, and 34 more.
src/services/matchingService.ts(167,7): error TS2322: Type 'SelectQueryError<"could not find the relation between matches and profiles">[]' is not assignable to type '{ id: string; user_id: string; created_at: string; updated_at: string; name: string; age: number; gender: string; images: string[]; bio: string; location: Json; religion: string; caste: string; subcaste: string; ... 24 more ...; profile_name_visibility: string; }[]'.
  Type '{ error: true; } & String' is missing the following properties from type '{ id: string; user_id: string; created_at: string; updated_at: string; name: string; age: number; gender: string; images: string[]; bio: string; location: Json; religion: string; caste: string; subcaste: string; ... 24 more ...; profile_name_visibility: string; }': id, user_id, created_at, updated_at, and 34 more.
src/services/matchingService.ts(225,55): error TS2339: Property 'match_id' does not exist on type 'SelectQueryError<"column 'match_id' does not exist on 'matches'.">'.
