src/components/community/CreateEventModal.tsx(52,38): error TS2345: Argument of type '{ title: string; description: string | undefined; event_date: string; location: string | undefined; max_participants: number | undefined; is_private: boolean; }' is not assignable to parameter of type 'Omit<Event, "id" | "creator_id" | "created_at" | "updated_at" | "current_participants">'.
  Property 'organizer_id' is missing in type '{ title: string; description: string | undefined; event_date: string; location: string | undefined; max_participants: number | undefined; is_private: boolean; }' but required in type 'Omit<Event, "id" | "creator_id" | "created_at" | "updated_at" | "current_participants">'.
src/components/messaging/ChatWindow.tsx(91,41): error TS2339: Property 'subscribeToMessages' does not exist on type 'MessagesService'.
src/components/messaging/ChatWindow.tsx(91,62): error TS7006: Parameter 'message' implicitly has an 'any' type.
src/components/messaging/ChatWindow.tsx(103,41): error TS2339: Property 'subscribeToTyping' does not exist on type 'MessagesService'.
src/components/messaging/ChatWindow.tsx(103,71): error TS7006: Parameter 'typing' implicitly has an 'any' type.
src/components/messaging/ChatWindow.tsx(117,21): error TS2339: Property 'sendTypingIndicator' does not exist on type 'MessagesService'.
src/features/messages/EnhancedChatPanel.tsx(204,15): error TS2322: Type 'import("D:/brahminsoul/brahminsoul/New folder/brahmin-soulmate-connect-main/src/types/chat").MessageReaction[]' is not assignable to type 'import("D:/brahminsoul/brahminsoul/New folder/brahmin-soulmate-connect-main/src/features/messages/hooks/useMessages").MessageReaction[]'.
  Type 'MessageReaction' is missing the following properties from type 'MessageReaction': message_id, user_id, created_at
src/features/messages/useMessages.tsx(126,51): error TS2339: Property 'user_id' does not exist on type 'never'.
src/features/messages/useMessages.tsx(127,69): error TS2339: Property 'first_name' does not exist on type 'never'.
src/features/messages/useMessages.tsx(145,45): error TS2339: Property 'user_id' does not exist on type 'never'.
src/features/messages/useMessages.tsx(146,71): error TS2339: Property 'first_name' does not exist on type 'never'.
src/features/messages/useMessages.tsx(153,48): error TS2339: Property 'id' does not exist on type 'never'.
src/features/messages/useMessages.tsx(154,52): error TS2339: Property 'first_name' does not exist on type 'never'.
src/features/payments/components/PaymentForm.tsx(14,5): error TS2687: All declarations of 'Razorpay' must have identical modifiers.
src/features/vdates/useVDates.ts(64,18): error TS2352: Conversion of type '{ id: string; userId: string; name: string; age: number; email: string; gender: any; location: any; profession: any; religion: any; caste: any; motherTongue: any; images: any[]; isVerified: boolean; lastActive: any; ... 5 more ...; familyDetails: any; }' to type 'Profile' may be a mistake because neither type sufficiently overlaps with the other. If this was intentional, convert the expression to 'unknown' first.
  Type '{ id: string; userId: string; name: string; age: number; email: string; gender: any; location: any; profession: any; religion: any; caste: any; motherTongue: any; images: any[]; isVerified: boolean; lastActive: any; ... 5 more ...; familyDetails: any; }' is missing the following properties from type 'Profile': about, employment, family, createdAt
src/features/vdates/useVDates.ts(76,23): error TS2551: Property 'profile_picture_url' does not exist on type 'UserProfile'. Did you mean 'profile_picture'?
src/features/vdates/useVDates.ts(76,48): error TS2551: Property 'profile_picture_url' does not exist on type 'UserProfile'. Did you mean 'profile_picture'?
src/hooks/forum/useForumPosts.ts(19,3): error TS2322: Type '{ is_locked: false; id: string; user_id: string; author_id: string; category: string; category_id: string | null; title: string; content: string; views: number; view_count: number; likes: number; ... 5 more ...; deleted_at: string | null; }[]' is not assignable to type 'ForumPost[]'.
  Type '{ is_locked: false; id: string; user_id: string; author_id: string; category: string; category_id: string | null; title: string; content: string; views: number; view_count: number; likes: number; ... 5 more ...; deleted_at: string | null; }' is not assignable to type 'ForumPost'.
    Types of property 'category_id' are incompatible.
      Type 'string | null' is not assignable to type 'string'.
        Type 'null' is not assignable to type 'string'.
src/hooks/social/useUserActivities.ts(33,17): error TS7006: Parameter 'activity' implicitly has an 'any' type.
src/hooks/social/useUserActivities.ts(37,14): error TS7006: Parameter 'activity' implicitly has an 'any' type.
src/hooks/useAdvancedSearch.ts(109,15): error TS2769: No overload matches this call.
  Overload 1 of 2, '(relation: "matches" | "forum_posts" | "events" | "profiles" | "community_groups" | "interests" | "messages" | "forum_comments" | "forum_likes" | "shortlists" | "subscriptions" | "payments" | ... 10 more ... | "forum_categories"): PostgrestQueryBuilder<...>', gave the following error.
    Argument of type '"compatibility_scores"' is not assignable to parameter of type '"matches" | "forum_posts" | "events" | "profiles" | "community_groups" | "interests" | "messages" | "forum_comments" | "forum_likes" | "shortlists" | "subscriptions" | "payments" | ... 10 more ... | "forum_categories"'.
  Overload 2 of 2, '(relation: never): PostgrestQueryBuilder<{ PostgrestVersion: "12"; }, { Tables: { profiles: { Row: { id: string; user_id: string; created_at: string; updated_at: string; deleted_at: string | null; last_active: string | null; ... 78 more ...; privacy_settings: Json; }; Insert: { ...; }; Update: { ...; }; Relationships: [...]; }; ... 21 more ...; forum_categories: { ...; }; }; Views: {}; Functions: { ...; }; Enums: {}; CompositeTypes: {}; }, never, never, never>', gave the following error.
    Argument of type 'string' is not assignable to parameter of type 'never'.
src/hooks/useAdvancedSearch.ts(115,53): error TS2339: Property 'user2_id' does not exist on type '{ id: string; user_id: string; created_at: string; updated_at: string; deleted_at: string | null; last_active: string | null; last_seen_at: string | null; first_name: string | null; ... 76 more ...; privacy_settings: Json; } | ... 21 more ... | { ...; }'.
  Property 'user2_id' does not exist on type '{ id: string; user_id: string; created_at: string; updated_at: string; deleted_at: string | null; last_active: string | null; last_seen_at: string | null; first_name: string | null; last_name: string | null; ... 75 more ...; privacy_settings: Json; }'.
src/hooks/useAdvancedSearch.ts(118,45): error TS2339: Property 'overall_score' does not exist on type '{ id: string; user_id: string; created_at: string; updated_at: string; deleted_at: string | null; last_active: string | null; last_seen_at: string | null; first_name: string | null; ... 76 more ...; privacy_settings: Json; } | ... 21 more ... | { ...; }'.
  Property 'overall_score' does not exist on type '{ id: string; user_id: string; created_at: string; updated_at: string; deleted_at: string | null; last_active: string | null; last_seen_at: string | null; first_name: string | null; last_name: string | null; ... 75 more ...; privacy_settings: Json; }'.
src/hooks/useAdvancedSearch.ts(141,15): error TS2769: No overload matches this call.
  Overload 1 of 2, '(relation: "matches" | "forum_posts" | "events" | "profiles" | "community_groups" | "interests" | "messages" | "forum_comments" | "forum_likes" | "shortlists" | "subscriptions" | "payments" | ... 10 more ... | "forum_categories"): PostgrestQueryBuilder<...>', gave the following error.
    Argument of type '"saved_searches"' is not assignable to parameter of type '"matches" | "forum_posts" | "events" | "profiles" | "community_groups" | "interests" | "messages" | "forum_comments" | "forum_likes" | "shortlists" | "subscriptions" | "payments" | ... 10 more ... | "forum_categories"'.
  Overload 2 of 2, '(relation: never): PostgrestQueryBuilder<{ PostgrestVersion: "12"; }, { Tables: { profiles: { Row: { id: string; user_id: string; created_at: string; updated_at: string; deleted_at: string | null; last_active: string | null; ... 78 more ...; privacy_settings: Json; }; Insert: { ...; }; Update: { ...; }; Relationships: [...]; }; ... 21 more ...; forum_categories: { ...; }; }; Views: {}; Functions: { ...; }; Enums: {}; CompositeTypes: {}; }, never, never, never>', gave the following error.
    Argument of type 'string' is not assignable to parameter of type 'never'.
src/hooks/useAdvancedSearch.ts(167,15): error TS2769: No overload matches this call.
  Overload 1 of 2, '(relation: "matches" | "forum_posts" | "events" | "profiles" | "community_groups" | "interests" | "messages" | "forum_comments" | "forum_likes" | "shortlists" | "subscriptions" | "payments" | ... 10 more ... | "forum_categories"): PostgrestQueryBuilder<...>', gave the following error.
    Argument of type '"saved_searches"' is not assignable to parameter of type '"matches" | "forum_posts" | "events" | "profiles" | "community_groups" | "interests" | "messages" | "forum_comments" | "forum_likes" | "shortlists" | "subscriptions" | "payments" | ... 10 more ... | "forum_categories"'.
  Overload 2 of 2, '(relation: never): PostgrestQueryBuilder<{ PostgrestVersion: "12"; }, { Tables: { profiles: { Row: { id: string; user_id: string; created_at: string; updated_at: string; deleted_at: string | null; last_active: string | null; ... 78 more ...; privacy_settings: Json; }; Insert: { ...; }; Update: { ...; }; Relationships: [...]; }; ... 21 more ...; forum_categories: { ...; }; }; Views: {}; Functions: { ...; }; Enums: {}; CompositeTypes: {}; }, never, never, never>', gave the following error.
    Argument of type 'string' is not assignable to parameter of type 'never'.
src/hooks/useCompatibility.ts(73,15): error TS2769: No overload matches this call.
  Overload 1 of 2, '(relation: "matches" | "forum_posts" | "events" | "profiles" | "community_groups" | "interests" | "messages" | "forum_comments" | "forum_likes" | "shortlists" | "subscriptions" | "payments" | ... 10 more ... | "forum_categories"): PostgrestQueryBuilder<...>', gave the following error.
    Argument of type '"horoscope_details"' is not assignable to parameter of type '"matches" | "forum_posts" | "events" | "profiles" | "community_groups" | "interests" | "messages" | "forum_comments" | "forum_likes" | "shortlists" | "subscriptions" | "payments" | ... 10 more ... | "forum_categories"'.
  Overload 2 of 2, '(relation: never): PostgrestQueryBuilder<{ PostgrestVersion: "12"; }, { Tables: { profiles: { Row: { id: string; user_id: string; created_at: string; updated_at: string; deleted_at: string | null; last_active: string | null; ... 78 more ...; privacy_settings: Json; }; Insert: { ...; }; Update: { ...; }; Relationships: [...]; }; ... 21 more ...; forum_categories: { ...; }; }; Views: {}; Functions: { ...; }; Enums: {}; CompositeTypes: {}; }, never, never, never>', gave the following error.
    Argument of type 'string' is not assignable to parameter of type 'never'.
src/hooks/useCompatibility.ts(79,15): error TS2769: No overload matches this call.
  Overload 1 of 2, '(relation: "matches" | "forum_posts" | "events" | "profiles" | "community_groups" | "interests" | "messages" | "forum_comments" | "forum_likes" | "shortlists" | "subscriptions" | "payments" | ... 10 more ... | "forum_categories"): PostgrestQueryBuilder<...>', gave the following error.
    Argument of type '"horoscope_details"' is not assignable to parameter of type '"matches" | "forum_posts" | "events" | "profiles" | "community_groups" | "interests" | "messages" | "forum_comments" | "forum_likes" | "shortlists" | "subscriptions" | "payments" | ... 10 more ... | "forum_categories"'.
  Overload 2 of 2, '(relation: never): PostgrestQueryBuilder<{ PostgrestVersion: "12"; }, { Tables: { profiles: { Row: { id: string; user_id: string; created_at: string; updated_at: string; deleted_at: string | null; last_active: string | null; ... 78 more ...; privacy_settings: Json; }; Insert: { ...; }; Update: { ...; }; Relationships: [...]; }; ... 21 more ...; forum_categories: { ...; }; }; Views: {}; Functions: { ...; }; Enums: {}; CompositeTypes: {}; }, never, never, never>', gave the following error.
    Argument of type 'string' is not assignable to parameter of type 'never'.
src/hooks/useCompatibility.ts(89,69): error TS2345: Argument of type '{ id: string; user_id: string; created_at: string; updated_at: string; deleted_at: string | null; last_active: string | null; last_seen_at: string | null; first_name: string | null; ... 76 more ...; privacy_settings: Json; } | ... 21 more ... | { ...; }' is not assignable to parameter of type 'Horoscope'.
  Property 'birth_date' is missing in type '{ id: string; user_id: string; created_at: string; updated_at: string; deleted_at: string | null; last_active: string | null; last_seen_at: string | null; first_name: string | null; last_name: string | null; ... 75 more ...; privacy_settings: Json; }' but required in type 'Horoscope'.
src/hooks/useEvents.ts(29,3): error TS2322: Type '{ id: string; organizer_id: string; title: string; description: string | null; event_type: string; event_date: string; location: string | null; is_virtual: boolean; meeting_url: string | null; ... 4 more ...; deleted_at: string | null; }[]' is not assignable to type 'Event[]'.
  Property 'current_participants' is missing in type '{ id: string; organizer_id: string; title: string; description: string | null; event_type: string; event_date: string; location: string | null; is_virtual: boolean; meeting_url: string | null; ... 4 more ...; deleted_at: string | null; }' but required in type 'Event'.
src/hooks/useEvents.ts(99,15): error TS2769: No overload matches this call.
  Overload 1 of 2, '(relation: "matches" | "forum_posts" | "events" | "profiles" | "community_groups" | "interests" | "messages" | "forum_comments" | "forum_likes" | "shortlists" | "subscriptions" | "payments" | ... 10 more ... | "forum_categories"): PostgrestQueryBuilder<...>', gave the following error.
    Argument of type '"event_participants"' is not assignable to parameter of type '"matches" | "forum_posts" | "events" | "profiles" | "community_groups" | "interests" | "messages" | "forum_comments" | "forum_likes" | "shortlists" | "subscriptions" | "payments" | ... 10 more ... | "forum_categories"'.
  Overload 2 of 2, '(relation: never): PostgrestQueryBuilder<{ PostgrestVersion: "12"; }, { Tables: { profiles: { Row: { id: string; user_id: string; created_at: string; updated_at: string; deleted_at: string | null; last_active: string | null; ... 78 more ...; privacy_settings: Json; }; Insert: { ...; }; Update: { ...; }; Relationships: [...]; }; ... 21 more ...; forum_categories: { ...; }; }; Views: {}; Functions: { ...; }; Enums: {}; CompositeTypes: {}; }, never, never, never>', gave the following error.
    Argument of type 'string' is not assignable to parameter of type 'never'.
src/hooks/useEvents.ts(118,21): error TS2353: Object literal may only specify known properties, and 'current_participants' does not exist in type '{ id?: string | undefined; organizer_id?: string | undefined; title?: string | undefined; description?: string | null | undefined; event_type?: string | undefined; event_date?: string | undefined; ... 7 more ...; deleted_at?: string | ... 1 more ... | undefined; }'.
src/hooks/useEvents.ts(118,56): error TS2339: Property 'current_participants' does not exist on type 'SelectQueryError<"column 'current_participants' does not exist on 'events'.">'.
src/hooks/useEvents.ts(141,15): error TS2769: No overload matches this call.
  Overload 1 of 2, '(relation: "matches" | "forum_posts" | "events" | "profiles" | "community_groups" | "interests" | "messages" | "forum_comments" | "forum_likes" | "shortlists" | "subscriptions" | "payments" | ... 10 more ... | "forum_categories"): PostgrestQueryBuilder<...>', gave the following error.
    Argument of type '"event_participants"' is not assignable to parameter of type '"matches" | "forum_posts" | "events" | "profiles" | "community_groups" | "interests" | "messages" | "forum_comments" | "forum_likes" | "shortlists" | "subscriptions" | "payments" | ... 10 more ... | "forum_categories"'.
  Overload 2 of 2, '(relation: never): PostgrestQueryBuilder<{ PostgrestVersion: "12"; }, { Tables: { profiles: { Row: { id: string; user_id: string; created_at: string; updated_at: string; deleted_at: string | null; last_active: string | null; ... 78 more ...; privacy_settings: Json; }; Insert: { ...; }; Update: { ...; }; Relationships: [...]; }; ... 21 more ...; forum_categories: { ...; }; }; Views: {}; Functions: { ...; }; Enums: {}; CompositeTypes: {}; }, never, never, never>', gave the following error.
    Argument of type 'string' is not assignable to parameter of type 'never'.
src/hooks/useEvents.ts(158,21): error TS2353: Object literal may only specify known properties, and 'current_participants' does not exist in type '{ id?: string | undefined; organizer_id?: string | undefined; title?: string | undefined; description?: string | null | undefined; event_type?: string | undefined; event_date?: string | undefined; ... 7 more ...; deleted_at?: string | ... 1 more ... | undefined; }'.
src/hooks/useEvents.ts(158,65): error TS2339: Property 'current_participants' does not exist on type 'SelectQueryError<"column 'current_participants' does not exist on 'events'.">'.
src/hooks/useProfile.ts(54,14): error TS2352: Conversion of type '{ id: string; user_id: string; created_at: string; updated_at: string; deleted_at: string | null; last_active: string | null; last_seen_at: string | null; first_name: string | null; last_name: string | null; ... 75 more ...; privacy_settings: Json; }' to type 'Profile' may be a mistake because neither type sufficiently overlaps with the other. If this was intentional, convert the expression to 'unknown' first.
  Property 'profile_image' is missing in type '{ id: string; user_id: string; created_at: string; updated_at: string; deleted_at: string | null; last_active: string | null; last_seen_at: string | null; first_name: string | null; last_name: string | null; ... 75 more ...; privacy_settings: Json; }' but required in type 'Profile'.
src/hooks/useProfile.ts(173,11): error TS2561: Object literal may only specify known properties, but 'last_active' does not exist in type '{ id?: string | undefined; user_id?: string | undefined; created_at?: string | undefined; updated_at?: string | undefined; deleted_at?: string | null | undefined; first_name?: string | null | undefined; ... 43 more ...; profile_completion?: number | ... 1 more ... | undefined; }'. Did you mean to write 'is_active'?
src/hooks/useProfilePrivacy.ts(11,15): error TS2769: No overload matches this call.
  Overload 1 of 2, '(relation: "matches" | "forum_posts" | "events" | "profiles" | "community_groups" | "interests" | "messages" | "forum_comments" | "forum_likes" | "shortlists" | "subscriptions" | "payments" | ... 10 more ... | "forum_categories"): PostgrestQueryBuilder<...>', gave the following error.
    Argument of type '"blocked_users"' is not assignable to parameter of type '"matches" | "forum_posts" | "events" | "profiles" | "community_groups" | "interests" | "messages" | "forum_comments" | "forum_likes" | "shortlists" | "subscriptions" | "payments" | ... 10 more ... | "forum_categories"'.
  Overload 2 of 2, '(relation: never): PostgrestQueryBuilder<{ PostgrestVersion: "12"; }, { Tables: { profiles: { Row: { id: string; user_id: string; created_at: string; updated_at: string; deleted_at: string | null; last_active: string | null; ... 78 more ...; privacy_settings: Json; }; Insert: { ...; }; Update: { ...; }; Relationships: [...]; }; ... 21 more ...; forum_categories: { ...; }; }; Views: {}; Functions: { ...; }; Enums: {}; CompositeTypes: {}; }, never, never, never>', gave the following error.
    Argument of type 'string' is not assignable to parameter of type 'never'.
src/hooks/useProfilePrivacy.ts(13,11): error TS2769: No overload matches this call.
  Overload 1 of 2, '(values: { id?: string | undefined; user_id: string; created_at?: string | undefined; updated_at?: string | undefined; deleted_at?: string | null | undefined; first_name?: string | null | undefined; ... 46 more ...; profile_completion?: number | ... 1 more ... | undefined; } | ... 21 more ... | { ...; }, options?: { ...; } | undefined): PostgrestFilterBuilder<...>', gave the following error.
    Object literal may only specify known properties, and 'blocked_user_id' does not exist in type '{ id?: string | undefined; user_id: string; created_at?: string | undefined; updated_at?: string | undefined; deleted_at?: string | null | undefined; first_name?: string | null | undefined; ... 46 more ...; profile_completion?: number | ... 1 more ... | undefined; } | ... 21 more ... | { ...; }'.
  Overload 2 of 2, '(values: ({ id?: string | undefined; user_id: string; created_at?: string | undefined; updated_at?: string | undefined; deleted_at?: string | null | undefined; first_name?: string | null | undefined; ... 46 more ...; profile_completion?: number | ... 1 more ... | undefined; } | ... 21 more ... | { ...; })[], options?: { ...; } | undefined): PostgrestFilterBuilder<...>', gave the following error.
    Object literal may only specify known properties, and 'blocked_user_id' does not exist in type '({ id?: string | undefined; user_id: string; created_at?: string | undefined; updated_at?: string | undefined; deleted_at?: string | null | undefined; first_name?: string | null | undefined; ... 46 more ...; profile_completion?: number | ... 1 more ... | undefined; } | ... 21 more ... | { ...; })[]'.
src/hooks/useProfilePrivacy.ts(34,15): error TS2769: No overload matches this call.
  Overload 1 of 2, '(relation: "matches" | "forum_posts" | "events" | "profiles" | "community_groups" | "interests" | "messages" | "forum_comments" | "forum_likes" | "shortlists" | "subscriptions" | "payments" | ... 10 more ... | "forum_categories"): PostgrestQueryBuilder<...>', gave the following error.
    Argument of type '"user_reports"' is not assignable to parameter of type '"matches" | "forum_posts" | "events" | "profiles" | "community_groups" | "interests" | "messages" | "forum_comments" | "forum_likes" | "shortlists" | "subscriptions" | "payments" | ... 10 more ... | "forum_categories"'.
  Overload 2 of 2, '(relation: never): PostgrestQueryBuilder<{ PostgrestVersion: "12"; }, { Tables: { profiles: { Row: { id: string; user_id: string; created_at: string; updated_at: string; deleted_at: string | null; last_active: string | null; ... 78 more ...; privacy_settings: Json; }; Insert: { ...; }; Update: { ...; }; Relationships: [...]; }; ... 21 more ...; forum_categories: { ...; }; }; Views: {}; Functions: { ...; }; Enums: {}; CompositeTypes: {}; }, never, never, never>', gave the following error.
    Argument of type 'string' is not assignable to parameter of type 'never'.
src/hooks/useProfilePrivacy.ts(36,11): error TS2769: No overload matches this call.
  Overload 1 of 2, '(values: { id?: string | undefined; user_id: string; created_at?: string | undefined; updated_at?: string | undefined; deleted_at?: string | null | undefined; first_name?: string | null | undefined; ... 46 more ...; profile_completion?: number | ... 1 more ... | undefined; } | ... 21 more ... | { ...; }, options?: { ...; } | undefined): PostgrestFilterBuilder<...>', gave the following error.
    Object literal may only specify known properties, and 'reported_user_id' does not exist in type '{ id?: string | undefined; user_id: string; created_at?: string | undefined; updated_at?: string | undefined; deleted_at?: string | null | undefined; first_name?: string | null | undefined; ... 46 more ...; profile_completion?: number | ... 1 more ... | undefined; } | ... 21 more ... | { ...; }'.
  Overload 2 of 2, '(values: ({ id?: string | undefined; user_id: string; created_at?: string | undefined; updated_at?: string | undefined; deleted_at?: string | null | undefined; first_name?: string | null | undefined; ... 46 more ...; profile_completion?: number | ... 1 more ... | undefined; } | ... 21 more ... | { ...; })[], options?: { ...; } | undefined): PostgrestFilterBuilder<...>', gave the following error.
    Object literal may only specify known properties, and 'reported_user_id' does not exist in type '({ id?: string | undefined; user_id: string; created_at?: string | undefined; updated_at?: string | undefined; deleted_at?: string | null | undefined; first_name?: string | null | undefined; ... 46 more ...; profile_completion?: number | ... 1 more ... | undefined; } | ... 21 more ... | { ...; })[]'.
src/hooks/useRealTimeMessages.ts(61,19): error TS2345: Argument of type '{ id: string; sender_id: string; receiver_id: string; content: string; message_type: string; media_url: string | null; attachment_url: string | null; read_at: string | null; read: boolean; created_at: string; deleted_at: string | null; }[]' is not assignable to parameter of type 'SetStateAction<Message[]>'.
  Type '{ id: string; sender_id: string; receiver_id: string; content: string; message_type: string; media_url: string | null; attachment_url: string | null; read_at: string | null; read: boolean; created_at: string; deleted_at: string | null; }[]' is not assignable to type 'Message[]'.
    Type '{ id: string; sender_id: string; receiver_id: string; content: string; message_type: string; media_url: string | null; attachment_url: string | null; read_at: string | null; read: boolean; created_at: string; deleted_at: string | null; }' is not assignable to type 'Message'.
      Types of property 'attachment_url' are incompatible.
        Type 'string | null' is not assignable to type 'string | undefined'.
          Type 'null' is not assignable to type 'string | undefined'.
src/hooks/useSubscription.ts(27,48): error TS2551: Property 'getCurrentSubscription' does not exist on type 'PaymentsService'. Did you mean 'getSubscriptions'?
src/hooks/useSubscription.ts(28,45): error TS2551: Property 'hasActiveSubscription' does not exist on type 'PaymentsService'. Did you mean 'getActiveSubscription'?
src/hooks/useSubscription.ts(92,29): error TS2339: Property 'initiatePayment' does not exist on type 'PaymentsService'.
src/hooks/useSuccessStories.ts(11,18): error TS2430: Interface 'SuccessStory' incorrectly extends interface '{ id: string; couple_user_1: string | null; couple_user_2: string | null; title: string; story: string; wedding_date: string | null; marriage_date: string | null; images: string[]; image_url: string | null; ... 5 more ...; deleted_at: string | null; }'.
  Types of property 'title' are incompatible.
    Type 'string | undefined' is not assignable to type 'string'.
      Type 'undefined' is not assignable to type 'string'.
src/lib/api.ts(202,25): error TS2345: Argument of type 'string | null' is not assignable to parameter of type 'string'.
  Type 'null' is not assignable to type 'string'.
src/lib/api.ts(290,15): error TS2769: No overload matches this call.
  Overload 1 of 2, '(relation: "matches" | "forum_posts" | "events" | "profiles" | "community_groups" | "interests" | "messages" | "forum_comments" | "forum_likes" | "shortlists" | "subscriptions" | "payments" | ... 10 more ... | "forum_categories"): PostgrestQueryBuilder<...>', gave the following error.
    Argument of type '"profile_views"' is not assignable to parameter of type '"matches" | "forum_posts" | "events" | "profiles" | "community_groups" | "interests" | "messages" | "forum_comments" | "forum_likes" | "shortlists" | "subscriptions" | "payments" | ... 10 more ... | "forum_categories"'.
  Overload 2 of 2, '(relation: never): PostgrestQueryBuilder<{ PostgrestVersion: "12"; }, { Tables: { profiles: { Row: { id: string; user_id: string; created_at: string; updated_at: string; deleted_at: string | null; last_active: string | null; ... 78 more ...; privacy_settings: Json; }; Insert: { ...; }; Update: { ...; }; Relationships: [...]; }; ... 21 more ...; forum_categories: { ...; }; }; Views: {}; Functions: { ...; }; Enums: {}; CompositeTypes: {}; }, never, never, never>', gave the following error.
    Argument of type 'string' is not assignable to parameter of type 'never'.
src/lib/apiClient.ts(23,7): error TS7053: Element implicitly has an 'any' type because expression of type '"Authorization"' can't be used to index type '{ 'Content-Type': string; Accept: string; }'.
  Property 'Authorization' does not exist on type '{ 'Content-Type': string; Accept: string; }'.
src/lib/apiClient.ts(265,16): error TS7053: Element implicitly has an 'any' type because expression of type 'string' can't be used to index type '{ 'Content-Type': string; Accept: string; }'.
  No index signature with a parameter of type 'string' was found on type '{ 'Content-Type': string; Accept: string; }'.
src/lib/matching-algorithm.ts(103,32): error TS18048: 'profile2.education' is possibly 'undefined'.
src/lib/matching-algorithm.ts(119,25): error TS2339: Property 'city' does not exist on type 'string | LocationData'.
  Property 'city' does not exist on type 'string'.
src/lib/matching-algorithm.ts(119,51): error TS2339: Property 'city' does not exist on type 'string | LocationData'.
  Property 'city' does not exist on type 'string'.
src/lib/matching-algorithm.ts(120,25): error TS2339: Property 'city' does not exist on type 'string | LocationData'.
  Property 'city' does not exist on type 'string'.
src/lib/matching-algorithm.ts(120,66): error TS2339: Property 'city' does not exist on type 'string | LocationData'.
  Property 'city' does not exist on type 'string'.
src/lib/matching-algorithm.ts(124,30): error TS2339: Property 'state' does not exist on type 'string | LocationData'.
  Property 'state' does not exist on type 'string'.
src/lib/matching-algorithm.ts(124,57): error TS2339: Property 'state' does not exist on type 'string | LocationData'.
  Property 'state' does not exist on type 'string'.
src/lib/matching-algorithm.ts(125,30): error TS2339: Property 'state' does not exist on type 'string | LocationData'.
  Property 'state' does not exist on type 'string'.
src/lib/matching-algorithm.ts(125,72): error TS2339: Property 'state' does not exist on type 'string | LocationData'.
  Property 'state' does not exist on type 'string'.
src/lib/matching-algorithm.ts(129,30): error TS2339: Property 'country' does not exist on type 'string | LocationData'.
  Property 'country' does not exist on type 'string'.
src/lib/matching-algorithm.ts(129,59): error TS2339: Property 'country' does not exist on type 'string | LocationData'.
  Property 'country' does not exist on type 'string'.
src/lib/matching-algorithm.ts(130,30): error TS2339: Property 'country' does not exist on type 'string | LocationData'.
  Property 'country' does not exist on type 'string'.
src/lib/matching-algorithm.ts(130,74): error TS2339: Property 'country' does not exist on type 'string | LocationData'.
  Property 'country' does not exist on type 'string'.
src/lib/matching-algorithm.ts(137,56): error TS2339: Property 'city' does not exist on type 'string | LocationData'.
  Property 'city' does not exist on type 'string'.
src/lib/matching-algorithm.ts(138,56): error TS2339: Property 'state' does not exist on type 'string | LocationData'.
  Property 'state' does not exist on type 'string'.
src/lib/matching-algorithm.ts(139,56): error TS2339: Property 'country' does not exist on type 'string | LocationData'.
  Property 'country' does not exist on type 'string'.
src/pages/Admin.tsx(51,48): error TS2345: Argument of type '"suspend" | "activate"' is not assignable to parameter of type '"active" | "suspended"'.
  Type '"suspend"' is not assignable to type '"active" | "suspended"'. Did you mean '"suspended"'?
src/pages/admin/components/EventsManagementTab.tsx(76,11): error TS2353: Object literal may only specify known properties, and 'capacity' does not exist in type 'Event'.
src/pages/admin/components/EventsManagementTab.tsx(86,11): error TS2353: Object literal may only specify known properties, and 'capacity' does not exist in type 'Event'.
src/pages/admin/components/EventsManagementTab.tsx(128,38): error TS2339: Property 'event_date' does not exist on type 'EventFormData'.
src/pages/admin/components/EventsManagementTab.tsx(135,40): error TS2304: Cannot find name 'supabase'.
src/pages/Dashboard.tsx(102,62): error TS2304: Cannot find name 'useQuery'.
src/pages/Dashboard.tsx(110,23): error TS2769: No overload matches this call.
  Overload 1 of 2, '(relation: "matches" | "forum_posts" | "events" | "profiles" | "community_groups" | "interests" | "messages" | "forum_comments" | "forum_likes" | "shortlists" | "subscriptions" | "payments" | ... 10 more ... | "forum_categories"): PostgrestQueryBuilder<...>', gave the following error.
    Argument of type '"profile_views"' is not assignable to parameter of type '"matches" | "forum_posts" | "events" | "profiles" | "community_groups" | "interests" | "messages" | "forum_comments" | "forum_likes" | "shortlists" | "subscriptions" | "payments" | ... 10 more ... | "forum_categories"'.
  Overload 2 of 2, '(relation: never): PostgrestQueryBuilder<{ PostgrestVersion: "12"; }, { Tables: { profiles: { Row: { id: string; user_id: string; created_at: string; updated_at: string; deleted_at: string | null; last_active: string | null; ... 78 more ...; privacy_settings: Json; }; Insert: { ...; }; Update: { ...; }; Relationships: [...]; }; ... 21 more ...; forum_categories: { ...; }; }; Views: {}; Functions: { ...; }; Enums: {}; CompositeTypes: {}; }, never, never, never>', gave the following error.
    Argument of type 'string' is not assignable to parameter of type 'never'.
