src/components/community/CreateEventModal.tsx(52,38): error TS2345: Argument of type '{ title: string; description: string | undefined; event_date: string; location: string | undefined; max_participants: number | undefined; is_private: boolean; }' is not assignable to parameter of type 'Omit<Event, "id" | "creator_id" | "created_at" | "updated_at" | "current_participants">'.
  Property 'organizer_id' is missing in type '{ title: string; description: string | undefined; event_date: string; location: string | undefined; max_participants: number | undefined; is_private: boolean; }' but required in type 'Omit<Event, "id" | "creator_id" | "created_at" | "updated_at" | "current_participants">'.
src/components/messaging/ChatWindow.tsx(91,41): error TS2339: Property 'subscribeToMessages' does not exist on type 'MessagesService'.
src/components/messaging/ChatWindow.tsx(91,62): error TS7006: Parameter 'message' implicitly has an 'any' type.
src/components/messaging/ChatWindow.tsx(103,41): error TS2339: Property 'subscribeToTyping' does not exist on type 'MessagesService'.
src/components/messaging/ChatWindow.tsx(103,71): error TS7006: Parameter 'typing' implicitly has an 'any' type.
src/components/messaging/ChatWindow.tsx(117,21): error TS2339: Property 'sendTypingIndicator' does not exist on type 'MessagesService'.
src/features/messages/EnhancedChatPanel.tsx(204,15): error TS2322: Type 'import("D:/brahminsoul/brahminsoul/New folder/brahmin-soulmate-connect-main/src/types/chat").MessageReaction[]' is not assignable to type 'import("D:/brahminsoul/brahminsoul/New folder/brahmin-soulmate-connect-main/src/features/messages/hooks/useMessages").MessageReaction[]'.
  Type 'MessageReaction' is missing the following properties from type 'MessageReaction': message_id, user_id, created_at
src/features/messages/useMessages.tsx(126,51): error TS2339: Property 'user_id' does not exist on type 'never'.
src/features/messages/useMessages.tsx(127,69): error TS2339: Property 'first_name' does not exist on type 'never'.
src/features/messages/useMessages.tsx(145,45): error TS2339: Property 'user_id' does not exist on type 'never'.
src/features/messages/useMessages.tsx(146,71): error TS2339: Property 'first_name' does not exist on type 'never'.
src/features/messages/useMessages.tsx(153,48): error TS2339: Property 'id' does not exist on type 'never'.
src/features/messages/useMessages.tsx(154,52): error TS2339: Property 'first_name' does not exist on type 'never'.
src/features/payments/components/PaymentForm.tsx(14,5): error TS2687: All declarations of 'Razorpay' must have identical modifiers.
src/features/vdates/useVDates.ts(17,22): error TS2339: Property 'user_id_1' does not exist on type 'VDate'.
src/features/vdates/useVDates.ts(17,35): error TS2339: Property 'user_id_2' does not exist on type 'VDate'.
src/features/vdates/useVDates.ts(18,18): error TS2339: Property 'user_id_1' does not exist on type 'VDate'.
src/features/vdates/useVDates.ts(19,9): error TS18048: 'v.scheduled_time' is possibly 'undefined'.
src/features/vdates/useVDates.ts(20,9): error TS18048: 'v.scheduled_time' is possibly 'undefined'.
src/features/vdates/useVDates.ts(24,15): error TS2339: Property 'duration' does not exist on type 'VDate'.
src/features/vdates/useVDates.ts(29,15): error TS2339: Property 'user_id_1' does not exist on type 'VDate'.
src/features/vdates/useVDates.ts(72,44): error TS2551: Property 'profile_picture_url' does not exist on type 'UserProfile'. Did you mean 'profile_picture'?
src/features/vdates/useVDates.ts(132,27): error TS2339: Property 'cancelVDate' does not exist on type 'VDatesService'.
src/hooks/forum/useForumPosts.ts(19,3): error TS2322: Type '{ is_locked: false; id: string; user_id: string; author_id: string; category: string; category_id: string | null; title: string; content: string; views: number; view_count: number; likes: number; ... 5 more ...; deleted_at: string | null; }[]' is not assignable to type 'ForumPost[]'.
  Type '{ is_locked: false; id: string; user_id: string; author_id: string; category: string; category_id: string | null; title: string; content: string; views: number; view_count: number; likes: number; ... 5 more ...; deleted_at: string | null; }' is not assignable to type 'ForumPost'.
    Types of property 'category_id' are incompatible.
      Type 'string | null' is not assignable to type 'string'.
        Type 'null' is not assignable to type 'string'.
src/hooks/social/useUserActivities.ts(33,17): error TS7006: Parameter 'activity' implicitly has an 'any' type.
src/hooks/social/useUserActivities.ts(37,14): error TS7006: Parameter 'activity' implicitly has an 'any' type.
src/hooks/useAdvancedSearch.ts(109,15): error TS2769: No overload matches this call.
  Overload 1 of 2, '(relation: "matches" | "forum_posts" | "events" | "profiles" | "community_groups" | "interests" | "messages" | "forum_comments" | "forum_likes" | "shortlists" | "subscriptions" | "payments" | ... 10 more ... | "forum_categories"): PostgrestQueryBuilder<...>', gave the following error.
    Argument of type '"compatibility_scores"' is not assignable to parameter of type '"matches" | "forum_posts" | "events" | "profiles" | "community_groups" | "interests" | "messages" | "forum_comments" | "forum_likes" | "shortlists" | "subscriptions" | "payments" | ... 10 more ... | "forum_categories"'.
  Overload 2 of 2, '(relation: never): PostgrestQueryBuilder<{ PostgrestVersion: "12"; }, { Tables: { profiles: { Row: { id: string; user_id: string; created_at: string; updated_at: string; deleted_at: string | null; last_active: string | null; ... 78 more ...; privacy_settings: Json; }; Insert: { ...; }; Update: { ...; }; Relationships: [...]; }; ... 21 more ...; forum_categories: { ...; }; }; Views: {}; Functions: { ...; }; Enums: {}; CompositeTypes: {}; }, never, never, never>', gave the following error.
    Argument of type 'string' is not assignable to parameter of type 'never'.
src/hooks/useAdvancedSearch.ts(115,53): error TS2339: Property 'user2_id' does not exist on type '{ id: string; user_id: string; created_at: string; updated_at: string; deleted_at: string | null; last_active: string | null; last_seen_at: string | null; first_name: string | null; ... 76 more ...; privacy_settings: Json; } | ... 21 more ... | { ...; }'.
  Property 'user2_id' does not exist on type '{ id: string; user_id: string; created_at: string; updated_at: string; deleted_at: string | null; last_active: string | null; last_seen_at: string | null; first_name: string | null; last_name: string | null; ... 75 more ...; privacy_settings: Json; }'.
src/hooks/useAdvancedSearch.ts(118,45): error TS2339: Property 'overall_score' does not exist on type '{ id: string; user_id: string; created_at: string; updated_at: string; deleted_at: string | null; last_active: string | null; last_seen_at: string | null; first_name: string | null; ... 76 more ...; privacy_settings: Json; } | ... 21 more ... | { ...; }'.
  Property 'overall_score' does not exist on type '{ id: string; user_id: string; created_at: string; updated_at: string; deleted_at: string | null; last_active: string | null; last_seen_at: string | null; first_name: string | null; last_name: string | null; ... 75 more ...; privacy_settings: Json; }'.
src/hooks/useAdvancedSearch.ts(141,15): error TS2769: No overload matches this call.
  Overload 1 of 2, '(relation: "matches" | "forum_posts" | "events" | "profiles" | "community_groups" | "interests" | "messages" | "forum_comments" | "forum_likes" | "shortlists" | "subscriptions" | "payments" | ... 10 more ... | "forum_categories"): PostgrestQueryBuilder<...>', gave the following error.
    Argument of type '"saved_searches"' is not assignable to parameter of type '"matches" | "forum_posts" | "events" | "profiles" | "community_groups" | "interests" | "messages" | "forum_comments" | "forum_likes" | "shortlists" | "subscriptions" | "payments" | ... 10 more ... | "forum_categories"'.
  Overload 2 of 2, '(relation: never): PostgrestQueryBuilder<{ PostgrestVersion: "12"; }, { Tables: { profiles: { Row: { id: string; user_id: string; created_at: string; updated_at: string; deleted_at: string | null; last_active: string | null; ... 78 more ...; privacy_settings: Json; }; Insert: { ...; }; Update: { ...; }; Relationships: [...]; }; ... 21 more ...; forum_categories: { ...; }; }; Views: {}; Functions: { ...; }; Enums: {}; CompositeTypes: {}; }, never, never, never>', gave the following error.
    Argument of type 'string' is not assignable to parameter of type 'never'.
src/hooks/useAdvancedSearch.ts(167,15): error TS2769: No overload matches this call.
  Overload 1 of 2, '(relation: "matches" | "forum_posts" | "events" | "profiles" | "community_groups" | "interests" | "messages" | "forum_comments" | "forum_likes" | "shortlists" | "subscriptions" | "payments" | ... 10 more ... | "forum_categories"): PostgrestQueryBuilder<...>', gave the following error.
    Argument of type '"saved_searches"' is not assignable to parameter of type '"matches" | "forum_posts" | "events" | "profiles" | "community_groups" | "interests" | "messages" | "forum_comments" | "forum_likes" | "shortlists" | "subscriptions" | "payments" | ... 10 more ... | "forum_categories"'.
  Overload 2 of 2, '(relation: never): PostgrestQueryBuilder<{ PostgrestVersion: "12"; }, { Tables: { profiles: { Row: { id: string; user_id: string; created_at: string; updated_at: string; deleted_at: string | null; last_active: string | null; ... 78 more ...; privacy_settings: Json; }; Insert: { ...; }; Update: { ...; }; Relationships: [...]; }; ... 21 more ...; forum_categories: { ...; }; }; Views: {}; Functions: { ...; }; Enums: {}; CompositeTypes: {}; }, never, never, never>', gave the following error.
    Argument of type 'string' is not assignable to parameter of type 'never'.
src/hooks/useCompatibility.ts(73,15): error TS2769: No overload matches this call.
  Overload 1 of 2, '(relation: "matches" | "forum_posts" | "events" | "profiles" | "community_groups" | "interests" | "messages" | "forum_comments" | "forum_likes" | "shortlists" | "subscriptions" | "payments" | ... 10 more ... | "forum_categories"): PostgrestQueryBuilder<...>', gave the following error.
    Argument of type '"horoscope_details"' is not assignable to parameter of type '"matches" | "forum_posts" | "events" | "profiles" | "community_groups" | "interests" | "messages" | "forum_comments" | "forum_likes" | "shortlists" | "subscriptions" | "payments" | ... 10 more ... | "forum_categories"'.
  Overload 2 of 2, '(relation: never): PostgrestQueryBuilder<{ PostgrestVersion: "12"; }, { Tables: { profiles: { Row: { id: string; user_id: string; created_at: string; updated_at: string; deleted_at: string | null; last_active: string | null; ... 78 more ...; privacy_settings: Json; }; Insert: { ...; }; Update: { ...; }; Relationships: [...]; }; ... 21 more ...; forum_categories: { ...; }; }; Views: {}; Functions: { ...; }; Enums: {}; CompositeTypes: {}; }, never, never, never>', gave the following error.
    Argument of type 'string' is not assignable to parameter of type 'never'.
src/hooks/useCompatibility.ts(79,15): error TS2769: No overload matches this call.
  Overload 1 of 2, '(relation: "matches" | "forum_posts" | "events" | "profiles" | "community_groups" | "interests" | "messages" | "forum_comments" | "forum_likes" | "shortlists" | "subscriptions" | "payments" | ... 10 more ... | "forum_categories"): PostgrestQueryBuilder<...>', gave the following error.
    Argument of type '"horoscope_details"' is not assignable to parameter of type '"matches" | "forum_posts" | "events" | "profiles" | "community_groups" | "interests" | "messages" | "forum_comments" | "forum_likes" | "shortlists" | "subscriptions" | "payments" | ... 10 more ... | "forum_categories"'.
  Overload 2 of 2, '(relation: never): PostgrestQueryBuilder<{ PostgrestVersion: "12"; }, { Tables: { profiles: { Row: { id: string; user_id: string; created_at: string; updated_at: string; deleted_at: string | null; last_active: string | null; ... 78 more ...; privacy_settings: Json; }; Insert: { ...; }; Update: { ...; }; Relationships: [...]; }; ... 21 more ...; forum_categories: { ...; }; }; Views: {}; Functions: { ...; }; Enums: {}; CompositeTypes: {}; }, never, never, never>', gave the following error.
    Argument of type 'string' is not assignable to parameter of type 'never'.
src/hooks/useCompatibility.ts(89,69): error TS2345: Argument of type '{ id: string; user_id: string; created_at: string; updated_at: string; deleted_at: string | null; last_active: string | null; last_seen_at: string | null; first_name: string | null; ... 76 more ...; privacy_settings: Json; } | ... 21 more ... | { ...; }' is not assignable to parameter of type 'Horoscope'.
  Property 'birth_date' is missing in type '{ id: string; user_id: string; created_at: string; updated_at: string; deleted_at: string | null; last_active: string | null; last_seen_at: string | null; first_name: string | null; last_name: string | null; ... 75 more ...; privacy_settings: Json; }' but required in type 'Horoscope'.
src/hooks/useEvents.ts(29,3): error TS2322: Type '{ id: string; organizer_id: string; title: string; description: string | null; event_type: string; event_date: string; location: string | null; is_virtual: boolean; meeting_url: string | null; ... 4 more ...; deleted_at: string | null; }[]' is not assignable to type 'Event[]'.
  Property 'current_participants' is missing in type '{ id: string; organizer_id: string; title: string; description: string | null; event_type: string; event_date: string; location: string | null; is_virtual: boolean; meeting_url: string | null; ... 4 more ...; deleted_at: string | null; }' but required in type 'Event'.
src/hooks/useEvents.ts(99,15): error TS2769: No overload matches this call.
  Overload 1 of 2, '(relation: "matches" | "forum_posts" | "events" | "profiles" | "community_groups" | "interests" | "messages" | "forum_comments" | "forum_likes" | "shortlists" | "subscriptions" | "payments" | ... 10 more ... | "forum_categories"): PostgrestQueryBuilder<...>', gave the following error.
    Argument of type '"event_participants"' is not assignable to parameter of type '"matches" | "forum_posts" | "events" | "profiles" | "community_groups" | "interests" | "messages" | "forum_comments" | "forum_likes" | "shortlists" | "subscriptions" | "payments" | ... 10 more ... | "forum_categories"'.
  Overload 2 of 2, '(relation: never): PostgrestQueryBuilder<{ PostgrestVersion: "12"; }, { Tables: { profiles: { Row: { id: string; user_id: string; created_at: string; updated_at: string; deleted_at: string | null; last_active: string | null; ... 78 more ...; privacy_settings: Json; }; Insert: { ...; }; Update: { ...; }; Relationships: [...]; }; ... 21 more ...; forum_categories: { ...; }; }; Views: {}; Functions: { ...; }; Enums: {}; CompositeTypes: {}; }, never, never, never>', gave the following error.
    Argument of type 'string' is not assignable to parameter of type 'never'.
src/hooks/useEvents.ts(118,21): error TS2353: Object literal may only specify known properties, and 'current_participants' does not exist in type '{ id?: string | undefined; organizer_id?: string | undefined; title?: string | undefined; description?: string | null | undefined; event_type?: string | undefined; event_date?: string | undefined; ... 7 more ...; deleted_at?: string | ... 1 more ... | undefined; }'.
src/hooks/useEvents.ts(118,56): error TS2339: Property 'current_participants' does not exist on type 'SelectQueryError<"column 'current_participants' does not exist on 'events'.">'.
src/hooks/useEvents.ts(141,15): error TS2769: No overload matches this call.
  Overload 1 of 2, '(relation: "matches" | "forum_posts" | "events" | "profiles" | "community_groups" | "interests" | "messages" | "forum_comments" | "forum_likes" | "shortlists" | "subscriptions" | "payments" | ... 10 more ... | "forum_categories"): PostgrestQueryBuilder<...>', gave the following error.
    Argument of type '"event_participants"' is not assignable to parameter of type '"matches" | "forum_posts" | "events" | "profiles" | "community_groups" | "interests" | "messages" | "forum_comments" | "forum_likes" | "shortlists" | "subscriptions" | "payments" | ... 10 more ... | "forum_categories"'.
  Overload 2 of 2, '(relation: never): PostgrestQueryBuilder<{ PostgrestVersion: "12"; }, { Tables: { profiles: { Row: { id: string; user_id: string; created_at: string; updated_at: string; deleted_at: string | null; last_active: string | null; ... 78 more ...; privacy_settings: Json; }; Insert: { ...; }; Update: { ...; }; Relationships: [...]; }; ... 21 more ...; forum_categories: { ...; }; }; Views: {}; Functions: { ...; }; Enums: {}; CompositeTypes: {}; }, never, never, never>', gave the following error.
    Argument of type 'string' is not assignable to parameter of type 'never'.
src/hooks/useEvents.ts(158,21): error TS2353: Object literal may only specify known properties, and 'current_participants' does not exist in type '{ id?: string | undefined; organizer_id?: string | undefined; title?: string | undefined; description?: string | null | undefined; event_type?: string | undefined; event_date?: string | undefined; ... 7 more ...; deleted_at?: string | ... 1 more ... | undefined; }'.
src/hooks/useEvents.ts(158,65): error TS2339: Property 'current_participants' does not exist on type 'SelectQueryError<"column 'current_participants' does not exist on 'events'.">'.
src/hooks/useProfile.ts(54,14): error TS2352: Conversion of type '{ id: string; user_id: string; created_at: string; updated_at: string; deleted_at: string | null; last_active: string | null; last_seen_at: string | null; first_name: string | null; last_name: string | null; ... 75 more ...; privacy_settings: Json; }' to type 'Profile' may be a mistake because neither type sufficiently overlaps with the other. If this was intentional, convert the expression to 'unknown' first.
  Property 'profile_image' is missing in type '{ id: string; user_id: string; created_at: string; updated_at: string; deleted_at: string | null; last_active: string | null; last_seen_at: string | null; first_name: string | null; last_name: string | null; ... 75 more ...; privacy_settings: Json; }' but required in type 'Profile'.
src/hooks/useProfile.ts(173,11): error TS2561: Object literal may only specify known properties, but 'last_active' does not exist in type '{ id?: string | undefined; user_id?: string | undefined; created_at?: string | undefined; updated_at?: string | undefined; deleted_at?: string | null | undefined; first_name?: string | null | undefined; ... 43 more ...; profile_completion?: number | ... 1 more ... | undefined; }'. Did you mean to write 'is_active'?
src/hooks/useProfilePrivacy.ts(11,15): error TS2769: No overload matches this call.
  Overload 1 of 2, '(relation: "matches" | "forum_posts" | "events" | "profiles" | "community_groups" | "interests" | "messages" | "forum_comments" | "forum_likes" | "shortlists" | "subscriptions" | "payments" | ... 10 more ... | "forum_categories"): PostgrestQueryBuilder<...>', gave the following error.
    Argument of type '"blocked_users"' is not assignable to parameter of type '"matches" | "forum_posts" | "events" | "profiles" | "community_groups" | "interests" | "messages" | "forum_comments" | "forum_likes" | "shortlists" | "subscriptions" | "payments" | ... 10 more ... | "forum_categories"'.
  Overload 2 of 2, '(relation: never): PostgrestQueryBuilder<{ PostgrestVersion: "12"; }, { Tables: { profiles: { Row: { id: string; user_id: string; created_at: string; updated_at: string; deleted_at: string | null; last_active: string | null; ... 78 more ...; privacy_settings: Json; }; Insert: { ...; }; Update: { ...; }; Relationships: [...]; }; ... 21 more ...; forum_categories: { ...; }; }; Views: {}; Functions: { ...; }; Enums: {}; CompositeTypes: {}; }, never, never, never>', gave the following error.
    Argument of type 'string' is not assignable to parameter of type 'never'.
src/hooks/useProfilePrivacy.ts(13,11): error TS2769: No overload matches this call.
  Overload 1 of 2, '(values: { id?: string | undefined; user_id: string; created_at?: string | undefined; updated_at?: string | undefined; deleted_at?: string | null | undefined; first_name?: string | null | undefined; ... 46 more ...; profile_completion?: number | ... 1 more ... | undefined; } | ... 21 more ... | { ...; }, options?: { ...; } | undefined): PostgrestFilterBuilder<...>', gave the following error.
    Object literal may only specify known properties, and 'blocked_user_id' does not exist in type '{ id?: string | undefined; user_id: string; created_at?: string | undefined; updated_at?: string | undefined; deleted_at?: string | null | undefined; first_name?: string | null | undefined; ... 46 more ...; profile_completion?: number | ... 1 more ... | undefined; } | ... 21 more ... | { ...; }'.
  Overload 2 of 2, '(values: ({ id?: string | undefined; user_id: string; created_at?: string | undefined; updated_at?: string | undefined; deleted_at?: string | null | undefined; first_name?: string | null | undefined; ... 46 more ...; profile_completion?: number | ... 1 more ... | undefined; } | ... 21 more ... | { ...; })[], options?: { ...; } | undefined): PostgrestFilterBuilder<...>', gave the following error.
    Object literal may only specify known properties, and 'blocked_user_id' does not exist in type '({ id?: string | undefined; user_id: string; created_at?: string | undefined; updated_at?: string | undefined; deleted_at?: string | null | undefined; first_name?: string | null | undefined; ... 46 more ...; profile_completion?: number | ... 1 more ... | undefined; } | ... 21 more ... | { ...; })[]'.
src/hooks/useProfilePrivacy.ts(34,15): error TS2769: No overload matches this call.
  Overload 1 of 2, '(relation: "matches" | "forum_posts" | "events" | "profiles" | "community_groups" | "interests" | "messages" | "forum_comments" | "forum_likes" | "shortlists" | "subscriptions" | "payments" | ... 10 more ... | "forum_categories"): PostgrestQueryBuilder<...>', gave the following error.
    Argument of type '"user_reports"' is not assignable to parameter of type '"matches" | "forum_posts" | "events" | "profiles" | "community_groups" | "interests" | "messages" | "forum_comments" | "forum_likes" | "shortlists" | "subscriptions" | "payments" | ... 10 more ... | "forum_categories"'.
  Overload 2 of 2, '(relation: never): PostgrestQueryBuilder<{ PostgrestVersion: "12"; }, { Tables: { profiles: { Row: { id: string; user_id: string; created_at: string; updated_at: string; deleted_at: string | null; last_active: string | null; ... 78 more ...; privacy_settings: Json; }; Insert: { ...; }; Update: { ...; }; Relationships: [...]; }; ... 21 more ...; forum_categories: { ...; }; }; Views: {}; Functions: { ...; }; Enums: {}; CompositeTypes: {}; }, never, never, never>', gave the following error.
    Argument of type 'string' is not assignable to parameter of type 'never'.
src/hooks/useProfilePrivacy.ts(36,11): error TS2769: No overload matches this call.
  Overload 1 of 2, '(values: { id?: string | undefined; user_id: string; created_at?: string | undefined; updated_at?: string | undefined; deleted_at?: string | null | undefined; first_name?: string | null | undefined; ... 46 more ...; profile_completion?: number | ... 1 more ... | undefined; } | ... 21 more ... | { ...; }, options?: { ...; } | undefined): PostgrestFilterBuilder<...>', gave the following error.
    Object literal may only specify known properties, and 'reported_user_id' does not exist in type '{ id?: string | undefined; user_id: string; created_at?: string | undefined; updated_at?: string | undefined; deleted_at?: string | null | undefined; first_name?: string | null | undefined; ... 46 more ...; profile_completion?: number | ... 1 more ... | undefined; } | ... 21 more ... | { ...; }'.
  Overload 2 of 2, '(values: ({ id?: string | undefined; user_id: string; created_at?: string | undefined; updated_at?: string | undefined; deleted_at?: string | null | undefined; first_name?: string | null | undefined; ... 46 more ...; profile_completion?: number | ... 1 more ... | undefined; } | ... 21 more ... | { ...; })[], options?: { ...; } | undefined): PostgrestFilterBuilder<...>', gave the following error.
    Object literal may only specify known properties, and 'reported_user_id' does not exist in type '({ id?: string | undefined; user_id: string; created_at?: string | undefined; updated_at?: string | undefined; deleted_at?: string | null | undefined; first_name?: string | null | undefined; ... 46 more ...; profile_completion?: number | ... 1 more ... | undefined; } | ... 21 more ... | { ...; })[]'.
src/hooks/useRealTimeMessages.ts(61,19): error TS2345: Argument of type '{ id: string; sender_id: string; receiver_id: string; content: string; message_type: string; media_url: string | null; attachment_url: string | null; read_at: string | null; read: boolean; created_at: string; deleted_at: string | null; }[]' is not assignable to parameter of type 'SetStateAction<Message[]>'.
  Type '{ id: string; sender_id: string; receiver_id: string; content: string; message_type: string; media_url: string | null; attachment_url: string | null; read_at: string | null; read: boolean; created_at: string; deleted_at: string | null; }[]' is not assignable to type 'Message[]'.
    Type '{ id: string; sender_id: string; receiver_id: string; content: string; message_type: string; media_url: string | null; attachment_url: string | null; read_at: string | null; read: boolean; created_at: string; deleted_at: string | null; }' is not assignable to type 'Message'.
      Types of property 'attachment_url' are incompatible.
        Type 'string | null' is not assignable to type 'string | undefined'.
          Type 'null' is not assignable to type 'string | undefined'.
src/hooks/useSubscription.ts(27,48): error TS2551: Property 'getCurrentSubscription' does not exist on type 'PaymentsService'. Did you mean 'getSubscriptions'?
src/hooks/useSubscription.ts(28,45): error TS2551: Property 'hasActiveSubscription' does not exist on type 'PaymentsService'. Did you mean 'getActiveSubscription'?
src/hooks/useSubscription.ts(92,29): error TS2339: Property 'initiatePayment' does not exist on type 'PaymentsService'.
src/hooks/useSuccessStories.ts(11,18): error TS2430: Interface 'SuccessStory' incorrectly extends interface '{ id: string; couple_user_1: string | null; couple_user_2: string | null; title: string; story: string; wedding_date: string | null; marriage_date: string | null; images: string[]; image_url: string | null; ... 5 more ...; deleted_at: string | null; }'.
  Types of property 'title' are incompatible.
    Type 'string | undefined' is not assignable to type 'string'.
      Type 'undefined' is not assignable to type 'string'.
src/lib/api.ts(202,25): error TS2345: Argument of type 'string | null' is not assignable to parameter of type 'string'.
  Type 'null' is not assignable to type 'string'.
src/lib/api.ts(290,15): error TS2769: No overload matches this call.
  Overload 1 of 2, '(relation: "matches" | "forum_posts" | "events" | "profiles" | "community_groups" | "interests" | "messages" | "forum_comments" | "forum_likes" | "shortlists" | "subscriptions" | "payments" | ... 10 more ... | "forum_categories"): PostgrestQueryBuilder<...>', gave the following error.
    Argument of type '"profile_views"' is not assignable to parameter of type '"matches" | "forum_posts" | "events" | "profiles" | "community_groups" | "interests" | "messages" | "forum_comments" | "forum_likes" | "shortlists" | "subscriptions" | "payments" | ... 10 more ... | "forum_categories"'.
  Overload 2 of 2, '(relation: never): PostgrestQueryBuilder<{ PostgrestVersion: "12"; }, { Tables: { profiles: { Row: { id: string; user_id: string; created_at: string; updated_at: string; deleted_at: string | null; last_active: string | null; ... 78 more ...; privacy_settings: Json; }; Insert: { ...; }; Update: { ...; }; Relationships: [...]; }; ... 21 more ...; forum_categories: { ...; }; }; Views: {}; Functions: { ...; }; Enums: {}; CompositeTypes: {}; }, never, never, never>', gave the following error.
    Argument of type 'string' is not assignable to parameter of type 'never'.
src/lib/apiClient.ts(23,7): error TS7053: Element implicitly has an 'any' type because expression of type '"Authorization"' can't be used to index type '{ 'Content-Type': string; Accept: string; }'.
  Property 'Authorization' does not exist on type '{ 'Content-Type': string; Accept: string; }'.
src/lib/apiClient.ts(265,16): error TS7053: Element implicitly has an 'any' type because expression of type 'string' can't be used to index type '{ 'Content-Type': string; Accept: string; }'.
  No index signature with a parameter of type 'string' was found on type '{ 'Content-Type': string; Accept: string; }'.
src/lib/matching-algorithm.ts(103,32): error TS18048: 'profile2.education' is possibly 'undefined'.
src/lib/matching-algorithm.ts(119,25): error TS2339: Property 'city' does not exist on type 'string | LocationData'.
  Property 'city' does not exist on type 'string'.
src/lib/matching-algorithm.ts(119,51): error TS2339: Property 'city' does not exist on type 'string | LocationData'.
  Property 'city' does not exist on type 'string'.
src/lib/matching-algorithm.ts(120,25): error TS2339: Property 'city' does not exist on type 'string | LocationData'.
  Property 'city' does not exist on type 'string'.
src/lib/matching-algorithm.ts(120,66): error TS2339: Property 'city' does not exist on type 'string | LocationData'.
  Property 'city' does not exist on type 'string'.
src/lib/matching-algorithm.ts(124,30): error TS2339: Property 'state' does not exist on type 'string | LocationData'.
  Property 'state' does not exist on type 'string'.
src/lib/matching-algorithm.ts(124,57): error TS2339: Property 'state' does not exist on type 'string | LocationData'.
  Property 'state' does not exist on type 'string'.
src/lib/matching-algorithm.ts(125,30): error TS2339: Property 'state' does not exist on type 'string | LocationData'.
  Property 'state' does not exist on type 'string'.
src/lib/matching-algorithm.ts(125,72): error TS2339: Property 'state' does not exist on type 'string | LocationData'.
  Property 'state' does not exist on type 'string'.
src/lib/matching-algorithm.ts(129,30): error TS2339: Property 'country' does not exist on type 'string | LocationData'.
  Property 'country' does not exist on type 'string'.
src/lib/matching-algorithm.ts(129,59): error TS2339: Property 'country' does not exist on type 'string | LocationData'.
  Property 'country' does not exist on type 'string'.
src/lib/matching-algorithm.ts(130,30): error TS2339: Property 'country' does not exist on type 'string | LocationData'.
  Property 'country' does not exist on type 'string'.
src/lib/matching-algorithm.ts(130,74): error TS2339: Property 'country' does not exist on type 'string | LocationData'.
  Property 'country' does not exist on type 'string'.
src/lib/matching-algorithm.ts(137,56): error TS2339: Property 'city' does not exist on type 'string | LocationData'.
  Property 'city' does not exist on type 'string'.
src/lib/matching-algorithm.ts(138,56): error TS2339: Property 'state' does not exist on type 'string | LocationData'.
  Property 'state' does not exist on type 'string'.
src/lib/matching-algorithm.ts(139,56): error TS2339: Property 'country' does not exist on type 'string | LocationData'.
  Property 'country' does not exist on type 'string'.
src/pages/Admin.tsx(51,48): error TS2345: Argument of type '"suspend" | "activate"' is not assignable to parameter of type '"active" | "suspended"'.
  Type '"suspend"' is not assignable to type '"active" | "suspended"'. Did you mean '"suspended"'?
src/pages/admin/components/EventsManagementTab.tsx(76,11): error TS2353: Object literal may only specify known properties, and 'capacity' does not exist in type 'Event'.
src/pages/admin/components/EventsManagementTab.tsx(86,11): error TS2353: Object literal may only specify known properties, and 'capacity' does not exist in type 'Event'.
src/pages/admin/components/EventsManagementTab.tsx(128,38): error TS2339: Property 'event_date' does not exist on type 'EventFormData'.
src/pages/admin/components/EventsManagementTab.tsx(135,40): error TS2304: Cannot find name 'supabase'.
src/pages/Dashboard.tsx(102,62): error TS2304: Cannot find name 'useQuery'.
src/pages/Dashboard.tsx(110,23): error TS2769: No overload matches this call.
  Overload 1 of 2, '(relation: "matches" | "forum_posts" | "events" | "profiles" | "community_groups" | "interests" | "messages" | "forum_comments" | "forum_likes" | "shortlists" | "subscriptions" | "payments" | ... 10 more ... | "forum_categories"): PostgrestQueryBuilder<...>', gave the following error.
    Argument of type '"profile_views"' is not assignable to parameter of type '"matches" | "forum_posts" | "events" | "profiles" | "community_groups" | "interests" | "messages" | "forum_comments" | "forum_likes" | "shortlists" | "subscriptions" | "payments" | ... 10 more ... | "forum_categories"'.
  Overload 2 of 2, '(relation: never): PostgrestQueryBuilder<{ PostgrestVersion: "12"; }, { Tables: { profiles: { Row: { id: string; user_id: string; created_at: string; updated_at: string; deleted_at: string | null; last_active: string | null; ... 78 more ...; privacy_settings: Json; }; Insert: { ...; }; Update: { ...; }; Relationships: [...]; }; ... 21 more ...; forum_categories: { ...; }; }; Views: {}; Functions: { ...; }; Enums: {}; CompositeTypes: {}; }, never, never, never>', gave the following error.
    Argument of type 'string' is not assignable to parameter of type 'never'.
src/pages/Dashboard.tsx(166,48): error TS7006: Parameter 'p' implicitly has an 'any' type.
src/pages/Dashboard.tsx(170,42): error TS7006: Parameter 'p' implicitly has an 'any' type.
src/pages/Dashboard.tsx(174,58): error TS7006: Parameter 'p' implicitly has an 'any' type.
src/pages/EventDetails.tsx(37,9): error TS2353: Object literal may only specify known properties, and 'capacity' does not exist in type 'Event | ((prevState: Event | null) => Event | null)'.
src/pages/EventDetails.tsx(101,66): error TS2339: Property 'capacity' does not exist on type 'Event'.
src/pages/EventDetails.tsx(102,35): error TS2339: Property 'capacity' does not exist on type 'Event'.
src/pages/EventDetails.tsx(131,20): error TS2339: Property 'image_url' does not exist on type 'Event'.
src/pages/EventDetails.tsx(133,33): error TS2339: Property 'image_url' does not exist on type 'Event'.
src/pages/EventDetails.tsx(137,21): error TS2339: Property 'image_url' does not exist on type 'Event'.
src/pages/EventDetails.tsx(192,88): error TS2339: Property 'capacity' does not exist on type 'Event'.
src/pages/Events.tsx(39,11): error TS2353: Object literal may only specify known properties, and 'capacity' does not exist in type 'Event'.
src/pages/Events.tsx(50,11): error TS2353: Object literal may only specify known properties, and 'capacity' does not exist in type 'Event'.
src/pages/Events.tsx(61,11): error TS2353: Object literal may only specify known properties, and 'capacity' does not exist in type 'Event'.
src/pages/Events.tsx(147,81): error TS2339: Property 'capacity' does not exist on type 'Event'.
src/pages/Events.tsx(159,77): error TS2339: Property 'capacity' does not exist on type 'Event'.
src/pages/Matches.tsx(92,19): error TS2339: Property 'length' does not exist on type 'APIResponse<Match[]>'.
src/pages/Matches.tsx(103,35): error TS2339: Property 'filter' does not exist on type 'never[] | APIResponse<Match[]>'.
  Property 'filter' does not exist on type 'APIResponse<Match[]>'.
src/pages/Matches.tsx(148,45): error TS2339: Property 'checkSubscriptionLimits' does not exist on type 'PaymentsService'.
src/pages/Matches.tsx(160,29): error TS2339: Property 'recordActivity' does not exist on type 'PaymentsService'.
src/pages/Messages.tsx(33,19): error TS2339: Property 'filter' does not exist on type 'never[] | APIResponse<Conversation[]>'.
  Property 'filter' does not exist on type 'APIResponse<Conversation[]>'.
src/pages/Messages.tsx(33,26): error TS7006: Parameter 'conv' implicitly has an 'any' type.
src/pages/Messages.tsx(39,19): error TS2339: Property 'find' does not exist on type 'never[] | APIResponse<Conversation[]>'.
  Property 'find' does not exist on type 'APIResponse<Conversation[]>'.
src/pages/Messages.tsx(39,24): error TS7006: Parameter 'c' implicitly has an 'any' type.
src/pages/Messages.tsx(53,34): error TS2339: Property 'length' does not exist on type 'never[] | APIResponse<Conversation[]>'.
  Property 'length' does not exist on type 'APIResponse<Conversation[]>'.
src/pages/Messages.tsx(96,30): error TS2339: Property 'reduce' does not exist on type 'never[] | APIResponse<Conversation[]>'.
  Property 'reduce' does not exist on type 'APIResponse<Conversation[]>'.
src/pages/Messages.tsx(96,38): error TS7006: Parameter 'acc' implicitly has an 'any' type.
src/pages/Messages.tsx(96,43): error TS7006: Parameter 'curr' implicitly has an 'any' type.
src/pages/Messages.tsx(128,47): error TS7006: Parameter 'conversation' implicitly has an 'any' type.
src/pages/Online.tsx(162,19): error TS2739: Type 'UserProfile' is missing the following properties from type 'Profile': userId, maritalStatus, about, createdAt, isVerified
src/pages/Profile.tsx(31,5): error TS2769: No overload matches this call.
  Overload 1 of 3, '(options: DefinedInitialDataOptions<{ id: string; user_id: string; created_at: string; updated_at: string; deleted_at: string | null; last_active: string | null; last_seen_at: string | null; first_name: string | null; ... 76 more ...; privacy_settings: Json; }, Error, { ...; }, QueryKey>, queryClient?: QueryClient | undefined): DefinedUseQueryResult<...>', gave the following error.
    Type '() => Promise<{ user_id: string; full_name: string; email: string; age: number; gender: string; city: string; state: string; education: string; occupation: string; subscription_type: string; role: string; profile_picture: string; } | { ...; } | null>' is not assignable to type 'unique symbol | QueryFunction<{ id: string; user_id: string; created_at: string; updated_at: string; deleted_at: string | null; last_active: string | null; last_seen_at: string | null; first_name: string | null; ... 76 more ...; privacy_settings: Json; }, QueryKey, never> | undefined'.
      Type '() => Promise<{ user_id: string; full_name: string; email: string; age: number; gender: string; city: string; state: string; education: string; occupation: string; subscription_type: string; role: string; profile_picture: string; } | { ...; } | null>' is not assignable to type 'QueryFunction<{ id: string; user_id: string; created_at: string; updated_at: string; deleted_at: string | null; last_active: string | null; last_seen_at: string | null; first_name: string | null; ... 76 more ...; privacy_settings: Json; }, QueryKey, never>'.
        Type 'Promise<{ user_id: string; full_name: string; email: string; age: number; gender: string; city: string; state: string; education: string; occupation: string; subscription_type: string; role: string; profile_picture: string; } | { ...; } | null>' is not assignable to type '{ id: string; user_id: string; created_at: string; updated_at: string; deleted_at: string | null; last_active: string | null; last_seen_at: string | null; first_name: string | null; ... 76 more ...; privacy_settings: Json; } | Promise<...>'.
          Type 'Promise<{ user_id: string; full_name: string; email: string; age: number; gender: string; city: string; state: string; education: string; occupation: string; subscription_type: string; role: string; profile_picture: string; } | { ...; } | null>' is not assignable to type 'Promise<{ id: string; user_id: string; created_at: string; updated_at: string; deleted_at: string | null; last_active: string | null; last_seen_at: string | null; first_name: string | null; ... 76 more ...; privacy_settings: Json; }>'.
            Type '{ user_id: string; full_name: string; email: string; age: number; gender: string; city: string; state: string; education: string; occupation: string; subscription_type: string; role: string; profile_picture: string; } | { ...; } | null' is not assignable to type '{ id: string; user_id: string; created_at: string; updated_at: string; deleted_at: string | null; last_active: string | null; last_seen_at: string | null; first_name: string | null; last_name: string | null; ... 75 more ...; privacy_settings: Json; }'.
              Type 'null' is not assignable to type '{ id: string; user_id: string; created_at: string; updated_at: string; deleted_at: string | null; last_active: string | null; last_seen_at: string | null; first_name: string | null; last_name: string | null; ... 75 more ...; privacy_settings: Json; }'.
  Overload 2 of 3, '(options: UndefinedInitialDataOptions<{ id: string; user_id: string; created_at: string; updated_at: string; deleted_at: string | null; last_active: string | null; last_seen_at: string | null; first_name: string | null; ... 76 more ...; privacy_settings: Json; }, Error, { ...; }, QueryKey>, queryClient?: QueryClient | undefined): UseQueryResult<...>', gave the following error.
    Type '() => Promise<{ user_id: string; full_name: string; email: string; age: number; gender: string; city: string; state: string; education: string; occupation: string; subscription_type: string; role: string; profile_picture: string; } | { ...; } | null>' is not assignable to type 'unique symbol | QueryFunction<{ id: string; user_id: string; created_at: string; updated_at: string; deleted_at: string | null; last_active: string | null; last_seen_at: string | null; first_name: string | null; ... 76 more ...; privacy_settings: Json; }, QueryKey, never> | undefined'.
      Type '() => Promise<{ user_id: string; full_name: string; email: string; age: number; gender: string; city: string; state: string; education: string; occupation: string; subscription_type: string; role: string; profile_picture: string; } | { ...; } | null>' is not assignable to type 'QueryFunction<{ id: string; user_id: string; created_at: string; updated_at: string; deleted_at: string | null; last_active: string | null; last_seen_at: string | null; first_name: string | null; ... 76 more ...; privacy_settings: Json; }, QueryKey, never>'.
        Type 'Promise<{ user_id: string; full_name: string; email: string; age: number; gender: string; city: string; state: string; education: string; occupation: string; subscription_type: string; role: string; profile_picture: string; } | { ...; } | null>' is not assignable to type '{ id: string; user_id: string; created_at: string; updated_at: string; deleted_at: string | null; last_active: string | null; last_seen_at: string | null; first_name: string | null; ... 76 more ...; privacy_settings: Json; } | Promise<...>'.
          Type 'Promise<{ user_id: string; full_name: string; email: string; age: number; gender: string; city: string; state: string; education: string; occupation: string; subscription_type: string; role: string; profile_picture: string; } | { ...; } | null>' is not assignable to type 'Promise<{ id: string; user_id: string; created_at: string; updated_at: string; deleted_at: string | null; last_active: string | null; last_seen_at: string | null; first_name: string | null; ... 76 more ...; privacy_settings: Json; }>'.
            Type '{ user_id: string; full_name: string; email: string; age: number; gender: string; city: string; state: string; education: string; occupation: string; subscription_type: string; role: string; profile_picture: string; } | { ...; } | null' is not assignable to type '{ id: string; user_id: string; created_at: string; updated_at: string; deleted_at: string | null; last_active: string | null; last_seen_at: string | null; first_name: string | null; last_name: string | null; ... 75 more ...; privacy_settings: Json; }'.
              Type 'null' is not assignable to type '{ id: string; user_id: string; created_at: string; updated_at: string; deleted_at: string | null; last_active: string | null; last_seen_at: string | null; first_name: string | null; last_name: string | null; ... 75 more ...; privacy_settings: Json; }'.
  Overload 3 of 3, '(options: UseQueryOptions<{ id: string; user_id: string; created_at: string; updated_at: string; deleted_at: string | null; last_active: string | null; last_seen_at: string | null; first_name: string | null; ... 76 more ...; privacy_settings: Json; }, Error, { ...; }, QueryKey>, queryClient?: QueryClient | undefined): UseQueryResult<...>', gave the following error.
    Type '() => Promise<{ user_id: string; full_name: string; email: string; age: number; gender: string; city: string; state: string; education: string; occupation: string; subscription_type: string; role: string; profile_picture: string; } | { ...; } | null>' is not assignable to type 'unique symbol | QueryFunction<{ id: string; user_id: string; created_at: string; updated_at: string; deleted_at: string | null; last_active: string | null; last_seen_at: string | null; first_name: string | null; ... 76 more ...; privacy_settings: Json; }, QueryKey, never> | undefined'.
      Type '() => Promise<{ user_id: string; full_name: string; email: string; age: number; gender: string; city: string; state: string; education: string; occupation: string; subscription_type: string; role: string; profile_picture: string; } | { ...; } | null>' is not assignable to type 'QueryFunction<{ id: string; user_id: string; created_at: string; updated_at: string; deleted_at: string | null; last_active: string | null; last_seen_at: string | null; first_name: string | null; ... 76 more ...; privacy_settings: Json; }, QueryKey, never>'.
        Type 'Promise<{ user_id: string; full_name: string; email: string; age: number; gender: string; city: string; state: string; education: string; occupation: string; subscription_type: string; role: string; profile_picture: string; } | { ...; } | null>' is not assignable to type '{ id: string; user_id: string; created_at: string; updated_at: string; deleted_at: string | null; last_active: string | null; last_seen_at: string | null; first_name: string | null; ... 76 more ...; privacy_settings: Json; } | Promise<...>'.
          Type 'Promise<{ user_id: string; full_name: string; email: string; age: number; gender: string; city: string; state: string; education: string; occupation: string; subscription_type: string; role: string; profile_picture: string; } | { ...; } | null>' is not assignable to type 'Promise<{ id: string; user_id: string; created_at: string; updated_at: string; deleted_at: string | null; last_active: string | null; last_seen_at: string | null; first_name: string | null; ... 76 more ...; privacy_settings: Json; }>'.
            Type '{ user_id: string; full_name: string; email: string; age: number; gender: string; city: string; state: string; education: string; occupation: string; subscription_type: string; role: string; profile_picture: string; } | { ...; } | null' is not assignable to type '{ id: string; user_id: string; created_at: string; updated_at: string; deleted_at: string | null; last_active: string | null; last_seen_at: string | null; first_name: string | null; last_name: string | null; ... 75 more ...; privacy_settings: Json; }'.
              Type 'null' is not assignable to type '{ id: string; user_id: string; created_at: string; updated_at: string; deleted_at: string | null; last_active: string | null; last_seen_at: string | null; first_name: string | null; last_name: string | null; ... 75 more ...; privacy_settings: Json; }'.
src/pages/Profile.tsx(102,44): error TS2339: Property 'name' does not exist on type 'NonNullable<TQueryFnData>'.
src/pages/Profile.tsx(105,47): error TS2339: Property 'user_id' does not exist on type 'NonNullable<TQueryFnData>'.
src/pages/Profile.tsx(105,66): error TS2339: Property 'id' does not exist on type 'NonNullable<TQueryFnData>'.
src/pages/Profile.tsx(108,35): error TS2339: Property 'id' does not exist on type 'NonNullable<TQueryFnData>'.
src/pages/Profile.tsx(108,49): error TS2339: Property 'user_id' does not exist on type 'NonNullable<TQueryFnData>'.
src/pages/Profile.tsx(111,41): error TS2339: Property 'id' does not exist on type 'NonNullable<TQueryFnData>'.
src/pages/Profile.tsx(111,55): error TS2339: Property 'user_id' does not exist on type 'NonNullable<TQueryFnData>'.
src/pages/ResetPassword.tsx(29,7): error TS2349: This expression is not callable.
  Type 'String' has no call signatures.
src/pages/Schedule.tsx(58,15): error TS2322: Type 'Profile[]' is not assignable to type 'import("D:/brahminsoul/brahminsoul/New folder/brahmin-soulmate-connect-main/src/types/profile").Profile[]'.
  Type 'Profile' is missing the following properties from type 'Profile': id, userId, name, age, and 11 more.
src/pages/Schedule.tsx(66,13): error TS2322: Type 'Profile[]' is not assignable to type 'import("D:/brahminsoul/brahminsoul/New folder/brahmin-soulmate-connect-main/src/types/profile").Profile[]'.
  Type 'Profile' is missing the following properties from type 'Profile': id, userId, name, age, and 11 more.
src/pages/Schedule.tsx(72,13): error TS2322: Type 'Dispatch<SetStateAction<Date | null>>' is not assignable to type '(date: Date | undefined) => void'.
  Types of parameters 'value' and 'date' are incompatible.
    Type 'Date | undefined' is not assignable to type 'SetStateAction<Date | null>'.
      Type 'undefined' is not assignable to type 'SetStateAction<Date | null>'.
src/pages/Schedule.tsx(81,13): error TS2322: Type 'Profile[]' is not assignable to type 'import("D:/brahminsoul/brahminsoul/New folder/brahmin-soulmate-connect-main/src/types/profile").Profile[]'.
  Type 'Profile' is missing the following properties from type 'Profile': id, userId, name, age, and 11 more.
src/pages/Schedule.tsx(88,13): error TS2322: Type 'Profile[]' is not assignable to type 'import("D:/brahminsoul/brahminsoul/New folder/brahmin-soulmate-connect-main/src/types/profile").Profile[]'.
  Type 'Profile' is missing the following properties from type 'Profile': id, userId, name, age, and 11 more.
src/pages/SuccessStories.tsx(26,11): error TS2561: Object literal may only specify known properties, but 'user_id_1' does not exist in type 'SuccessStory'. Did you mean to write 'user1_id'?
src/pages/SuccessStories.tsx(39,11): error TS2561: Object literal may only specify known properties, but 'user_id_1' does not exist in type 'SuccessStory'. Did you mean to write 'user1_id'?
src/pages/SuccessStories.tsx(52,11): error TS2561: Object literal may only specify known properties, but 'user_id_1' does not exist in type 'SuccessStory'. Did you mean to write 'user1_id'?
src/pages/VDates.tsx(68,45): error TS2339: Property 'getConnectedUsers' does not exist on type 'VDatesService'.
src/pages/VDates.tsx(72,44): error TS2339: Property 'getUpcomingVDates' does not exist on type 'VDatesService'.
src/pages/VDates.tsx(77,30): error TS2339: Property 'filter' does not exist on type 'APIResponse<VDate[]>'.
src/pages/VDates.tsx(77,37): error TS7006: Parameter 'v' implicitly has an 'any' type.
src/pages/VDates.tsx(131,57): error TS2339: Property 'joinVDate' does not exist on type 'VDatesService'.
src/pages/VDates.tsx(151,29): error TS2339: Property 'completeVDate' does not exist on type 'VDatesService'.
src/pages/VDates.tsx(178,27): error TS2554: Expected 3 arguments, but got 2.
src/pages/VDates.tsx(203,27): error TS2339: Property 'cancelVDate' does not exist on type 'VDatesService'.
src/pages/VDates.tsx(221,15): error TS2339: Property 'user_id_1' does not exist on type 'VDate'.
src/pages/VDates.tsx(235,37): error TS2339: Property 'full_name' does not exist on type '{ user_id: string; first_name?: string | undefined; last_name?: string | undefined; display_name?: string | undefined; profile_picture_url?: string | undefined; }'.
src/pages/VDates.tsx(263,33): error TS2339: Property 'profile_photo_url' does not exist on type '{ user_id: string; first_name?: string | undefined; last_name?: string | undefined; display_name?: string | undefined; profile_picture_url?: string | undefined; }'.
src/pages/VDates.tsx(264,33): error TS2339: Property 'full_name' does not exist on type '{ user_id: string; first_name?: string | undefined; last_name?: string | undefined; display_name?: string | undefined; profile_picture_url?: string | undefined; }'.
src/pages/VDates.tsx(267,54): error TS2339: Property 'full_name' does not exist on type '{ user_id: string; first_name?: string | undefined; last_name?: string | undefined; display_name?: string | undefined; profile_picture_url?: string | undefined; }'.
src/pages/VDates.tsx(439,52): error TS2769: No overload matches this call.
  Overload 1 of 4, '(value: string | number | Date): Date', gave the following error.
    Argument of type 'string | undefined' is not assignable to parameter of type 'string | number | Date'.
      Type 'undefined' is not assignable to type 'string | number | Date'.
  Overload 2 of 4, '(value: string | number): Date', gave the following error.
    Argument of type 'string | undefined' is not assignable to parameter of type 'string | number'.
      Type 'undefined' is not assignable to type 'string | number'.
src/pages/VDates.tsx(442,80): error TS2339: Property 'duration' does not exist on type 'VDate'.
src/pages/VDates.tsx(447,43): error TS2339: Property 'profile_photo_url' does not exist on type '{ user_id: string; first_name?: string | undefined; last_name?: string | undefined; display_name?: string | undefined; profile_picture_url?: string | undefined; }'.
src/pages/VDates.tsx(448,43): error TS2339: Property 'full_name' does not exist on type '{ user_id: string; first_name?: string | undefined; last_name?: string | undefined; display_name?: string | undefined; profile_picture_url?: string | undefined; }'.
src/pages/VDates.tsx(452,69): error TS2339: Property 'full_name' does not exist on type '{ user_id: string; first_name?: string | undefined; last_name?: string | undefined; display_name?: string | undefined; profile_picture_url?: string | undefined; }'.
src/pages/VDates.tsx(454,157): error TS2339: Property 'duration' does not exist on type 'VDate'.
src/pages/VDates.tsx(515,52): error TS2769: No overload matches this call.
  Overload 1 of 4, '(value: string | number | Date): Date', gave the following error.
    Argument of type 'string | undefined' is not assignable to parameter of type 'string | number | Date'.
      Type 'undefined' is not assignable to type 'string | number | Date'.
  Overload 2 of 4, '(value: string | number): Date', gave the following error.
    Argument of type 'string | undefined' is not assignable to parameter of type 'string | number'.
      Type 'undefined' is not assignable to type 'string | number'.
src/pages/VDates.tsx(533,43): error TS2339: Property 'profile_photo_url' does not exist on type '{ user_id: string; first_name?: string | undefined; last_name?: string | undefined; display_name?: string | undefined; profile_picture_url?: string | undefined; }'.
src/pages/VDates.tsx(534,43): error TS2339: Property 'full_name' does not exist on type '{ user_id: string; first_name?: string | undefined; last_name?: string | undefined; display_name?: string | undefined; profile_picture_url?: string | undefined; }'.
src/pages/VDates.tsx(538,69): error TS2339: Property 'full_name' does not exist on type '{ user_id: string; first_name?: string | undefined; last_name?: string | undefined; display_name?: string | undefined; profile_picture_url?: string | undefined; }'.
src/pages/VDates.tsx(540,75): error TS2339: Property 'duration' does not exist on type 'VDate'.
src/pages/YouViewed.tsx(189,15): error TS2769: No overload matches this call.
  Overload 1 of 2, '(relation: "matches" | "forum_posts" | "events" | "profiles" | "community_groups" | "interests" | "messages" | "forum_comments" | "forum_likes" | "shortlists" | "subscriptions" | "payments" | ... 10 more ... | "forum_categories"): PostgrestQueryBuilder<...>', gave the following error.
    Argument of type '"profile_views"' is not assignable to parameter of type '"matches" | "forum_posts" | "events" | "profiles" | "community_groups" | "interests" | "messages" | "forum_comments" | "forum_likes" | "shortlists" | "subscriptions" | "payments" | ... 10 more ... | "forum_categories"'.
  Overload 2 of 2, '(relation: never): PostgrestQueryBuilder<{ PostgrestVersion: "12"; }, { Tables: { profiles: { Row: { id: string; user_id: string; created_at: string; updated_at: string; deleted_at: string | null; last_active: string | null; ... 78 more ...; privacy_settings: Json; }; Insert: { ...; }; Update: { ...; }; Relationships: [...]; }; ... 21 more ...; forum_categories: { ...; }; }; Views: {}; Functions: { ...; }; Enums: {}; CompositeTypes: {}; }, never, never, never>', gave the following error.
    Argument of type 'string' is not assignable to parameter of type 'never'.
src/pages/YouViewed.tsx(191,26): error TS2345: Argument of type 'string | undefined' is not assignable to parameter of type '{}'.
  Type 'undefined' is not assignable to type '{}'.
src/services/analyticsService.ts(173,38): error TS2769: No overload matches this call.
  Overload 1 of 2, '(relation: "matches" | "forum_posts" | "events" | "profiles" | "community_groups" | "interests" | "messages" | "forum_comments" | "forum_likes" | "shortlists" | "subscriptions" | "payments" | ... 10 more ... | "forum_categories"): PostgrestQueryBuilder<...>', gave the following error.
    Argument of type '"user_behavior"' is not assignable to parameter of type '"matches" | "forum_posts" | "events" | "profiles" | "community_groups" | "interests" | "messages" | "forum_comments" | "forum_likes" | "shortlists" | "subscriptions" | "payments" | ... 10 more ... | "forum_categories"'.
  Overload 2 of 2, '(relation: never): PostgrestQueryBuilder<{ PostgrestVersion: "12"; }, { Tables: { profiles: { Row: { id: string; user_id: string; created_at: string; updated_at: string; deleted_at: string | null; last_active: string | null; ... 78 more ...; privacy_settings: Json; }; Insert: { ...; }; Update: { ...; }; Relationships: [...]; }; ... 21 more ...; forum_categories: { ...; }; }; Views: {}; Functions: { ...; }; Enums: {}; CompositeTypes: {}; }, never, never, never>', gave the following error.
    Argument of type 'string' is not assignable to parameter of type 'never'.
src/services/analyticsService.ts(191,38): error TS2769: No overload matches this call.
  Overload 1 of 2, '(relation: "matches" | "forum_posts" | "events" | "profiles" | "community_groups" | "interests" | "messages" | "forum_comments" | "forum_likes" | "shortlists" | "subscriptions" | "payments" | ... 10 more ... | "forum_categories"): PostgrestQueryBuilder<...>', gave the following error.
    Argument of type '"conversion_funnel"' is not assignable to parameter of type '"matches" | "forum_posts" | "events" | "profiles" | "community_groups" | "interests" | "messages" | "forum_comments" | "forum_likes" | "shortlists" | "subscriptions" | "payments" | ... 10 more ... | "forum_categories"'.
  Overload 2 of 2, '(relation: never): PostgrestQueryBuilder<{ PostgrestVersion: "12"; }, { Tables: { profiles: { Row: { id: string; user_id: string; created_at: string; updated_at: string; deleted_at: string | null; last_active: string | null; ... 78 more ...; privacy_settings: Json; }; Insert: { ...; }; Update: { ...; }; Relationships: [...]; }; ... 21 more ...; forum_categories: { ...; }; }; Views: {}; Functions: { ...; }; Enums: {}; CompositeTypes: {}; }, never, never, never>', gave the following error.
    Argument of type 'string' is not assignable to parameter of type 'never'.
src/services/analyticsService.ts(416,36): error TS2339: Property 'supabase' does not exist on type 'AnalyticsService'.
src/services/api/auth.service.ts(72,10): error TS2769: No overload matches this call.
  Overload 1 of 2, '(values: { id?: string | undefined; user_id: string; created_at?: string | undefined; updated_at?: string | undefined; deleted_at?: string | null | undefined; first_name?: string | null | undefined; ... 46 more ...; profile_completion?: number | ... 1 more ... | undefined; }, options?: { ...; } | undefined): PostgrestFilterBuilder<...>', gave the following error.
    Argument of type '{ user_id: string; name: string; first_name: string; last_name: string; email: string; }' is not assignable to parameter of type '{ id?: string | undefined; user_id: string; created_at?: string | undefined; updated_at?: string | undefined; deleted_at?: string | null | undefined; first_name?: string | null | undefined; ... 46 more ...; profile_completion?: number | ... 1 more ... | undefined; }'.
      Property 'gender' is missing in type '{ user_id: string; name: string; first_name: string; last_name: string; email: string; }' but required in type '{ id?: string | undefined; user_id: string; created_at?: string | undefined; updated_at?: string | undefined; deleted_at?: string | null | undefined; first_name?: string | null | undefined; ... 46 more ...; profile_completion?: number | ... 1 more ... | undefined; }'.
  Overload 2 of 2, '(values: { id?: string | undefined; user_id: string; created_at?: string | undefined; updated_at?: string | undefined; deleted_at?: string | null | undefined; first_name?: string | null | undefined; ... 46 more ...; profile_completion?: number | ... 1 more ... | undefined; }[], options?: { ...; } | undefined): PostgrestFilterBuilder<...>', gave the following error.
    Object literal may only specify known properties, and 'user_id' does not exist in type '{ id?: string | undefined; user_id: string; created_at?: string | undefined; updated_at?: string | undefined; deleted_at?: string | null | undefined; first_name?: string | null | undefined; ... 46 more ...; profile_completion?: number | ... 1 more ... | undefined; }[]'.
